<?xml version="1.0" encoding="ISO-8859-1" ?>
<link_info>
   <banner>TI ARM Linker PC v20.2.7.LTS</banner>
   <copyright>Copyright (c) 1996-2018 Texas Instruments Incorporated</copyright>
   <link_time>0x647d4113</link_time>
   <link_errors>0x0</link_errors>
   <output_file>Module 5 Milestone.out</output_file>
   <entry_point>
      <name>resetISR</name>
      <address>0x2000e91d</address>
   </entry_point>
   <input_file_list>
      <input_file id="fl-2">
         <path>.\</path>
         <kind>object</kind>
         <file>gpiointerrupt.obj</file>
         <name>gpiointerrupt.obj</name>
      </input_file>
      <input_file id="fl-3">
         <path>.\syscfg\</path>
         <kind>object</kind>
         <file>ti_drivers_config.obj</file>
         <name>ti_drivers_config.obj</name>
      </input_file>
      <input_file id="fl-4">
         <path>.\</path>
         <kind>object</kind>
         <file>main_nortos.obj</file>
         <name>main_nortos.obj</name>
      </input_file>
      <input_file id="fl-d">
         <kind>object</kind>
         <file>&lt;internal&gt;</file>
         <name>&lt;internal&gt;</name>
      </input_file>
      <input_file id="fl-e">
         <path>C:\ti\simplelink_cc32xx_sdk_5_20_00_06\source\ti\drivers\lib\ccs\m4\</path>
         <kind>archive</kind>
         <file>drivers_cc32xx.a</file>
         <name>Timer.oem4</name>
      </input_file>
      <input_file id="fl-f">
         <path>C:\ti\simplelink_cc32xx_sdk_5_20_00_06\source\ti\drivers\lib\ccs\m4\</path>
         <kind>archive</kind>
         <file>drivers_cc32xx.a</file>
         <name>GPIOCC32XX.oem4</name>
      </input_file>
      <input_file id="fl-10">
         <path>C:\ti\simplelink_cc32xx_sdk_5_20_00_06\source\ti\drivers\lib\ccs\m4\</path>
         <kind>archive</kind>
         <file>drivers_cc32xx.a</file>
         <name>PowerCC32XX.oem4</name>
      </input_file>
      <input_file id="fl-11">
         <path>C:\ti\simplelink_cc32xx_sdk_5_20_00_06\source\ti\drivers\lib\ccs\m4\</path>
         <kind>archive</kind>
         <file>drivers_cc32xx.a</file>
         <name>PowerCC32XX_asm.oem4</name>
      </input_file>
      <input_file id="fl-12">
         <path>C:\ti\simplelink_cc32xx_sdk_5_20_00_06\source\ti\drivers\lib\ccs\m4\</path>
         <kind>archive</kind>
         <file>drivers_cc32xx.a</file>
         <name>TimerCC32XX.oem4</name>
      </input_file>
      <input_file id="fl-13">
         <path>C:\ti\simplelink_cc32xx_sdk_5_20_00_06\source\ti\drivers\lib\ccs\m4\</path>
         <kind>archive</kind>
         <file>drivers_cc32xx.a</file>
         <name>List.oem4</name>
      </input_file>
      <input_file id="fl-14">
         <path>C:\ti\simplelink_cc32xx_sdk_5_20_00_06\kernel\nortos\lib\ccs\m4\</path>
         <kind>archive</kind>
         <file>nortos_cc32xx.a</file>
         <name>NoRTOS.oem4</name>
      </input_file>
      <input_file id="fl-15">
         <path>C:\ti\simplelink_cc32xx_sdk_5_20_00_06\kernel\nortos\lib\ccs\m4\</path>
         <kind>archive</kind>
         <file>nortos_cc32xx.a</file>
         <name>SemaphoreP_nortos.oem4</name>
      </input_file>
      <input_file id="fl-16">
         <path>C:\ti\simplelink_cc32xx_sdk_5_20_00_06\kernel\nortos\lib\ccs\m4\</path>
         <kind>archive</kind>
         <file>nortos_cc32xx.a</file>
         <name>ClockPSysTick_nortos.oem4</name>
      </input_file>
      <input_file id="fl-17">
         <path>C:\ti\simplelink_cc32xx_sdk_5_20_00_06\kernel\nortos\lib\ccs\m4\</path>
         <kind>archive</kind>
         <file>nortos_cc32xx.a</file>
         <name>HwiPCC32XX_nortos.oem4</name>
      </input_file>
      <input_file id="fl-18">
         <path>C:\ti\simplelink_cc32xx_sdk_5_20_00_06\kernel\nortos\lib\ccs\m4\</path>
         <kind>archive</kind>
         <file>nortos_cc32xx.a</file>
         <name>PowerCC32XX_nortos.oem4</name>
      </input_file>
      <input_file id="fl-19">
         <path>C:\ti\simplelink_cc32xx_sdk_5_20_00_06\kernel\nortos\lib\ccs\m4\</path>
         <kind>archive</kind>
         <file>nortos_cc32xx.a</file>
         <name>startup_cc32xx_ccs.oem4</name>
      </input_file>
      <input_file id="fl-1a">
         <path>C:\ti\simplelink_cc32xx_sdk_5_20_00_06\kernel\nortos\lib\ccs\m4\</path>
         <kind>archive</kind>
         <file>nortos_cc32xx.a</file>
         <name>SwiP_nortos.oem4</name>
      </input_file>
      <input_file id="fl-1b">
         <path>C:\ti\simplelink_cc32xx_sdk_5_20_00_06\kernel\nortos\lib\ccs\m4\</path>
         <kind>archive</kind>
         <file>nortos_cc32xx.a</file>
         <name>QueueP_nortos.oem4</name>
      </input_file>
      <input_file id="fl-1c">
         <path>C:\ti\simplelink_cc32xx_sdk_5_20_00_06\source\ti\devices\cc32xx\driverlib\ccs\Release\</path>
         <kind>archive</kind>
         <file>driverlib.a</file>
         <name>cpu.obj</name>
      </input_file>
      <input_file id="fl-1d">
         <path>C:\ti\simplelink_cc32xx_sdk_5_20_00_06\source\ti\devices\cc32xx\driverlib\ccs\Release\</path>
         <kind>archive</kind>
         <file>driverlib.a</file>
         <name>interrupt.obj</name>
      </input_file>
      <input_file id="fl-1e">
         <path>C:\ti\simplelink_cc32xx_sdk_5_20_00_06\source\ti\devices\cc32xx\driverlib\ccs\Release\</path>
         <kind>archive</kind>
         <file>driverlib.a</file>
         <name>pin.obj</name>
      </input_file>
      <input_file id="fl-1f">
         <path>C:\ti\simplelink_cc32xx_sdk_5_20_00_06\source\ti\devices\cc32xx\driverlib\ccs\Release\</path>
         <kind>archive</kind>
         <file>driverlib.a</file>
         <name>prcm.obj</name>
      </input_file>
      <input_file id="fl-20">
         <path>C:\ti\simplelink_cc32xx_sdk_5_20_00_06\source\ti\devices\cc32xx\driverlib\ccs\Release\</path>
         <kind>archive</kind>
         <file>driverlib.a</file>
         <name>timer.obj</name>
      </input_file>
      <input_file id="fl-21">
         <path>C:\ti\simplelink_cc32xx_sdk_5_20_00_06\source\ti\devices\cc32xx\driverlib\ccs\Release\</path>
         <kind>archive</kind>
         <file>driverlib.a</file>
         <name>utils.obj</name>
      </input_file>
      <input_file id="fl-22">
         <path>C:\ti\simplelink_cc32xx_sdk_5_20_00_06\source\ti\devices\cc32xx\driverlib\ccs\Release\</path>
         <kind>archive</kind>
         <file>driverlib.a</file>
         <name>flash.obj</name>
      </input_file>
      <input_file id="fl-d8">
         <path>C:\ti\ccs1230\ccs\tools\compiler\ti-cgt-arm_20.2.7.LTS\lib\</path>
         <kind>archive</kind>
         <file>rtsv7M4_T_le_eabi.lib</file>
         <name>ll_mul_t2.asm.obj</name>
      </input_file>
      <input_file id="fl-d9">
         <path>C:\ti\ccs1230\ccs\tools\compiler\ti-cgt-arm_20.2.7.LTS\lib\</path>
         <kind>archive</kind>
         <file>rtsv7M4_T_le_eabi.lib</file>
         <name>memcpy_t2.asm.obj</name>
      </input_file>
      <input_file id="fl-da">
         <path>C:\ti\ccs1230\ccs\tools\compiler\ti-cgt-arm_20.2.7.LTS\lib\</path>
         <kind>archive</kind>
         <file>rtsv7M4_T_le_eabi.lib</file>
         <name>ull_div_t2.asm.obj</name>
      </input_file>
      <input_file id="fl-db">
         <path>C:\ti\ccs1230\ccs\tools\compiler\ti-cgt-arm_20.2.7.LTS\lib\</path>
         <kind>archive</kind>
         <file>rtsv7M4_T_le_eabi.lib</file>
         <name>copy_zero_init.c.obj</name>
      </input_file>
      <input_file id="fl-dc">
         <path>C:\ti\ccs1230\ccs\tools\compiler\ti-cgt-arm_20.2.7.LTS\lib\</path>
         <kind>archive</kind>
         <file>rtsv7M4_T_le_eabi.lib</file>
         <name>copy_decompress_none.c.obj</name>
      </input_file>
      <input_file id="fl-dd">
         <path>C:\ti\ccs1230\ccs\tools\compiler\ti-cgt-arm_20.2.7.LTS\lib\</path>
         <kind>archive</kind>
         <file>rtsv7M4_T_le_eabi.lib</file>
         <name>copy_decompress_lzss.c.obj</name>
      </input_file>
      <input_file id="fl-de">
         <path>C:\ti\ccs1230\ccs\tools\compiler\ti-cgt-arm_20.2.7.LTS\lib\</path>
         <kind>archive</kind>
         <file>rtsv7M4_T_le_eabi.lib</file>
         <name>memory.c.obj</name>
      </input_file>
      <input_file id="fl-df">
         <path>C:\ti\ccs1230\ccs\tools\compiler\ti-cgt-arm_20.2.7.LTS\lib\</path>
         <kind>archive</kind>
         <file>rtsv7M4_T_le_eabi.lib</file>
         <name>boot_cortex_m.c.obj</name>
      </input_file>
      <input_file id="fl-e0">
         <path>C:\ti\ccs1230\ccs\tools\compiler\ti-cgt-arm_20.2.7.LTS\lib\</path>
         <kind>archive</kind>
         <file>rtsv7M4_T_le_eabi.lib</file>
         <name>div0.asm.obj</name>
      </input_file>
      <input_file id="fl-e1">
         <path>C:\ti\ccs1230\ccs\tools\compiler\ti-cgt-arm_20.2.7.LTS\lib\</path>
         <kind>archive</kind>
         <file>rtsv7M4_T_le_eabi.lib</file>
         <name>memset_t2.asm.obj</name>
      </input_file>
      <input_file id="fl-e2">
         <path>C:\ti\ccs1230\ccs\tools\compiler\ti-cgt-arm_20.2.7.LTS\lib\</path>
         <kind>archive</kind>
         <file>rtsv7M4_T_le_eabi.lib</file>
         <name>autoinit.c.obj</name>
      </input_file>
      <input_file id="fl-e3">
         <path>C:\ti\ccs1230\ccs\tools\compiler\ti-cgt-arm_20.2.7.LTS\lib\</path>
         <kind>archive</kind>
         <file>rtsv7M4_T_le_eabi.lib</file>
         <name>pre_init.c.obj</name>
      </input_file>
      <input_file id="fl-e4">
         <path>C:\ti\ccs1230\ccs\tools\compiler\ti-cgt-arm_20.2.7.LTS\lib\</path>
         <kind>archive</kind>
         <file>rtsv7M4_T_le_eabi.lib</file>
         <name>cpy_tbl.c.obj</name>
      </input_file>
      <input_file id="fl-e5">
         <path>C:\ti\ccs1230\ccs\tools\compiler\ti-cgt-arm_20.2.7.LTS\lib\</path>
         <kind>archive</kind>
         <file>rtsv7M4_T_le_eabi.lib</file>
         <name>exit.c.obj</name>
      </input_file>
      <input_file id="fl-e6">
         <path>C:\ti\ccs1230\ccs\tools\compiler\ti-cgt-arm_20.2.7.LTS\lib\</path>
         <kind>archive</kind>
         <file>rtsv7M4_T_le_eabi.lib</file>
         <name>_lock.c.obj</name>
      </input_file>
      <input_file id="fl-e7">
         <path>C:\ti\ccs1230\ccs\tools\compiler\ti-cgt-arm_20.2.7.LTS\lib\</path>
         <kind>archive</kind>
         <file>rtsv7M4_T_le_eabi.lib</file>
         <name>args_main.c.obj</name>
      </input_file>
   </input_file_list>
   <object_component_list>
      <object_component id="oc-1c2">
         <name>.text:PRCMCC3200MCUInit</name>
         <load_address>0x2000c040</load_address>
         <run_address>0x2000c040</run_address>
         <size>0x42c</size>
         <input_file_ref idref="fl-1f"/>
      </object_component>
      <object_component id="oc-1e2">
         <name>.text:GPIO_setConfig</name>
         <load_address>0x2000c46c</load_address>
         <run_address>0x2000c46c</run_address>
         <size>0x1e4</size>
         <input_file_ref idref="fl-f"/>
      </object_component>
      <object_component id="oc-348">
         <name>.text:PowerCC32XX_sleepPolicy</name>
         <load_address>0x2000c650</load_address>
         <run_address>0x2000c650</run_address>
         <size>0x19c</size>
         <input_file_ref idref="fl-18"/>
      </object_component>
      <object_component id="oc-5a7">
         <name>.text:parkPins</name>
         <load_address>0x2000c7ec</load_address>
         <run_address>0x2000c7ec</run_address>
         <size>0x148</size>
         <input_file_ref idref="fl-10"/>
      </object_component>
      <object_component id="oc-48f">
         <name>.text:Power_sleep</name>
         <load_address>0x2000c934</load_address>
         <run_address>0x2000c934</run_address>
         <size>0x138</size>
         <input_file_ref idref="fl-10"/>
      </object_component>
      <object_component id="oc-2b9">
         <name>.text:Timer_open</name>
         <load_address>0x2000ca6c</load_address>
         <run_address>0x2000ca6c</run_address>
         <size>0x138</size>
         <input_file_ref idref="fl-12"/>
      </object_component>
      <object_component id="oc-570">
         <name>.text:aligned_alloc</name>
         <load_address>0x2000cba4</load_address>
         <run_address>0x2000cba4</run_address>
         <size>0x100</size>
         <input_file_ref idref="fl-de"/>
      </object_component>
      <object_component id="oc-366">
         <name>.text:free</name>
         <load_address>0x2000cca4</load_address>
         <run_address>0x2000cca4</run_address>
         <size>0xe4</size>
         <input_file_ref idref="fl-de"/>
      </object_component>
      <object_component id="oc-1d6">
         <name>.text:GPIO_init</name>
         <load_address>0x2000cd88</load_address>
         <run_address>0x2000cd88</run_address>
         <size>0xc4</size>
         <input_file_ref idref="fl-f"/>
      </object_component>
      <object_component id="oc-5c4">
         <name>.text:restoreParkedPins</name>
         <load_address>0x2000ce4c</load_address>
         <run_address>0x2000ce4c</run_address>
         <size>0xc0</size>
         <input_file_ref idref="fl-10"/>
      </object_component>
      <object_component id="oc-b5">
         <name>.text:IntEnable</name>
         <load_address>0x2000cf0c</load_address>
         <run_address>0x2000cf0c</run_address>
         <size>0xa8</size>
         <input_file_ref idref="fl-1d"/>
      </object_component>
      <object_component id="oc-261">
         <name>.text:PowerCC32XX_configureWakeup</name>
         <load_address>0x2000cfb4</load_address>
         <run_address>0x2000cfb4</run_address>
         <size>0xa8</size>
         <input_file_ref idref="fl-10"/>
      </object_component>
      <object_component id="oc-287">
         <name>.text:SemaphoreP_pend</name>
         <load_address>0x2000d05c</load_address>
         <run_address>0x2000d05c</run_address>
         <size>0xa0</size>
         <input_file_ref idref="fl-15"/>
      </object_component>
      <object_component id="oc-3b">
         <name>.text</name>
         <load_address>0x2000d0fc</load_address>
         <run_address>0x2000d0fc</run_address>
         <size>0x9c</size>
         <input_file_ref idref="fl-d9"/>
      </object_component>
      <object_component id="oc-2a3">
         <name>.text:powerNotifyFxn</name>
         <load_address>0x2000d198</load_address>
         <run_address>0x2000d198</run_address>
         <size>0x98</size>
         <input_file_ref idref="fl-f"/>
      </object_component>
      <object_component id="oc-48a">
         <name>.text</name>
         <load_address>0x2000d230</load_address>
         <run_address>0x2000d230</run_address>
         <size>0x96</size>
         <input_file_ref idref="fl-da"/>
      </object_component>
      <object_component id="oc-1ce">
         <name>.text:Board_initHook</name>
         <load_address>0x2000d2c6</load_address>
         <run_address>0x2000d2c6</run_address>
         <size>0x2</size>
         <input_file_ref idref="fl-3"/>
      </object_component>
      <object_component id="oc-5b8">
         <name>.text:restoreNVICRegs</name>
         <load_address>0x2000d2c8</load_address>
         <run_address>0x2000d2c8</run_address>
         <size>0x90</size>
         <input_file_ref idref="fl-10"/>
      </object_component>
      <object_component id="oc-2c5">
         <name>.text:timerCallback</name>
         <load_address>0x2000d358</load_address>
         <run_address>0x2000d358</run_address>
         <size>0x90</size>
         <input_file_ref idref="fl-2"/>
      </object_component>
      <object_component id="oc-41f">
         <name>.text:HwiP_construct</name>
         <load_address>0x2000d3e8</load_address>
         <run_address>0x2000d3e8</run_address>
         <size>0x8c</size>
         <input_file_ref idref="fl-17"/>
      </object_component>
      <object_component id="oc-67b">
         <name>.text:IntPendSet</name>
         <load_address>0x2000d474</load_address>
         <run_address>0x2000d474</run_address>
         <size>0x88</size>
         <input_file_ref idref="fl-1d"/>
      </object_component>
      <object_component id="oc-2cc">
         <name>.text:PinConfigSet</name>
         <load_address>0x2000d4fc</load_address>
         <run_address>0x2000d4fc</run_address>
         <size>0x88</size>
         <input_file_ref idref="fl-1e"/>
      </object_component>
      <object_component id="oc-1c8">
         <name>.text:Power_init</name>
         <load_address>0x2000d584</load_address>
         <run_address>0x2000d584</run_address>
         <size>0x84</size>
         <input_file_ref idref="fl-10"/>
      </object_component>
      <object_component id="oc-5ad">
         <name>.text:saveNVICRegs</name>
         <load_address>0x2000d608</load_address>
         <run_address>0x2000d608</run_address>
         <size>0x84</size>
         <input_file_ref idref="fl-10"/>
      </object_component>
      <object_component id="oc-2d2">
         <name>.text:Power_setDependency</name>
         <load_address>0x2000d68c</load_address>
         <run_address>0x2000d68c</run_address>
         <size>0x80</size>
         <input_file_ref idref="fl-10"/>
      </object_component>
      <object_component id="oc-15f">
         <name>.text:mainThread</name>
         <load_address>0x2000d70c</load_address>
         <run_address>0x2000d70c</run_address>
         <size>0x7c</size>
         <input_file_ref idref="fl-2"/>
      </object_component>
      <object_component id="oc-2f6">
         <name>.text:GPIO_hwiIntFxn</name>
         <load_address>0x2000d788</load_address>
         <run_address>0x2000d788</run_address>
         <size>0x78</size>
         <input_file_ref idref="fl-f"/>
      </object_component>
      <object_component id="oc-623">
         <name>.text:split</name>
         <load_address>0x2000d800</load_address>
         <run_address>0x2000d800</run_address>
         <size>0x70</size>
         <input_file_ref idref="fl-de"/>
      </object_component>
      <object_component id="oc-14">
         <name>.text:decompress:lzss:__TI_decompress_lzss</name>
         <load_address>0x2000d870</load_address>
         <run_address>0x2000d870</run_address>
         <size>0x68</size>
         <input_file_ref idref="fl-dd"/>
      </object_component>
      <object_component id="oc-3b5">
         <name>.text:PowerCC32XX_setParkState</name>
         <load_address>0x2000d8d8</load_address>
         <run_address>0x2000d8d8</run_address>
         <size>0x64</size>
         <input_file_ref idref="fl-10"/>
      </object_component>
      <object_component id="oc-22f">
         <name>.text:PRCMSysResetCauseGet</name>
         <load_address>0x2000d93c</load_address>
         <run_address>0x2000d93c</run_address>
         <size>0x60</size>
         <input_file_ref idref="fl-1f"/>
      </object_component>
      <object_component id="oc-1ee">
         <name>.text:GPIO_setCallback</name>
         <load_address>0x2000d99c</load_address>
         <run_address>0x2000d99c</run_address>
         <size>0x5c</size>
         <input_file_ref idref="fl-f"/>
      </object_component>
      <object_component id="oc-63b">
         <name>.text:sysTickInit</name>
         <load_address>0x2000d9f8</load_address>
         <run_address>0x2000d9f8</run_address>
         <size>0x5c</size>
         <input_file_ref idref="fl-16"/>
      </object_component>
      <object_component id="oc-1e8">
         <name>.text:GPIO_write</name>
         <load_address>0x2000da54</load_address>
         <run_address>0x2000da54</run_address>
         <size>0x58</size>
         <input_file_ref idref="fl-f"/>
      </object_component>
      <object_component id="oc-248">
         <name>.text:PRCMPeripheralReset</name>
         <load_address>0x2000daac</load_address>
         <run_address>0x2000daac</run_address>
         <size>0x58</size>
         <input_file_ref idref="fl-1f"/>
      </object_component>
      <object_component id="oc-612">
         <name>.text:Power_releaseDependency</name>
         <load_address>0x2000db04</load_address>
         <run_address>0x2000db04</run_address>
         <size>0x58</size>
         <input_file_ref idref="fl-10"/>
      </object_component>
      <object_component id="oc-405">
         <name>.text:setMorseLEDs</name>
         <load_address>0x2000db5c</load_address>
         <run_address>0x2000db5c</run_address>
         <size>0x54</size>
         <input_file_ref idref="fl-2"/>
      </object_component>
      <object_component id="oc-658">
         <name>.text:PowerCC32XX_resumeLPDS</name>
         <load_address>0x2000dbb0</load_address>
         <run_address>0x2000dbb0</run_address>
         <size>0x52</size>
         <input_file_ref idref="fl-11"/>
      </object_component>
      <object_component id="oc-3e1">
         <name>.text:initHw</name>
         <load_address>0x2000dc02</load_address>
         <run_address>0x2000dc02</run_address>
         <size>0x52</size>
         <input_file_ref idref="fl-12"/>
      </object_component>
      <object_component id="oc-79">
         <name>.text:ClockP_sysTickHandler</name>
         <load_address>0x2000dc54</load_address>
         <run_address>0x2000dc54</run_address>
         <size>0x50</size>
         <input_file_ref idref="fl-16"/>
      </object_component>
      <object_component id="oc-4b7">
         <name>.text:SemaphoreP_construct</name>
         <load_address>0x2000dca4</load_address>
         <run_address>0x2000dca4</run_address>
         <size>0x50</size>
         <input_file_ref idref="fl-15"/>
      </object_component>
      <object_component id="oc-3c3">
         <name>.text:TimerCC32XX_allocateTimerResource</name>
         <load_address>0x2000dcf4</load_address>
         <run_address>0x2000dcf4</run_address>
         <size>0x50</size>
         <input_file_ref idref="fl-12"/>
      </object_component>
      <object_component id="oc-1dc">
         <name>.text:initTimer</name>
         <load_address>0x2000dd44</load_address>
         <run_address>0x2000dd44</run_address>
         <size>0x50</size>
         <input_file_ref idref="fl-2"/>
      </object_component>
      <object_component id="oc-1f4">
         <name>.text:GPIO_enableInt</name>
         <load_address>0x2000dd94</load_address>
         <run_address>0x2000dd94</run_address>
         <size>0x4c</size>
         <input_file_ref idref="fl-f"/>
      </object_component>
      <object_component id="oc-64f">
         <name>.text:PowerCC32XX_parkPin</name>
         <load_address>0x2000dde0</load_address>
         <run_address>0x2000dde0</run_address>
         <size>0x4c</size>
         <input_file_ref idref="fl-10"/>
      </object_component>
      <object_component id="oc-5be">
         <name>.text:restorePeriphClocks</name>
         <load_address>0x2000de2c</load_address>
         <run_address>0x2000de2c</run_address>
         <size>0x4c</size>
         <input_file_ref idref="fl-10"/>
      </object_component>
      <object_component id="oc-673">
         <name>.text:FlashDisable</name>
         <load_address>0x2000de78</load_address>
         <run_address>0x2000de78</run_address>
         <size>0x48</size>
         <input_file_ref idref="fl-22"/>
      </object_component>
      <object_component id="oc-5ca">
         <name>.text:PRCMLPDSEnter</name>
         <load_address>0x2000dec0</load_address>
         <run_address>0x2000dec0</run_address>
         <size>0x48</size>
         <input_file_ref idref="fl-1f"/>
      </object_component>
      <object_component id="oc-242">
         <name>.text:PRCMPeripheralClkEnable</name>
         <load_address>0x2000df08</load_address>
         <run_address>0x2000df08</run_address>
         <size>0x48</size>
         <input_file_ref idref="fl-1f"/>
      </object_component>
      <object_component id="oc-692">
         <name>.text:Power_releaseConstraint</name>
         <load_address>0x2000df50</load_address>
         <run_address>0x2000df50</run_address>
         <size>0x48</size>
         <input_file_ref idref="fl-10"/>
      </object_component>
      <object_component id="oc-3db">
         <name>.text:getPrescaler</name>
         <load_address>0x2000df98</load_address>
         <run_address>0x2000df98</run_address>
         <size>0x46</size>
         <input_file_ref idref="fl-12"/>
      </object_component>
      <object_component id="oc-342">
         <name>.text:PowerCC32XX_initPolicy</name>
         <load_address>0x2000dfde</load_address>
         <run_address>0x2000dfde</run_address>
         <size>0x2</size>
         <input_file_ref idref="fl-18"/>
      </object_component>
      <object_component id="oc-4df">
         <name>.text:ClockP_stop</name>
         <load_address>0x2000dfe0</load_address>
         <run_address>0x2000dfe0</run_address>
         <size>0x44</size>
         <input_file_ref idref="fl-16"/>
      </object_component>
      <object_component id="oc-65d">
         <name>.text:PRCMLPDSRestoreInfoSet</name>
         <load_address>0x2000e024</load_address>
         <run_address>0x2000e024</run_address>
         <size>0x44</size>
         <input_file_ref idref="fl-1f"/>
      </object_component>
      <object_component id="oc-5b3">
         <name>.text:PowerCC32XX_enterLPDS</name>
         <load_address>0x2000e068</load_address>
         <run_address>0x2000e068</run_address>
         <size>0x44</size>
         <input_file_ref idref="fl-11"/>
      </object_component>
      <object_component id="oc-293">
         <name>.text:SemaphoreP_post</name>
         <load_address>0x2000e0ac</load_address>
         <run_address>0x2000e0ac</run_address>
         <size>0x44</size>
         <input_file_ref idref="fl-15"/>
      </object_component>
      <object_component id="oc-4a0">
         <name>.text:SwiP_restore</name>
         <load_address>0x2000e0f0</load_address>
         <run_address>0x2000e0f0</run_address>
         <size>0x44</size>
         <input_file_ref idref="fl-1a"/>
      </object_component>
      <object_component id="oc-2bf">
         <name>.text:Timer_start</name>
         <load_address>0x2000e134</load_address>
         <run_address>0x2000e134</run_address>
         <size>0x44</size>
         <input_file_ref idref="fl-e"/>
      </object_component>
      <object_component id="oc-172">
         <name>.text:__TI_auto_init_nobinit_nopinit:__TI_auto_init_nobinit_nopinit</name>
         <load_address>0x2000e178</load_address>
         <run_address>0x2000e178</run_address>
         <size>0x44</size>
         <input_file_ref idref="fl-e2"/>
      </object_component>
      <object_component id="oc-25a">
         <name>.text:PinModeSet</name>
         <load_address>0x2000e1bc</load_address>
         <run_address>0x2000e1bc</run_address>
         <size>0x40</size>
         <input_file_ref idref="fl-1e"/>
      </object_component>
      <object_component id="oc-3fe">
         <name>.text:TimerSupport_timerEnable</name>
         <load_address>0x2000e1fc</load_address>
         <run_address>0x2000e1fc</run_address>
         <size>0x40</size>
         <input_file_ref idref="fl-12"/>
      </object_component>
      <object_component id="oc-3d5">
         <name>.text:Timer_close</name>
         <load_address>0x2000e23c</load_address>
         <run_address>0x2000e23c</run_address>
         <size>0x40</size>
         <input_file_ref idref="fl-12"/>
      </object_component>
      <object_component id="oc-385">
         <name>.text:ClockP_destruct</name>
         <load_address>0x2000e27c</load_address>
         <run_address>0x2000e27c</run_address>
         <size>0x3c</size>
         <input_file_ref idref="fl-16"/>
      </object_component>
      <object_component id="oc-55c">
         <name>.text:Power_setConstraint</name>
         <load_address>0x2000e2b8</load_address>
         <run_address>0x2000e2b8</run_address>
         <size>0x3c</size>
         <input_file_ref idref="fl-10"/>
      </object_component>
      <object_component id="oc-484">
         <name>.text:getCountsRTC</name>
         <load_address>0x2000e2f4</load_address>
         <run_address>0x2000e2f4</run_address>
         <size>0x3a</size>
         <input_file_ref idref="fl-18"/>
      </object_component>
      <object_component id="oc-51b">
         <name>.text:SemaphoreP_destruct</name>
         <load_address>0x2000e32e</load_address>
         <run_address>0x2000e32e</run_address>
         <size>0x2</size>
         <input_file_ref idref="fl-15"/>
      </object_component>
      <object_component id="oc-5d0">
         <name>.text:PRCMLPDSEnterKeepDebugIf</name>
         <load_address>0x2000e330</load_address>
         <run_address>0x2000e330</run_address>
         <size>0x38</size>
         <input_file_ref idref="fl-1f"/>
      </object_component>
      <object_component id="oc-db">
         <name>.text:addToList</name>
         <load_address>0x2000e368</load_address>
         <run_address>0x2000e368</run_address>
         <size>0x38</size>
         <input_file_ref idref="fl-16"/>
      </object_component>
      <object_component id="oc-59">
         <name>.text:initVectors</name>
         <load_address>0x2000e3a0</load_address>
         <run_address>0x2000e3a0</run_address>
         <size>0x38</size>
         <input_file_ref idref="fl-19"/>
      </object_component>
      <object_component id="oc-5a1">
         <name>.text:notify</name>
         <load_address>0x2000e3d8</load_address>
         <run_address>0x2000e3d8</run_address>
         <size>0x38</size>
         <input_file_ref idref="fl-10"/>
      </object_component>
      <object_component id="oc-53b">
         <name>.text:TimerControlStall</name>
         <load_address>0x2000e410</load_address>
         <run_address>0x2000e410</run_address>
         <size>0x36</size>
         <input_file_ref idref="fl-20"/>
      </object_component>
      <object_component id="oc-503">
         <name>.text:Timer_stop</name>
         <load_address>0x2000e446</load_address>
         <run_address>0x2000e446</run_address>
         <size>0x36</size>
         <input_file_ref idref="fl-e"/>
      </object_component>
      <object_component id="oc-472">
         <name>.text:ClockP_getTicksUntilInterrupt</name>
         <load_address>0x2000e47c</load_address>
         <run_address>0x2000e47c</run_address>
         <size>0x34</size>
         <input_file_ref idref="fl-16"/>
      </object_component>
      <object_component id="oc-592">
         <name>.text:ClockP_startup</name>
         <load_address>0x2000e4b0</load_address>
         <run_address>0x2000e4b0</run_address>
         <size>0x34</size>
         <input_file_ref idref="fl-16"/>
      </object_component>
      <object_component id="oc-254">
         <name>.text:PinModeGet</name>
         <load_address>0x2000e4e4</load_address>
         <run_address>0x2000e4e4</run_address>
         <size>0x34</size>
         <input_file_ref idref="fl-1e"/>
      </object_component>
      <object_component id="oc-521">
         <name>.text:TimerCC32XX_freeTimerResource</name>
         <load_address>0x2000e518</load_address>
         <run_address>0x2000e518</run_address>
         <size>0x34</size>
         <input_file_ref idref="fl-12"/>
      </object_component>
      <object_component id="oc-3f6">
         <name>.text:TimerCC32XX_hwiIntFunction</name>
         <load_address>0x2000e54c</load_address>
         <run_address>0x2000e54c</run_address>
         <size>0x34</size>
         <input_file_ref idref="fl-12"/>
      </object_component>
      <object_component id="oc-4f7">
         <name>.text:getPowerMgrId</name>
         <load_address>0x2000e580</load_address>
         <run_address>0x2000e580</run_address>
         <size>0x34</size>
         <input_file_ref idref="fl-12"/>
      </object_component>
      <object_component id="oc-373">
         <name>.text:ClockP_start</name>
         <load_address>0x2000e5b4</load_address>
         <run_address>0x2000e5b4</run_address>
         <size>0x30</size>
         <input_file_ref idref="fl-16"/>
      </object_component>
      <object_component id="oc-66c">
         <name>.text:PowerCC32XX_restoreParkedPin</name>
         <load_address>0x2000e5e4</load_address>
         <run_address>0x2000e5e4</run_address>
         <size>0x30</size>
         <input_file_ref idref="fl-10"/>
      </object_component>
      <object_component id="oc-1fc">
         <name>.text:gpioButtonCallback</name>
         <load_address>0x2000e614</load_address>
         <run_address>0x2000e614</run_address>
         <size>0x30</size>
         <input_file_ref idref="fl-2"/>
      </object_component>
      <object_component id="oc-2de">
         <name>.text:HwiP_create</name>
         <load_address>0x2000e644</load_address>
         <run_address>0x2000e644</run_address>
         <size>0x2a</size>
         <input_file_ref idref="fl-17"/>
      </object_component>
      <object_component id="oc-535">
         <name>.text:TimerLoadSet</name>
         <load_address>0x2000e66e</load_address>
         <run_address>0x2000e66e</run_address>
         <size>0x2a</size>
         <input_file_ref idref="fl-20"/>
      </object_component>
      <object_component id="oc-52f">
         <name>.text:TimerPrescaleSet</name>
         <load_address>0x2000e698</load_address>
         <run_address>0x2000e698</run_address>
         <size>0x2a</size>
         <input_file_ref idref="fl-20"/>
      </object_component>
      <object_component id="oc-2ad">
         <name>.text:Timer_init</name>
         <load_address>0x2000e6c2</load_address>
         <run_address>0x2000e6c2</run_address>
         <size>0x2</size>
         <input_file_ref idref="fl-e"/>
      </object_component>
      <object_component id="oc-24e">
         <name>.text:PRCMPeripheralClkDisable</name>
         <load_address>0x2000e6c4</load_address>
         <run_address>0x2000e6c4</run_address>
         <size>0x28</size>
         <input_file_ref idref="fl-1f"/>
      </object_component>
      <object_component id="oc-28d">
         <name>.text:Power_registerNotify</name>
         <load_address>0x2000e6ec</load_address>
         <run_address>0x2000e6ec</run_address>
         <size>0x28</size>
         <input_file_ref idref="fl-10"/>
      </object_component>
      <object_component id="oc-4d7">
         <name>.text:free_list_insert</name>
         <load_address>0x2000e714</load_address>
         <run_address>0x2000e714</run_address>
         <size>0x28</size>
         <input_file_ref idref="fl-de"/>
      </object_component>
      <object_component id="oc-395">
         <name>.text:List_put</name>
         <load_address>0x2000e73c</load_address>
         <run_address>0x2000e73c</run_address>
         <size>0x26</size>
         <input_file_ref idref="fl-13"/>
      </object_component>
      <object_component id="oc-602">
         <name>.text:List_remove</name>
         <load_address>0x2000e762</load_address>
         <run_address>0x2000e762</run_address>
         <size>0x26</size>
         <input_file_ref idref="fl-13"/>
      </object_component>
      <object_component id="oc-57a">
         <name>.text:HwiP_dispatch</name>
         <load_address>0x2000e788</load_address>
         <run_address>0x2000e788</run_address>
         <size>0x24</size>
         <input_file_ref idref="fl-17"/>
      </object_component>
      <object_component id="oc-5fb">
         <name>.text:TimerSupport_timerDisable</name>
         <load_address>0x2000e7ac</load_address>
         <run_address>0x2000e7ac</run_address>
         <size>0x24</size>
         <input_file_ref idref="fl-12"/>
      </object_component>
      <object_component id="oc-c5">
         <name>.text:_c_int00_noargs:_c_int00_noargs</name>
         <load_address>0x2000e7d0</load_address>
         <run_address>0x2000e7d0</run_address>
         <size>0x24</size>
         <input_file_ref idref="fl-df"/>
      </object_component>
      <object_component id="oc-60a">
         <name>.text:HwiP_destruct</name>
         <load_address>0x2000e7f4</load_address>
         <run_address>0x2000e7f4</run_address>
         <size>0x20</size>
         <input_file_ref idref="fl-17"/>
      </object_component>
      <object_component id="oc-509">
         <name>.text:Power_unregisterNotify</name>
         <load_address>0x2000e814</load_address>
         <run_address>0x2000e814</run_address>
         <size>0x20</size>
         <input_file_ref idref="fl-10"/>
      </object_component>
      <object_component id="oc-3c9">
         <name>.text:SemaphoreP_constructBinary</name>
         <load_address>0x2000e834</load_address>
         <run_address>0x2000e834</run_address>
         <size>0x1e</size>
         <input_file_ref idref="fl-15"/>
      </object_component>
      <object_component id="oc-529">
         <name>.text:TimerDisable</name>
         <load_address>0x2000e852</load_address>
         <run_address>0x2000e852</run_address>
         <size>0x1e</size>
         <input_file_ref idref="fl-20"/>
      </object_component>
      <object_component id="oc-562">
         <name>.text:TimerEnable</name>
         <load_address>0x2000e870</load_address>
         <run_address>0x2000e870</run_address>
         <size>0x1e</size>
         <input_file_ref idref="fl-20"/>
      </object_component>
      <object_component id="oc-30a">
         <name>.text:_nop</name>
         <load_address>0x2000e88e</load_address>
         <run_address>0x2000e88e</run_address>
         <size>0x2</size>
         <input_file_ref idref="fl-e6"/>
      </object_component>
      <object_component id="oc-649">
         <name>.text:PinToPadGet</name>
         <load_address>0x2000e890</load_address>
         <run_address>0x2000e890</run_address>
         <size>0x1c</size>
         <input_file_ref idref="fl-1e"/>
      </object_component>
      <object_component id="oc-466">
         <name>.text:SwiP_disable</name>
         <load_address>0x2000e8ac</load_address>
         <run_address>0x2000e8ac</run_address>
         <size>0x1c</size>
         <input_file_ref idref="fl-1a"/>
      </object_component>
      <object_component id="oc-47">
         <name>.text:decompress:ZI:__TI_zero_init_nomemset:__TI_zero_init_nomemset</name>
         <load_address>0x2000e8c8</load_address>
         <run_address>0x2000e8c8</run_address>
         <size>0x1c</size>
         <input_file_ref idref="fl-db"/>
      </object_component>
      <object_component id="oc-4d1">
         <name>.text:free_list_remove</name>
         <load_address>0x2000e8e4</load_address>
         <run_address>0x2000e8e4</run_address>
         <size>0x1c</size>
         <input_file_ref idref="fl-de"/>
      </object_component>
      <object_component id="oc-26f">
         <name>.text:SemaphoreP_createBinary</name>
         <load_address>0x2000e900</load_address>
         <run_address>0x2000e900</run_address>
         <size>0x1a</size>
         <input_file_ref idref="fl-15"/>
      </object_component>
      <object_component id="oc-73">
         <name>.text:busFaultHandler</name>
         <load_address>0x2000e91a</load_address>
         <run_address>0x2000e91a</run_address>
         <size>0x2</size>
         <input_file_ref idref="fl-19"/>
      </object_component>
      <object_component id="oc-21">
         <name>.text:resetISR</name>
         <load_address>0x2000e91c</load_address>
         <run_address>0x2000e91c</run_address>
         <size>0x1a</size>
         <input_file_ref idref="fl-19"/>
      </object_component>
      <object_component id="oc-38b">
         <name>.text:clkFxn</name>
         <load_address>0x2000e936</load_address>
         <run_address>0x2000e936</run_address>
         <size>0x2</size>
         <input_file_ref idref="fl-15"/>
      </object_component>
      <object_component id="oc-478">
         <name>.text:Power_getTransitionLatency</name>
         <load_address>0x2000e938</load_address>
         <run_address>0x2000e938</run_address>
         <size>0x18</size>
         <input_file_ref idref="fl-10"/>
      </object_component>
      <object_component id="oc-5e3">
         <name>.text:Power_idleFunc</name>
         <load_address>0x2000e950</load_address>
         <run_address>0x2000e950</run_address>
         <size>0x18</size>
         <input_file_ref idref="fl-10"/>
      </object_component>
      <object_component id="oc-68c">
         <name>.text:TimerIntDisable</name>
         <load_address>0x2000e968</load_address>
         <run_address>0x2000e968</run_address>
         <size>0x18</size>
         <input_file_ref idref="fl-20"/>
      </object_component>
      <object_component id="oc-556">
         <name>.text:TimerIntEnable</name>
         <load_address>0x2000e980</load_address>
         <run_address>0x2000e980</run_address>
         <size>0x18</size>
         <input_file_ref idref="fl-20"/>
      </object_component>
      <object_component id="oc-495">
         <name>.text</name>
         <load_address>0x2000e998</load_address>
         <run_address>0x2000e998</run_address>
         <size>0x18</size>
         <input_file_ref idref="fl-d8"/>
      </object_component>
      <object_component id="oc-23c">
         <name>.text:PRCMHIBRegRead</name>
         <load_address>0x2000e9b0</load_address>
         <run_address>0x2000e9b0</run_address>
         <size>0x16</size>
         <input_file_ref idref="fl-1f"/>
      </object_component>
      <object_component id="oc-236">
         <name>.text:PRCMHIBRegWrite</name>
         <load_address>0x2000e9c6</load_address>
         <run_address>0x2000e9c6</run_address>
         <size>0x16</size>
         <input_file_ref idref="fl-1f"/>
      </object_component>
      <object_component id="oc-35b">
         <name>.text:SemaphoreP_create</name>
         <load_address>0x2000e9dc</load_address>
         <run_address>0x2000e9dc</run_address>
         <size>0x16</size>
         <input_file_ref idref="fl-15"/>
      </object_component>
      <object_component id="oc-a3">
         <name>.text:CPUcpsid</name>
         <load_address>0x2000e9f2</load_address>
         <run_address>0x2000e9f2</run_address>
         <size>0x14</size>
         <input_file_ref idref="fl-1c"/>
      </object_component>
      <object_component id="oc-6d">
         <name>.text:defaultHandler</name>
         <load_address>0x2000ea06</load_address>
         <run_address>0x2000ea06</run_address>
         <size>0x2</size>
         <input_file_ref idref="fl-19"/>
      </object_component>
      <object_component id="oc-39c">
         <name>.text:HwiP_inISR</name>
         <load_address>0x2000ea08</load_address>
         <run_address>0x2000ea08</run_address>
         <size>0x14</size>
         <input_file_ref idref="fl-17"/>
      </object_component>
      <object_component id="oc-af">
         <name>.text:IntVTableBaseSet</name>
         <load_address>0x2000ea1c</load_address>
         <run_address>0x2000ea1c</run_address>
         <size>0x14</size>
         <input_file_ref idref="fl-1d"/>
      </object_component>
      <object_component id="oc-3a2">
         <name>.text:Power_disablePolicy</name>
         <load_address>0x2000ea30</load_address>
         <run_address>0x2000ea30</run_address>
         <size>0x14</size>
         <input_file_ref idref="fl-10"/>
      </object_component>
      <object_component id="oc-665">
         <name>.text:Power_getDependencyCount</name>
         <load_address>0x2000ea44</load_address>
         <run_address>0x2000ea44</run_address>
         <size>0x14</size>
         <input_file_ref idref="fl-10"/>
      </object_component>
      <object_component id="oc-2d8">
         <name>.text:HwiP_Params_init</name>
         <load_address>0x2000ea58</load_address>
         <run_address>0x2000ea58</run_address>
         <size>0x12</size>
         <input_file_ref idref="fl-17"/>
      </object_component>
      <object_component id="oc-54d">
         <name>.text:TimerIntClear</name>
         <load_address>0x2000ea6a</load_address>
         <run_address>0x2000ea6a</run_address>
         <size>0x12</size>
         <input_file_ref idref="fl-20"/>
      </object_component>
      <object_component id="oc-11a">
         <name>.text:main</name>
         <load_address>0x2000ea7c</load_address>
         <run_address>0x2000ea7c</run_address>
         <size>0x12</size>
         <input_file_ref idref="fl-4"/>
      </object_component>
      <object_component id="oc-153">
         <name>.text:Board_init</name>
         <load_address>0x2000ea8e</load_address>
         <run_address>0x2000ea8e</run_address>
         <size>0x10</size>
         <input_file_ref idref="fl-3"/>
      </object_component>
      <object_component id="oc-36d">
         <name>.text:ClockP_add</name>
         <load_address>0x2000ea9e</load_address>
         <run_address>0x2000ea9e</run_address>
         <size>0x10</size>
         <input_file_ref idref="fl-16"/>
      </object_component>
      <object_component id="oc-67">
         <name>.text:faultISR</name>
         <load_address>0x2000eaae</load_address>
         <run_address>0x2000eaae</run_address>
         <size>0x2</size>
         <input_file_ref idref="fl-19"/>
      </object_component>
      <object_component id="oc-3cf">
         <name>.text:ClockP_getCpuFreq</name>
         <load_address>0x2000eab0</load_address>
         <run_address>0x2000eab0</run_address>
         <size>0x10</size>
         <input_file_ref idref="fl-16"/>
      </object_component>
      <object_component id="oc-47e">
         <name>.text:ClockP_getSystemTicks</name>
         <load_address>0x2000eac0</load_address>
         <run_address>0x2000eac0</run_address>
         <size>0x10</size>
         <input_file_ref idref="fl-16"/>
      </object_component>
      <object_component id="oc-49a">
         <name>.text:ClockP_setTicks</name>
         <load_address>0x2000ead0</load_address>
         <run_address>0x2000ead0</run_address>
         <size>0x10</size>
         <input_file_ref idref="fl-16"/>
      </object_component>
      <object_component id="oc-515">
         <name>.text:HwiP_delete</name>
         <load_address>0x2000eae0</load_address>
         <run_address>0x2000eae0</run_address>
         <size>0x10</size>
         <input_file_ref idref="fl-17"/>
      </object_component>
      <object_component id="oc-27b">
         <name>.text:HwiP_restore</name>
         <load_address>0x2000eaf0</load_address>
         <run_address>0x2000eaf0</run_address>
         <size>0x10</size>
         <input_file_ref idref="fl-17"/>
      </object_component>
      <object_component id="oc-379">
         <name>.text:Power_enablePolicy</name>
         <load_address>0x2000eb00</load_address>
         <run_address>0x2000eb00</run_address>
         <size>0x10</size>
         <input_file_ref idref="fl-10"/>
      </object_component>
      <object_component id="oc-355">
         <name>.text:SemaphoreP_Params_init</name>
         <load_address>0x2000eb10</load_address>
         <run_address>0x2000eb10</run_address>
         <size>0x10</size>
         <input_file_ref idref="fl-15"/>
      </object_component>
      <object_component id="oc-2b3">
         <name>.text:Timer_Params_init</name>
         <load_address>0x2000eb20</load_address>
         <run_address>0x2000eb20</run_address>
         <size>0x10</size>
         <input_file_ref idref="fl-e"/>
      </object_component>
      <object_component id="oc-50f">
         <name>.text:HwiP_clearInterrupt</name>
         <load_address>0x2000eb30</load_address>
         <run_address>0x2000eb30</run_address>
         <size>0xe</size>
         <input_file_ref idref="fl-17"/>
      </object_component>
      <object_component id="oc-275">
         <name>.text:HwiP_disable</name>
         <load_address>0x2000eb3e</load_address>
         <run_address>0x2000eb3e</run_address>
         <size>0xe</size>
         <input_file_ref idref="fl-17"/>
      </object_component>
      <object_component id="oc-159">
         <name>.text:HwiP_enable</name>
         <load_address>0x2000eb4c</load_address>
         <run_address>0x2000eb4c</run_address>
         <size>0xe</size>
         <input_file_ref idref="fl-17"/>
      </object_component>
      <object_component id="oc-1a">
         <name>.text:decompress:none:__TI_decompress_none</name>
         <load_address>0x2000eb5a</load_address>
         <run_address>0x2000eb5a</run_address>
         <size>0xe</size>
         <input_file_ref idref="fl-dc"/>
      </object_component>
      <object_component id="oc-46c">
         <name>.text:Power_getConstraintMask</name>
         <load_address>0x2000eb68</load_address>
         <run_address>0x2000eb68</run_address>
         <size>0xc</size>
         <input_file_ref idref="fl-10"/>
      </object_component>
      <object_component id="oc-3f0">
         <name>.text:postNotifyFxn</name>
         <load_address>0x2000eb74</load_address>
         <run_address>0x2000eb74</run_address>
         <size>0xc</size>
         <input_file_ref idref="fl-12"/>
      </object_component>
      <object_component id="oc-37f">
         <name>.text:ClockP_isActive</name>
         <load_address>0x2000eb80</load_address>
         <run_address>0x2000eb80</run_address>
         <size>0xa</size>
         <input_file_ref idref="fl-16"/>
      </object_component>
      <object_component id="oc-53">
         <name>.text:IntMasterDisable</name>
         <load_address>0x2000eb8a</load_address>
         <run_address>0x2000eb8a</run_address>
         <size>0xa</size>
         <input_file_ref idref="fl-1d"/>
      </object_component>
      <object_component id="oc-419">
         <name>.text:malloc</name>
         <load_address>0x2000eb94</load_address>
         <run_address>0x2000eb94</run_address>
         <size>0x8</size>
         <input_file_ref idref="fl-de"/>
      </object_component>
      <object_component id="oc-235">
         <name>.text:UtilsDelay</name>
         <load_address>0x2000eb9c</load_address>
         <run_address>0x2000eb9c</run_address>
         <size>0x6</size>
         <input_file_ref idref="fl-21"/>
      </object_component>
      <object_component id="oc-5d9">
         <name>.text:HwiP_post</name>
         <load_address>0x2000eba2</load_address>
         <run_address>0x2000eba2</run_address>
         <size>0x4</size>
         <input_file_ref idref="fl-17"/>
      </object_component>
      <object_component id="oc-281">
         <name>.text:SemaphoreP_delete</name>
         <load_address>0x2000eba6</load_address>
         <run_address>0x2000eba6</run_address>
         <size>0x4</size>
         <input_file_ref idref="fl-15"/>
      </object_component>
      <object_component id="oc-114">
         <name>.text:_system_pre_init</name>
         <load_address>0x2000ebaa</load_address>
         <run_address>0x2000ebaa</run_address>
         <size>0x4</size>
         <input_file_ref idref="fl-e3"/>
      </object_component>
      <object_component id="oc-166">
         <name>.text:abort:abort</name>
         <load_address>0x2000ebae</load_address>
         <run_address>0x2000ebae</run_address>
         <size>0x4</size>
         <input_file_ref idref="fl-e5"/>
      </object_component>
      <object_component id="oc-61">
         <name>.text:nmiISR</name>
         <load_address>0x2000ebb2</load_address>
         <run_address>0x2000ebb2</run_address>
         <size>0x2</size>
         <input_file_ref idref="fl-19"/>
      </object_component>
      <object_component id="oc-59b">
         <name>.text</name>
         <load_address>0x2000ebb4</load_address>
         <run_address>0x2000ebb4</run_address>
         <size>0x2</size>
         <input_file_ref idref="fl-e0"/>
      </object_component>
      <object_component id="oc-333">
         <name>.const:g_ulPinToPadMap</name>
         <load_address>0x2000f1c0</load_address>
         <run_address>0x2000f1c0</run_address>
         <size>0x100</size>
         <input_file_ref idref="fl-1e"/>
      </object_component>
      <object_component id="oc-32c">
         <name>.const:PRCM_PeriphRegsList</name>
         <load_address>0x2000f2c0</load_address>
         <run_address>0x2000f2c0</run_address>
         <size>0xa8</size>
         <input_file_ref idref="fl-1f"/>
      </object_component>
      <object_component id="oc-26a">
         <name>.const:PowerCC32XX_config</name>
         <load_address>0x2000f368</load_address>
         <run_address>0x2000f368</run_address>
         <size>0x44</size>
         <input_file_ref idref="fl-3"/>
      </object_component>
      <object_component id="oc-2e4">
         <name>.const:.string:pinTable</name>
         <load_address>0x2000f3ac</load_address>
         <run_address>0x2000f3ac</run_address>
         <size>0x21</size>
         <input_file_ref idref="fl-f"/>
      </object_component>
      <object_component id="oc-10e">
         <name>.const:g_pulEnRegs</name>
         <load_address>0x2000f3d0</load_address>
         <run_address>0x2000f3d0</run_address>
         <size>0x18</size>
         <input_file_ref idref="fl-1d"/>
      </object_component>
      <object_component id="oc-6a7">
         <name>.const:g_pulPendRegs</name>
         <load_address>0x2000f3e8</load_address>
         <run_address>0x2000f3e8</run_address>
         <size>0x18</size>
         <input_file_ref idref="fl-1d"/>
      </object_component>
      <object_component id="oc-29d">
         <name>.const:GPIOCC32XX_config</name>
         <load_address>0x2000f400</load_address>
         <run_address>0x2000f400</run_address>
         <size>0x14</size>
         <input_file_ref idref="fl-3"/>
      </object_component>
      <object_component id="oc-2ff">
         <name>.const:gpioBaseAddresses</name>
         <load_address>0x2000f414</load_address>
         <run_address>0x2000f414</run_address>
         <size>0x14</size>
         <input_file_ref idref="fl-f"/>
      </object_component>
      <object_component id="oc-2e7">
         <name>.const:powerResources</name>
         <load_address>0x2000f428</load_address>
         <run_address>0x2000f428</run_address>
         <size>0x14</size>
         <input_file_ref idref="fl-f"/>
      </object_component>
      <object_component id="oc-547">
         <name>.const:timerCC32XXHWAttrs</name>
         <load_address>0x2000f43c</load_address>
         <run_address>0x2000f43c</run_address>
         <size>0x10</size>
         <input_file_ref idref="fl-3"/>
      </object_component>
      <object_component id="oc-3bf">
         <name>.const:defaultParams</name>
         <load_address>0x2000f44c</load_address>
         <run_address>0x2000f44c</run_address>
         <size>0xc</size>
         <input_file_ref idref="fl-e"/>
      </object_component>
      <object_component id="oc-3ea">
         <name>.const:defaultParams</name>
         <load_address>0x2000f458</load_address>
         <run_address>0x2000f458</run_address>
         <size>0xc</size>
         <input_file_ref idref="fl-12"/>
      </object_component>
      <object_component id="oc-3ed">
         <name>.const:Timer_config</name>
         <load_address>0x2000f464</load_address>
         <run_address>0x2000f464</run_address>
         <size>0x8</size>
         <input_file_ref idref="fl-3"/>
      </object_component>
      <object_component id="oc-2ed">
         <name>.const:outPinTypes</name>
         <load_address>0x2000f46c</load_address>
         <run_address>0x2000f46c</run_address>
         <size>0x8</size>
         <input_file_ref idref="fl-f"/>
      </object_component>
      <object_component id="oc-2fc">
         <name>.const:.string:interruptType</name>
         <load_address>0x2000f474</load_address>
         <run_address>0x2000f474</run_address>
         <size>0x6</size>
         <input_file_ref idref="fl-f"/>
      </object_component>
      <object_component id="oc-2f0">
         <name>.const:inPinTypes</name>
         <load_address>0x2000f47a</load_address>
         <run_address>0x2000f47a</run_address>
         <size>0x6</size>
         <input_file_ref idref="fl-f"/>
      </object_component>
      <object_component id="oc-2ea">
         <name>.const:outPinStrengths</name>
         <load_address>0x2000f480</load_address>
         <run_address>0x2000f480</run_address>
         <size>0x6</size>
         <input_file_ref idref="fl-f"/>
      </object_component>
      <object_component id="oc-3e7">
         <name>.const</name>
         <load_address>0x2000f486</load_address>
         <run_address>0x2000f486</run_address>
         <size>0x6</size>
         <input_file_ref idref="fl-3"/>
      </object_component>
      <object_component id="oc-2f3">
         <name>.const:.string:portInterruptIds</name>
         <load_address>0x2000f48c</load_address>
         <run_address>0x2000f48c</run_address>
         <size>0x4</size>
         <input_file_ref idref="fl-f"/>
      </object_component>
      <object_component id="oc-6dd">
         <name>.cinit..data.load</name>
         <load_address>0x2000f6a0</load_address>
         <run_address>0x2000f6a0</run_address>
         <size>0xeb</size>
      </object_component>
      <object_component id="oc-6db">
         <name>__TI_handler_table</name>
         <load_address>0x2000f78c</load_address>
         <run_address>0x2000f78c</run_address>
         <size>0xc</size>
      </object_component>
      <object_component id="oc-6de">
         <name>.cinit..bss.load</name>
         <load_address>0x2000f798</load_address>
         <run_address>0x2000f798</run_address>
         <size>0x8</size>
      </object_component>
      <object_component id="oc-6dc">
         <name>__TI_cinit_table</name>
         <load_address>0x2000f7a0</load_address>
         <run_address>0x2000f7a0</run_address>
         <size>0x10</size>
      </object_component>
      <object_component id="oc-40c">
         <name>.data:sosMessage</name>
         <load_address>0x2000f128</load_address>
         <run_address>0x2000f128</run_address>
         <size>0x22</size>
         <input_file_ref idref="fl-2"/>
      </object_component>
      <object_component id="oc-412">
         <name>.data:okMessage</name>
         <load_address>0x2000f14a</load_address>
         <run_address>0x2000f14a</run_address>
         <size>0x1e</size>
         <input_file_ref idref="fl-2"/>
      </object_component>
      <object_component id="oc-40f">
         <name>.data</name>
         <load_address>0x2000f1bc</load_address>
         <run_address>0x2000f1bc</run_address>
         <size>0x4</size>
         <input_file_ref idref="fl-2"/>
      </object_component>
      <object_component id="oc-3ab">
         <name>.data:gpioPinConfigs</name>
         <load_address>0x2000f178</load_address>
         <run_address>0x2000f178</run_address>
         <size>0x10</size>
         <input_file_ref idref="fl-3"/>
      </object_component>
      <object_component id="oc-3ae">
         <name>.data:gpioCallbackFunctions</name>
         <load_address>0x2000f168</load_address>
         <run_address>0x2000f168</run_address>
         <size>0x10</size>
         <input_file_ref idref="fl-3"/>
      </object_component>
      <object_component id="oc-34e">
         <name>.data:parkInfo</name>
         <load_address>0x2000f030</load_address>
         <run_address>0x2000f030</run_address>
         <size>0xf8</size>
         <input_file_ref idref="fl-3"/>
      </object_component>
      <object_component id="oc-29a">
         <name>.data</name>
         <load_address>0x2000f188</load_address>
         <run_address>0x2000f188</run_address>
         <size>0x9</size>
         <input_file_ref idref="fl-f"/>
      </object_component>
      <object_component id="oc-267">
         <name>.data:PowerCC32XX_module</name>
         <load_address>0x2000eec4</load_address>
         <run_address>0x2000eec4</run_address>
         <size>0x16c</size>
         <input_file_ref idref="fl-10"/>
      </object_component>
      <object_component id="oc-391">
         <name>.data</name>
         <load_address>0x2000f191</load_address>
         <run_address>0x2000f191</run_address>
         <size>0x3</size>
         <input_file_ref idref="fl-15"/>
      </object_component>
      <object_component id="oc-4b3">
         <name>.data:SemaphoreP_defaultParams</name>
         <load_address>0x2000f1a4</load_address>
         <run_address>0x2000f1a4</run_address>
         <size>0x8</size>
         <input_file_ref idref="fl-15"/>
      </object_component>
      <object_component id="oc-4a6">
         <name>.data</name>
         <load_address>0x2000f1b4</load_address>
         <run_address>0x2000f1b4</run_address>
         <size>0x5</size>
         <input_file_ref idref="fl-16"/>
      </object_component>
      <object_component id="oc-577">
         <name>.data:HwiP_dispatchTable</name>
         <load_address>0x2000ebb8</load_address>
         <run_address>0x2000ebb8</run_address>
         <size>0x30c</size>
         <input_file_ref idref="fl-17"/>
      </object_component>
      <object_component id="oc-580">
         <name>.data</name>
         <load_address>0x2000f1ac</load_address>
         <run_address>0x2000f1ac</run_address>
         <size>0x8</size>
         <input_file_ref idref="fl-17"/>
      </object_component>
      <object_component id="oc-5ec">
         <name>.data:$O1$$</name>
         <load_address>0x2000f19c</load_address>
         <run_address>0x2000f19c</run_address>
         <size>0x8</size>
         <input_file_ref idref="fl-de"/>
      </object_component>
      <object_component id="oc-207">
         <name>.data:$O1$$</name>
         <load_address>0x2000f194</load_address>
         <run_address>0x2000f194</run_address>
         <size>0x8</size>
         <input_file_ref idref="fl-e6"/>
      </object_component>
      <object_component id="oc-2a9">
         <name>.bss:gpioCallbackInfo</name>
         <uninitialized>true</uninitialized>
         <run_address>0x2000f640</run_address>
         <size>0x20</size>
         <input_file_ref idref="fl-f"/>
      </object_component>
      <object_component id="oc-2a0">
         <name>.bss:powerNotifyObj</name>
         <uninitialized>true</uninitialized>
         <run_address>0x2000f660</run_address>
         <size>0x14</size>
         <input_file_ref idref="fl-f"/>
      </object_component>
      <object_component id="oc-299">
         <name>.bss</name>
         <uninitialized>true</uninitialized>
         <run_address>0x2000f674</run_address>
         <size>0x4</size>
         <input_file_ref idref="fl-f"/>
      </object_component>
      <object_component id="oc-4fd">
         <name>.bss:timerState</name>
         <uninitialized>true</uninitialized>
         <run_address>0x2000f69c</run_address>
         <size>0x4</size>
         <input_file_ref idref="fl-12"/>
      </object_component>
      <object_component id="oc-641">
         <name>.bss</name>
         <uninitialized>true</uninitialized>
         <run_address>0x2000f698</run_address>
         <size>0x4</size>
         <input_file_ref idref="fl-16"/>
      </object_component>
      <object_component id="oc-586">
         <name>.bss</name>
         <uninitialized>true</uninitialized>
         <run_address>0x2000f688</run_address>
         <size>0xd</size>
         <input_file_ref idref="fl-1a"/>
      </object_component>
      <object_component id="oc-1fb">
         <name>.common:CURRENT_MESSAGE</name>
         <uninitialized>true</uninitialized>
         <run_address>0x2000f696</run_address>
         <size>0x1</size>
      </object_component>
      <object_component id="oc-1fa">
         <name>.common:BUTTON_STATE</name>
         <uninitialized>true</uninitialized>
         <run_address>0x2000f695</run_address>
         <size>0x1</size>
      </object_component>
      <object_component id="oc-40b">
         <name>.common:LED_STATE</name>
         <uninitialized>true</uninitialized>
         <run_address>0x2000f697</run_address>
         <size>0x1</size>
      </object_component>
      <object_component id="oc-546">
         <name>.common:timerCC32XXObjects</name>
         <uninitialized>true</uninitialized>
         <run_address>0x2000f5bc</run_address>
         <size>0x84</size>
      </object_component>
      <object_component id="oc-656">
         <name>.common:PowerCC32XX_contextSave</name>
         <uninitialized>true</uninitialized>
         <run_address>0x2000f490</run_address>
         <size>0x12c</size>
      </object_component>
      <object_component id="oc-e1">
         <name>.common:ClockP_ctrl</name>
         <uninitialized>true</uninitialized>
         <run_address>0x2000f678</run_address>
         <size>0x10</size>
      </object_component>
      <object_component id="oc-2a">
         <name>.sysmem</name>
         <uninitialized>true</uninitialized>
         <run_address>0x20004040</run_address>
         <size>0x10</size>
         <input_file_ref idref="fl-de"/>
      </object_component>
      <object_component id="oc-6e1">
         <name>.sysmem</name>
         <uninitialized>true</uninitialized>
         <run_address>0x20004040</run_address>
         <size>0x0</size>
      </object_component>
      <object_component id="oc-2d">
         <name>.stack</name>
         <uninitialized>true</uninitialized>
         <run_address>0x20003000</run_address>
         <size>0x4</size>
         <input_file_ref idref="fl-df"/>
      </object_component>
      <object_component id="oc-6e0">
         <name>.stack</name>
         <uninitialized>true</uninitialized>
         <run_address>0x20003000</run_address>
         <size>0x0</size>
      </object_component>
      <object_component id="oc-27">
         <name>.resetVecs:retain</name>
         <load_address>0x20004000</load_address>
         <run_address>0x20004000</run_address>
         <size>0x40</size>
         <input_file_ref idref="fl-19"/>
      </object_component>
      <object_component id="oc-bb">
         <name>.ramVecs</name>
         <uninitialized>true</uninitialized>
         <run_address>0x20000000</run_address>
         <size>0x30c</size>
         <input_file_ref idref="fl-19"/>
      </object_component>
      <object_component id="oc-14d">
         <name>.debug_info</name>
         <load_address>0x0</load_address>
         <run_address>0x0</run_address>
         <size>0x422</size>
         <input_file_ref idref="fl-2"/>
      </object_component>
      <object_component id="oc-40d">
         <name>.debug_info</name>
         <load_address>0x422</load_address>
         <run_address>0x422</run_address>
         <size>0xfb</size>
         <input_file_ref idref="fl-2"/>
      </object_component>
      <object_component id="oc-413">
         <name>.debug_info</name>
         <load_address>0x51d</load_address>
         <run_address>0x51d</run_address>
         <size>0xf9</size>
         <input_file_ref idref="fl-2"/>
      </object_component>
      <object_component id="oc-410">
         <name>.debug_info</name>
         <load_address>0x616</load_address>
         <run_address>0x616</run_address>
         <size>0x103</size>
         <input_file_ref idref="fl-2"/>
      </object_component>
      <object_component id="oc-406">
         <name>.debug_info</name>
         <load_address>0x719</load_address>
         <run_address>0x719</run_address>
         <size>0x1a1</size>
         <input_file_ref idref="fl-2"/>
      </object_component>
      <object_component id="oc-2c6">
         <name>.debug_info</name>
         <load_address>0x8ba</load_address>
         <run_address>0x8ba</run_address>
         <size>0x1c1</size>
         <input_file_ref idref="fl-2"/>
      </object_component>
      <object_component id="oc-1dd">
         <name>.debug_info</name>
         <load_address>0xa7b</load_address>
         <run_address>0xa7b</run_address>
         <size>0x1ad</size>
         <input_file_ref idref="fl-2"/>
      </object_component>
      <object_component id="oc-1fd">
         <name>.debug_info</name>
         <load_address>0xc28</load_address>
         <run_address>0xc28</run_address>
         <size>0x16e</size>
         <input_file_ref idref="fl-2"/>
      </object_component>
      <object_component id="oc-160">
         <name>.debug_info</name>
         <load_address>0xd96</load_address>
         <run_address>0xd96</run_address>
         <size>0x24c</size>
         <input_file_ref idref="fl-2"/>
      </object_component>
      <object_component id="oc-1a7">
         <name>.debug_info</name>
         <load_address>0xfe2</load_address>
         <run_address>0xfe2</run_address>
         <size>0x2a7</size>
         <input_file_ref idref="fl-2"/>
      </object_component>
      <object_component id="oc-134">
         <name>.debug_info</name>
         <load_address>0x1289</load_address>
         <run_address>0x1289</run_address>
         <size>0x100</size>
         <input_file_ref idref="fl-2"/>
      </object_component>
      <object_component id="oc-22a">
         <name>.debug_info</name>
         <load_address>0x1389</load_address>
         <run_address>0x1389</run_address>
         <size>0xf8</size>
         <input_file_ref idref="fl-2"/>
      </object_component>
      <object_component id="oc-e7">
         <name>.debug_info</name>
         <load_address>0x1481</load_address>
         <run_address>0x1481</run_address>
         <size>0x26b</size>
         <input_file_ref idref="fl-2"/>
      </object_component>
      <object_component id="oc-1b1">
         <name>.debug_info</name>
         <load_address>0x16ec</load_address>
         <run_address>0x16ec</run_address>
         <size>0xa1</size>
         <input_file_ref idref="fl-2"/>
      </object_component>
      <object_component id="oc-225">
         <name>.debug_info</name>
         <load_address>0x178d</load_address>
         <run_address>0x178d</run_address>
         <size>0xb6</size>
         <input_file_ref idref="fl-2"/>
      </object_component>
      <object_component id="oc-1ac">
         <name>.debug_info</name>
         <load_address>0x1843</load_address>
         <run_address>0x1843</run_address>
         <size>0x68</size>
         <input_file_ref idref="fl-2"/>
      </object_component>
      <object_component id="oc-108">
         <name>.debug_info</name>
         <load_address>0x18ab</load_address>
         <run_address>0x18ab</run_address>
         <size>0x8b</size>
         <input_file_ref idref="fl-2"/>
      </object_component>
      <object_component id="oc-1bb">
         <name>.debug_info</name>
         <load_address>0x1936</load_address>
         <run_address>0x1936</run_address>
         <size>0x3b</size>
         <input_file_ref idref="fl-2"/>
      </object_component>
      <object_component id="oc-148">
         <name>.debug_info</name>
         <load_address>0x1971</load_address>
         <run_address>0x1971</run_address>
         <size>0x2a4</size>
         <input_file_ref idref="fl-2"/>
      </object_component>
      <object_component id="oc-1b6">
         <name>.debug_info</name>
         <load_address>0x1c15</load_address>
         <run_address>0x1c15</run_address>
         <size>0xef</size>
         <input_file_ref idref="fl-2"/>
      </object_component>
      <object_component id="oc-12f">
         <name>.debug_info</name>
         <load_address>0x1d04</load_address>
         <run_address>0x1d04</run_address>
         <size>0xbb</size>
         <input_file_ref idref="fl-2"/>
      </object_component>
      <object_component id="oc-684">
         <name>.debug_info</name>
         <load_address>0x1dbf</load_address>
         <run_address>0x1dbf</run_address>
         <size>0x53</size>
         <input_file_ref idref="fl-2"/>
      </object_component>
      <object_component id="oc-353">
         <name>.debug_info</name>
         <load_address>0x1e12</load_address>
         <run_address>0x1e12</run_address>
         <size>0x3d4</size>
         <input_file_ref idref="fl-3"/>
      </object_component>
      <object_component id="oc-3ac">
         <name>.debug_info</name>
         <load_address>0x21e6</load_address>
         <run_address>0x21e6</run_address>
         <size>0x10b</size>
         <input_file_ref idref="fl-3"/>
      </object_component>
      <object_component id="oc-3af">
         <name>.debug_info</name>
         <load_address>0x22f1</load_address>
         <run_address>0x22f1</run_address>
         <size>0x119</size>
         <input_file_ref idref="fl-3"/>
      </object_component>
      <object_component id="oc-3e8">
         <name>.debug_info</name>
         <load_address>0x240a</load_address>
         <run_address>0x240a</run_address>
         <size>0x246</size>
         <input_file_ref idref="fl-3"/>
      </object_component>
      <object_component id="oc-29e">
         <name>.debug_info</name>
         <load_address>0x2650</load_address>
         <run_address>0x2650</run_address>
         <size>0x111</size>
         <input_file_ref idref="fl-3"/>
      </object_component>
      <object_component id="oc-26b">
         <name>.debug_info</name>
         <load_address>0x2761</load_address>
         <run_address>0x2761</run_address>
         <size>0x113</size>
         <input_file_ref idref="fl-3"/>
      </object_component>
      <object_component id="oc-548">
         <name>.debug_info</name>
         <load_address>0x2874</load_address>
         <run_address>0x2874</run_address>
         <size>0x113</size>
         <input_file_ref idref="fl-3"/>
      </object_component>
      <object_component id="oc-3ee">
         <name>.debug_info</name>
         <load_address>0x2987</load_address>
         <run_address>0x2987</run_address>
         <size>0x107</size>
         <input_file_ref idref="fl-3"/>
      </object_component>
      <object_component id="oc-34f">
         <name>.debug_info</name>
         <load_address>0x2a8e</load_address>
         <run_address>0x2a8e</run_address>
         <size>0xff</size>
         <input_file_ref idref="fl-3"/>
      </object_component>
      <object_component id="oc-1d0">
         <name>.debug_info</name>
         <load_address>0x2b8d</load_address>
         <run_address>0x2b8d</run_address>
         <size>0x157</size>
         <input_file_ref idref="fl-3"/>
      </object_component>
      <object_component id="oc-156">
         <name>.debug_info</name>
         <load_address>0x2ce4</load_address>
         <run_address>0x2ce4</run_address>
         <size>0x18d</size>
         <input_file_ref idref="fl-3"/>
      </object_component>
      <object_component id="oc-4ae">
         <name>.debug_info</name>
         <load_address>0x2e71</load_address>
         <run_address>0x2e71</run_address>
         <size>0x198</size>
         <input_file_ref idref="fl-3"/>
      </object_component>
      <object_component id="oc-33d">
         <name>.debug_info</name>
         <load_address>0x3009</load_address>
         <run_address>0x3009</run_address>
         <size>0x878</size>
         <input_file_ref idref="fl-3"/>
      </object_component>
      <object_component id="oc-43e">
         <name>.debug_info</name>
         <load_address>0x3881</load_address>
         <run_address>0x3881</run_address>
         <size>0x9a</size>
         <input_file_ref idref="fl-3"/>
      </object_component>
      <object_component id="oc-456">
         <name>.debug_info</name>
         <load_address>0x391b</load_address>
         <run_address>0x391b</run_address>
         <size>0x62</size>
         <input_file_ref idref="fl-3"/>
      </object_component>
      <object_component id="oc-aa">
         <name>.debug_info</name>
         <load_address>0x397d</load_address>
         <run_address>0x397d</run_address>
         <size>0x2c</size>
         <input_file_ref idref="fl-3"/>
      </object_component>
      <object_component id="oc-11b">
         <name>.debug_info</name>
         <load_address>0x39a9</load_address>
         <run_address>0x39a9</run_address>
         <size>0x158</size>
         <input_file_ref idref="fl-4"/>
      </object_component>
      <object_component id="oc-36">
         <name>.debug_info</name>
         <load_address>0x3b01</load_address>
         <run_address>0x3b01</run_address>
         <size>0x84</size>
         <input_file_ref idref="fl-4"/>
      </object_component>
      <object_component id="oc-1a4">
         <name>.debug_info</name>
         <load_address>0x3b85</load_address>
         <run_address>0x3b85</run_address>
         <size>0x402</size>
         <input_file_ref idref="fl-e"/>
      </object_component>
      <object_component id="oc-3c0">
         <name>.debug_info</name>
         <load_address>0x3f87</load_address>
         <run_address>0x3f87</run_address>
         <size>0xde</size>
         <input_file_ref idref="fl-e"/>
      </object_component>
      <object_component id="oc-507">
         <name>.debug_info</name>
         <load_address>0x4065</load_address>
         <run_address>0x4065</run_address>
         <size>0x1ba</size>
         <input_file_ref idref="fl-e"/>
      </object_component>
      <object_component id="oc-2c3">
         <name>.debug_info</name>
         <load_address>0x421f</load_address>
         <run_address>0x421f</run_address>
         <size>0x1c7</size>
         <input_file_ref idref="fl-e"/>
      </object_component>
      <object_component id="oc-2b1">
         <name>.debug_info</name>
         <load_address>0x43e6</load_address>
         <run_address>0x43e6</run_address>
         <size>0xff</size>
         <input_file_ref idref="fl-e"/>
      </object_component>
      <object_component id="oc-2b7">
         <name>.debug_info</name>
         <load_address>0x44e5</load_address>
         <run_address>0x44e5</run_address>
         <size>0x122</size>
         <input_file_ref idref="fl-e"/>
      </object_component>
      <object_component id="oc-13e">
         <name>.debug_info</name>
         <load_address>0x4607</load_address>
         <run_address>0x4607</run_address>
         <size>0x137</size>
         <input_file_ref idref="fl-e"/>
      </object_component>
      <object_component id="oc-139">
         <name>.debug_info</name>
         <load_address>0x473e</load_address>
         <run_address>0x473e</run_address>
         <size>0x110</size>
         <input_file_ref idref="fl-e"/>
      </object_component>
      <object_component id="oc-303">
         <name>.debug_info</name>
         <load_address>0x484e</load_address>
         <run_address>0x484e</run_address>
         <size>0x5e5</size>
[...]
      </symbol>
      <symbol id="sm-3f3">
         <name>PowerCC32XX_module</name>
         <value>0x2000eec4</value>
         <object_component_ref idref="oc-267"/>
      </symbol>
      <symbol id="sm-3f4">
         <name>Power_getTransitionLatency</name>
         <value>0x2000e939</value>
         <object_component_ref idref="oc-478"/>
      </symbol>
      <symbol id="sm-3f5">
         <name>Power_setDependency</name>
         <value>0x2000d68d</value>
         <object_component_ref idref="oc-2d2"/>
      </symbol>
      <symbol id="sm-406">
         <name>PowerCC32XX_enterLPDS</name>
         <value>0x2000e069</value>
         <object_component_ref idref="oc-5b3"/>
      </symbol>
      <symbol id="sm-407">
         <name>PowerCC32XX_resumeLPDS</name>
         <value>0x2000dbb1</value>
         <object_component_ref idref="oc-658"/>
      </symbol>
      <symbol id="sm-4a8">
         <name>Timer_open</name>
         <value>0x2000ca6d</value>
         <object_component_ref idref="oc-2b9"/>
      </symbol>
      <symbol id="sm-4a9">
         <name>TimerCC32XX_freeTimerResource</name>
         <value>0x2000e519</value>
         <object_component_ref idref="oc-521"/>
      </symbol>
      <symbol id="sm-4aa">
         <name>TimerSupport_timerDisable</name>
         <value>0x2000e7ad</value>
         <object_component_ref idref="oc-5fb"/>
      </symbol>
      <symbol id="sm-4ab">
         <name>Timer_close</name>
         <value>0x2000e23d</value>
         <object_component_ref idref="oc-3d5"/>
      </symbol>
      <symbol id="sm-4ac">
         <name>TimerSupport_timerEnable</name>
         <value>0x2000e1fd</value>
         <object_component_ref idref="oc-3fe"/>
      </symbol>
      <symbol id="sm-4ad">
         <name>TimerCC32XX_allocateTimerResource</name>
         <value>0x2000dcf5</value>
         <object_component_ref idref="oc-3c3"/>
      </symbol>
      <symbol id="sm-4c5">
         <name>List_remove</name>
         <value>0x2000e763</value>
         <object_component_ref idref="oc-602"/>
      </symbol>
      <symbol id="sm-4c6">
         <name>List_put</name>
         <value>0x2000e73d</value>
         <object_component_ref idref="oc-395"/>
      </symbol>
      <symbol id="sm-551">
         <name>SemaphoreP_defaultParams</name>
         <value>0x2000f1a4</value>
         <object_component_ref idref="oc-4b3"/>
      </symbol>
      <symbol id="sm-552">
         <name>SemaphoreP_construct</name>
         <value>0x2000dca5</value>
         <object_component_ref idref="oc-4b7"/>
      </symbol>
      <symbol id="sm-553">
         <name>SemaphoreP_create</name>
         <value>0x2000e9dd</value>
         <object_component_ref idref="oc-35b"/>
      </symbol>
      <symbol id="sm-554">
         <name>SemaphoreP_destruct</name>
         <value>0x2000e32f</value>
         <object_component_ref idref="oc-51b"/>
      </symbol>
      <symbol id="sm-555">
         <name>SemaphoreP_post</name>
         <value>0x2000e0ad</value>
         <object_component_ref idref="oc-293"/>
      </symbol>
      <symbol id="sm-556">
         <name>SemaphoreP_pend</name>
         <value>0x2000d05d</value>
         <object_component_ref idref="oc-287"/>
      </symbol>
      <symbol id="sm-557">
         <name>SemaphoreP_delete</name>
         <value>0x2000eba7</value>
         <object_component_ref idref="oc-281"/>
      </symbol>
      <symbol id="sm-558">
         <name>SemaphoreP_createBinary</name>
         <value>0x2000e901</value>
         <object_component_ref idref="oc-26f"/>
      </symbol>
      <symbol id="sm-559">
         <name>SemaphoreP_constructBinary</name>
         <value>0x2000e835</value>
         <object_component_ref idref="oc-3c9"/>
      </symbol>
      <symbol id="sm-55a">
         <name>SemaphoreP_Params_init</name>
         <value>0x2000eb11</value>
         <object_component_ref idref="oc-355"/>
      </symbol>
      <symbol id="sm-55b">
         <name>clkFxn</name>
         <value>0x2000e937</value>
         <object_component_ref idref="oc-38b"/>
      </symbol>
      <symbol id="sm-616">
         <name>ClockP_ctrl</name>
         <value>0x2000f678</value>
      </symbol>
      <symbol id="sm-617">
         <name>ClockP_doTick</name>
         <value>0x2000dc55</value>
         <object_component_ref idref="oc-79"/>
      </symbol>
      <symbol id="sm-618">
         <name>ClockP_startup</name>
         <value>0x2000e4b1</value>
         <object_component_ref idref="oc-592"/>
      </symbol>
      <symbol id="sm-619">
         <name>ClockP_stop</name>
         <value>0x2000dfe1</value>
         <object_component_ref idref="oc-4df"/>
      </symbol>
      <symbol id="sm-61a">
         <name>ClockP_getTicksUntilInterrupt</name>
         <value>0x2000e47d</value>
         <object_component_ref idref="oc-472"/>
      </symbol>
      <symbol id="sm-61b">
         <name>ClockP_setTicks</name>
         <value>0x2000ead1</value>
         <object_component_ref idref="oc-49a"/>
      </symbol>
      <symbol id="sm-61c">
         <name>ClockP_tickPeriod</name>
         <value>0x2000f1b4</value>
         <object_component_ref idref="oc-4a6"/>
      </symbol>
      <symbol id="sm-61d">
         <name>ClockP_getSystemTicks</name>
         <value>0x2000eac1</value>
         <object_component_ref idref="oc-47e"/>
      </symbol>
      <symbol id="sm-61e">
         <name>ClockP_destruct</name>
         <value>0x2000e27d</value>
         <object_component_ref idref="oc-385"/>
      </symbol>
      <symbol id="sm-61f">
         <name>ClockP_start</name>
         <value>0x2000e5b5</value>
         <object_component_ref idref="oc-373"/>
      </symbol>
      <symbol id="sm-620">
         <name>ClockP_sysTickHandler</name>
         <value>0x2000dc55</value>
         <object_component_ref idref="oc-79"/>
      </symbol>
      <symbol id="sm-621">
         <name>ClockP_isActive</name>
         <value>0x2000eb81</value>
         <object_component_ref idref="oc-37f"/>
      </symbol>
      <symbol id="sm-622">
         <name>ClockP_getCpuFreq</name>
         <value>0x2000eab1</value>
         <object_component_ref idref="oc-3cf"/>
      </symbol>
      <symbol id="sm-623">
         <name>ClockP_add</name>
         <value>0x2000ea9f</value>
         <object_component_ref idref="oc-36d"/>
      </symbol>
      <symbol id="sm-6ac">
         <name>HwiP_delete</name>
         <value>0x2000eae1</value>
         <object_component_ref idref="oc-515"/>
      </symbol>
      <symbol id="sm-6ad">
         <name>HwiP_construct</name>
         <value>0x2000d3e9</value>
         <object_component_ref idref="oc-41f"/>
      </symbol>
      <symbol id="sm-6ae">
         <name>HwiP_inISR</name>
         <value>0x2000ea09</value>
         <object_component_ref idref="oc-39c"/>
      </symbol>
      <symbol id="sm-6af">
         <name>HwiP_dispatch</name>
         <value>0x2000e789</value>
         <object_component_ref idref="oc-57a"/>
      </symbol>
      <symbol id="sm-6b0">
         <name>HwiP_destruct</name>
         <value>0x2000e7f5</value>
         <object_component_ref idref="oc-60a"/>
      </symbol>
      <symbol id="sm-6b1">
         <name>HwiP_clearInterrupt</name>
         <value>0x2000eb31</value>
         <object_component_ref idref="oc-50f"/>
      </symbol>
      <symbol id="sm-6b2">
         <name>HwiP_swiPIntNum</name>
         <value>0x2000f1b0</value>
         <object_component_ref idref="oc-580"/>
      </symbol>
      <symbol id="sm-6b3">
         <name>HwiP_Params_init</name>
         <value>0x2000ea59</value>
         <object_component_ref idref="oc-2d8"/>
      </symbol>
      <symbol id="sm-6b4">
         <name>HwiP_disable</name>
         <value>0x2000eb3f</value>
         <object_component_ref idref="oc-275"/>
      </symbol>
      <symbol id="sm-6b5">
         <name>HwiP_key</name>
         <value>0x2000f1ac</value>
         <object_component_ref idref="oc-580"/>
      </symbol>
      <symbol id="sm-6b6">
         <name>HwiP_create</name>
         <value>0x2000e645</value>
         <object_component_ref idref="oc-2de"/>
      </symbol>
      <symbol id="sm-6b7">
         <name>HwiP_post</name>
         <value>0x2000eba3</value>
         <object_component_ref idref="oc-5d9"/>
      </symbol>
      <symbol id="sm-6b8">
         <name>HwiP_enable</name>
         <value>0x2000eb4d</value>
         <object_component_ref idref="oc-159"/>
      </symbol>
      <symbol id="sm-6b9">
         <name>HwiP_restore</name>
         <value>0x2000eaf1</value>
         <object_component_ref idref="oc-27b"/>
      </symbol>
      <symbol id="sm-6e9">
         <name>PowerCC32XX_initPolicy</name>
         <value>0x2000dfdf</value>
         <object_component_ref idref="oc-342"/>
      </symbol>
      <symbol id="sm-6ea">
         <name>PowerCC32XX_sleepPolicy</name>
         <value>0x2000c651</value>
         <object_component_ref idref="oc-348"/>
      </symbol>
      <symbol id="sm-73f">
         <name>resetISR</name>
         <value>0x2000e91d</value>
         <object_component_ref idref="oc-21"/>
      </symbol>
      <symbol id="sm-740">
         <name>resetVectorAddr</name>
         <value>0x2000e930</value>
         <object_component_ref idref="oc-21"/>
      </symbol>
      <symbol id="sm-741">
         <name>initVectors</name>
         <value>0x2000e3a1</value>
         <object_component_ref idref="oc-59"/>
      </symbol>
      <symbol id="sm-742">
         <name>resetVectors</name>
         <value>0x20004000</value>
         <object_component_ref idref="oc-27"/>
      </symbol>
      <symbol id="sm-772">
         <name>SwiP_disable</name>
         <value>0x2000e8ad</value>
         <object_component_ref idref="oc-466"/>
      </symbol>
      <symbol id="sm-773">
         <name>SwiP_restore</name>
         <value>0x2000e0f1</value>
         <object_component_ref idref="oc-4a0"/>
      </symbol>
      <symbol id="sm-77e">
         <name>CPUcpsid</name>
         <value>0x2000e9f3</value>
         <object_component_ref idref="oc-a3"/>
      </symbol>
      <symbol id="sm-7c3">
         <name>IntVTableBaseSet</name>
         <value>0x2000ea1d</value>
         <object_component_ref idref="oc-af"/>
      </symbol>
      <symbol id="sm-7c4">
         <name>IntEnable</name>
         <value>0x2000cf0d</value>
         <object_component_ref idref="oc-b5"/>
      </symbol>
      <symbol id="sm-7c5">
         <name>IntMasterDisable</name>
         <value>0x2000eb8b</value>
         <object_component_ref idref="oc-53"/>
      </symbol>
      <symbol id="sm-7c6">
         <name>IntPendSet</name>
         <value>0x2000d475</value>
         <object_component_ref idref="oc-67b"/>
      </symbol>
      <symbol id="sm-800">
         <name>PinModeGet</name>
         <value>0x2000e4e5</value>
         <object_component_ref idref="oc-254"/>
      </symbol>
      <symbol id="sm-801">
         <name>PinConfigSet</name>
         <value>0x2000d4fd</value>
         <object_component_ref idref="oc-2cc"/>
      </symbol>
      <symbol id="sm-802">
         <name>PinModeSet</name>
         <value>0x2000e1bd</value>
         <object_component_ref idref="oc-25a"/>
      </symbol>
      <symbol id="sm-803">
         <name>PinToPadGet</name>
         <value>0x2000e891</value>
         <object_component_ref idref="oc-649"/>
      </symbol>
      <symbol id="sm-8cc">
         <name>PRCMLPDSRestoreInfoSet</name>
         <value>0x2000e025</value>
         <object_component_ref idref="oc-65d"/>
      </symbol>
      <symbol id="sm-8cd">
         <name>PRCMPeripheralReset</name>
         <value>0x2000daad</value>
         <object_component_ref idref="oc-248"/>
      </symbol>
      <symbol id="sm-8ce">
         <name>PRCMLPDSEnter</name>
         <value>0x2000dec1</value>
         <object_component_ref idref="oc-5ca"/>
      </symbol>
      <symbol id="sm-8cf">
         <name>PRCMPeripheralClkEnable</name>
         <value>0x2000df09</value>
         <object_component_ref idref="oc-242"/>
      </symbol>
      <symbol id="sm-8d0">
         <name>PRCMLPDSEnterKeepDebugIf</name>
         <value>0x2000e331</value>
         <object_component_ref idref="oc-5d0"/>
      </symbol>
      <symbol id="sm-8d1">
         <name>PRCMCC3200MCUInit</name>
         <value>0x2000c041</value>
         <object_component_ref idref="oc-1c2"/>
      </symbol>
      <symbol id="sm-8d2">
         <name>PRCMHIBRegWrite</name>
         <value>0x2000e9c7</value>
         <object_component_ref idref="oc-236"/>
      </symbol>
      <symbol id="sm-8d3">
         <name>PRCMSysResetCauseGet</name>
         <value>0x2000d93d</value>
         <object_component_ref idref="oc-22f"/>
      </symbol>
      <symbol id="sm-8d4">
         <name>PRCMPeripheralClkDisable</name>
         <value>0x2000e6c5</value>
         <object_component_ref idref="oc-24e"/>
      </symbol>
      <symbol id="sm-8d5">
         <name>PRCMHIBRegRead</name>
         <value>0x2000e9b1</value>
         <object_component_ref idref="oc-23c"/>
      </symbol>
      <symbol id="sm-91d">
         <name>TimerLoadSet</name>
         <value>0x2000e66f</value>
         <object_component_ref idref="oc-535"/>
      </symbol>
      <symbol id="sm-91e">
         <name>TimerDisable</name>
         <value>0x2000e853</value>
         <object_component_ref idref="oc-529"/>
      </symbol>
      <symbol id="sm-91f">
         <name>TimerEnable</name>
         <value>0x2000e871</value>
         <object_component_ref idref="oc-562"/>
      </symbol>
      <symbol id="sm-920">
         <name>TimerIntDisable</name>
         <value>0x2000e969</value>
         <object_component_ref idref="oc-68c"/>
      </symbol>
      <symbol id="sm-921">
         <name>TimerPrescaleSet</name>
         <value>0x2000e699</value>
         <object_component_ref idref="oc-52f"/>
      </symbol>
      <symbol id="sm-922">
         <name>TimerControlStall</name>
         <value>0x2000e411</value>
         <object_component_ref idref="oc-53b"/>
      </symbol>
      <symbol id="sm-923">
         <name>TimerIntEnable</name>
         <value>0x2000e981</value>
         <object_component_ref idref="oc-556"/>
      </symbol>
      <symbol id="sm-924">
         <name>TimerIntClear</name>
         <value>0x2000ea6b</value>
         <object_component_ref idref="oc-54d"/>
      </symbol>
      <symbol id="sm-928">
         <name>UtilsDelay</name>
         <value>0x2000eb9d</value>
         <object_component_ref idref="oc-235"/>
      </symbol>
      <symbol id="sm-938">
         <name>FlashDisable</name>
         <value>0x2000de79</value>
         <object_component_ref idref="oc-673"/>
      </symbol>
      <symbol id="sm-941">
         <name>__aeabi_lmul</name>
         <value>0x2000e999</value>
         <object_component_ref idref="oc-495"/>
      </symbol>
      <symbol id="sm-95c">
         <name>memcpy</name>
         <value>0x2000d0fd</value>
         <object_component_ref idref="oc-3b"/>
      </symbol>
      <symbol id="sm-95d">
         <name>__aeabi_memcpy</name>
         <value>0x2000d0fd</value>
         <object_component_ref idref="oc-3b"/>
      </symbol>
      <symbol id="sm-95e">
         <name>__aeabi_memcpy8</name>
         <value>0x2000d0fd</value>
         <object_component_ref idref="oc-3b"/>
      </symbol>
      <symbol id="sm-95f">
         <name>__aeabi_memcpy4</name>
         <value>0x2000d0fd</value>
         <object_component_ref idref="oc-3b"/>
      </symbol>
      <symbol id="sm-96c">
         <name>__aeabi_uldivmod</name>
         <value>0x2000d231</value>
         <object_component_ref idref="oc-48a"/>
      </symbol>
      <symbol id="sm-980">
         <name>__TI_zero_init_nomemset</name>
         <value>0x2000e8c9</value>
         <object_component_ref idref="oc-47"/>
      </symbol>
      <symbol id="sm-997">
         <name>__TI_decompress_none</name>
         <value>0x2000eb5b</value>
         <object_component_ref idref="oc-1a"/>
      </symbol>
      <symbol id="sm-9ba">
         <name>__TI_decompress_lzss</name>
         <value>0x2000d871</value>
         <object_component_ref idref="oc-14"/>
      </symbol>
      <symbol id="sm-a43">
         <name>_sys_memory</name>
         <value>0x20004040</value>
         <object_component_ref idref="oc-2a"/>
      </symbol>
      <symbol id="sm-a44">
         <name>free</name>
         <value>0x2000cca5</value>
         <object_component_ref idref="oc-366"/>
      </symbol>
      <symbol id="sm-a45">
         <name>memalign</name>
         <value>0x2000cba5</value>
         <object_component_ref idref="oc-570"/>
      </symbol>
      <symbol id="sm-a46">
         <name>malloc</name>
         <value>0x2000eb95</value>
         <object_component_ref idref="oc-419"/>
      </symbol>
      <symbol id="sm-a47">
         <name>aligned_alloc</name>
         <value>0x2000cba5</value>
         <object_component_ref idref="oc-570"/>
      </symbol>
      <symbol id="sm-a59">
         <name>__stack</name>
         <value>0x20003000</value>
         <object_component_ref idref="oc-2d"/>
      </symbol>
      <symbol id="sm-a5a">
         <name>_c_int00_noargs</name>
         <value>0x2000e7d1</value>
         <object_component_ref idref="oc-c5"/>
      </symbol>
      <symbol id="sm-a64">
         <name>__aeabi_idiv0</name>
         <value>0x2000ebb5</value>
         <object_component_ref idref="oc-59b"/>
      </symbol>
      <symbol id="sm-a65">
         <name>__aeabi_ldiv0</name>
         <value>0x2000ebb5</value>
         <object_component_ref idref="oc-59b"/>
      </symbol>
      <symbol id="sm-a8e">
         <name>__TI_auto_init_nobinit_nopinit</name>
         <value>0x2000e179</value>
         <object_component_ref idref="oc-172"/>
      </symbol>
      <symbol id="sm-a98">
         <name>_system_pre_init</name>
         <value>0x2000ebab</value>
         <object_component_ref idref="oc-114"/>
      </symbol>
      <symbol id="sm-aa4">
         <name>C$$EXIT</name>
         <value>0x2000ebaf</value>
         <object_component_ref idref="oc-166"/>
      </symbol>
      <symbol id="sm-aa5">
         <name>abort</name>
         <value>0x2000ebaf</value>
         <object_component_ref idref="oc-166"/>
      </symbol>
      <symbol id="sm-aba">
         <name>_nop</name>
         <value>0x2000e88f</value>
         <object_component_ref idref="oc-30a"/>
      </symbol>
      <symbol id="sm-abb">
         <name>_lock</name>
         <value>0x2000f194</value>
         <object_component_ref idref="oc-207"/>
      </symbol>
      <symbol id="sm-abc">
         <name>_unlock</name>
         <value>0x2000f198</value>
         <object_component_ref idref="oc-207"/>
      </symbol>
      <symbol id="sm-abe">
         <name>__TI_static_base__</name>
         <value>0x2000f6a0</value>
      </symbol>
      <symbol id="sm-ac1">
         <name>ITM_flush</name>
         <value>0x0</value>
      </symbol>
      <symbol id="sm-ac2">
         <name>ITM_restore</name>
         <value>0x0</value>
      </symbol>
      <symbol id="sm-ac3">
         <name>__mpu_init</name>
         <value>0x0</value>
      </symbol>
      <symbol id="sm-ac4">
         <name>_system_post_cinit</name>
         <value>0x0</value>
      </symbol>
      <symbol id="sm-ac5">
         <name>NoRTOS_start</name>
         <value>0x2000eb4d</value>
      </symbol>
   </symbol_table>
   <title>Link successful</title>
</link_info>
