******************************************************************************
                  TI ARM Linker PC v20.2.7                     
******************************************************************************
>> Linked Sun Jun  4 21:57:39 2023

OUTPUT FILE NAME:   <Module 5 Milestone.out>
ENTRY POINT SYMBOL: "resetISR"  address: 2000e91d


MEMORY CONFIGURATION

         name            origin    length      used     unused   attr    fill
----------------------  --------  ---------  --------  --------  ----  --------
  SRAM2                 20000000   00004000  0000130c  00002cf4  RW X
  SRAM                  20004000   0003c000  0000b7ae  00030852  RW X
  LOG_DATA              90000000   00040000  00000000  00040000  R   


SEGMENT ALLOCATION MAP

run origin  load origin   length   init length attrs members
----------  ----------- ---------- ----------- ----- -------
20003000    20003000    00001000   00000000    rw-
  20003000    20003000    00001000   00000000    rw- .stack
20004000    20004000    00000040   00000040    r--
  20004000    20004000    00000040   00000040    r-- .resetVecs
20004040    20004040    00008000   00000000    rw-
  20004040    20004040    00008000   00000000    rw- .sysmem
2000c040    2000c040    00002b76   00002b76    r-x
  2000c040    2000c040    00002b76   00002b76    r-x .text
2000ebb8    2000ebb8    00000608   00000000    rw-
  2000ebb8    2000ebb8    00000608   00000000    rw- .data
2000f1c0    2000f1c0    000002d0   000002d0    r--
  2000f1c0    2000f1c0    000002d0   000002d0    r-- .const
2000f490    2000f490    00000210   00000000    rw-
  2000f490    2000f490    00000210   00000000    rw- .bss
2000f6a0    2000f6a0    00000110   00000110    r--
  2000f6a0    2000f6a0    00000110   00000110    r-- .cinit


SECTION ALLOCATION MAP

 output                                  attributes/
section   page    origin      length       input sections
--------  ----  ----------  ----------   ----------------
.text      0    2000c040    00002b76     
                  2000c040    0000042c     driverlib.a : prcm.obj (.text:PRCMCC3200MCUInit)
                  2000c46c    000001e4     drivers_cc32xx.a : GPIOCC32XX.oem4 (.text:GPIO_setConfig)
                  2000c650    0000019c     nortos_cc32xx.a : PowerCC32XX_nortos.oem4 (.text:PowerCC32XX_sleepPolicy)
                  2000c7ec    00000148     drivers_cc32xx.a : PowerCC32XX.oem4 (.text:parkPins)
                  2000c934    00000138                      : PowerCC32XX.oem4 (.text:Power_sleep)
                  2000ca6c    00000138                      : TimerCC32XX.oem4 (.text:Timer_open)
                  2000cba4    00000100     rtsv7M4_T_le_eabi.lib : memory.c.obj (.text:aligned_alloc)
                  2000cca4    000000e4                           : memory.c.obj (.text:free)
                  2000cd88    000000c4     drivers_cc32xx.a : GPIOCC32XX.oem4 (.text:GPIO_init)
                  2000ce4c    000000c0                      : PowerCC32XX.oem4 (.text:restoreParkedPins)
                  2000cf0c    000000a8     driverlib.a : interrupt.obj (.text:IntEnable)
                  2000cfb4    000000a8     drivers_cc32xx.a : PowerCC32XX.oem4 (.text:PowerCC32XX_configureWakeup)
                  2000d05c    000000a0     nortos_cc32xx.a : SemaphoreP_nortos.oem4 (.text:SemaphoreP_pend)
                  2000d0fc    0000009c     rtsv7M4_T_le_eabi.lib : memcpy_t2.asm.obj (.text)
                  2000d198    00000098     drivers_cc32xx.a : GPIOCC32XX.oem4 (.text:powerNotifyFxn)
                  2000d230    00000096     rtsv7M4_T_le_eabi.lib : ull_div_t2.asm.obj (.text)
                  2000d2c6    00000002     ti_drivers_config.obj (.text:Board_initHook)
                  2000d2c8    00000090     drivers_cc32xx.a : PowerCC32XX.oem4 (.text:restoreNVICRegs)
                  2000d358    00000090     gpiointerrupt.obj (.text:timerCallback)
                  2000d3e8    0000008c     nortos_cc32xx.a : HwiPCC32XX_nortos.oem4 (.text:HwiP_construct)
                  2000d474    00000088     driverlib.a : interrupt.obj (.text:IntPendSet)
                  2000d4fc    00000088                 : pin.obj (.text:PinConfigSet)
                  2000d584    00000084     drivers_cc32xx.a : PowerCC32XX.oem4 (.text:Power_init)
                  2000d608    00000084                      : PowerCC32XX.oem4 (.text:saveNVICRegs)
                  2000d68c    00000080                      : PowerCC32XX.oem4 (.text:Power_setDependency)
                  2000d70c    0000007c     gpiointerrupt.obj (.text:mainThread)
                  2000d788    00000078     drivers_cc32xx.a : GPIOCC32XX.oem4 (.text:GPIO_hwiIntFxn)
                  2000d800    00000070     rtsv7M4_T_le_eabi.lib : memory.c.obj (.text:split)
                  2000d870    00000068                           : copy_decompress_lzss.c.obj (.text:decompress:lzss:__TI_decompress_lzss)
                  2000d8d8    00000064     drivers_cc32xx.a : PowerCC32XX.oem4 (.text:PowerCC32XX_setParkState)
                  2000d93c    00000060     driverlib.a : prcm.obj (.text:PRCMSysResetCauseGet)
                  2000d99c    0000005c     drivers_cc32xx.a : GPIOCC32XX.oem4 (.text:GPIO_setCallback)
                  2000d9f8    0000005c     nortos_cc32xx.a : ClockPSysTick_nortos.oem4 (.text:sysTickInit)
                  2000da54    00000058     drivers_cc32xx.a : GPIOCC32XX.oem4 (.text:GPIO_write)
                  2000daac    00000058     driverlib.a : prcm.obj (.text:PRCMPeripheralReset)
                  2000db04    00000058     drivers_cc32xx.a : PowerCC32XX.oem4 (.text:Power_releaseDependency)
                  2000db5c    00000054     gpiointerrupt.obj (.text:setMorseLEDs)
                  2000dbb0    00000052     drivers_cc32xx.a : PowerCC32XX_asm.oem4 (.text:PowerCC32XX_resumeLPDS)
                  2000dc02    00000052                      : TimerCC32XX.oem4 (.text:initHw)
                  2000dc54    00000050     nortos_cc32xx.a : ClockPSysTick_nortos.oem4 (.text:ClockP_sysTickHandler)
                  2000dca4    00000050                     : SemaphoreP_nortos.oem4 (.text:SemaphoreP_construct)
                  2000dcf4    00000050     drivers_cc32xx.a : TimerCC32XX.oem4 (.text:TimerCC32XX_allocateTimerResource)
                  2000dd44    00000050     gpiointerrupt.obj (.text:initTimer)
                  2000dd94    0000004c     drivers_cc32xx.a : GPIOCC32XX.oem4 (.text:GPIO_enableInt)
                  2000dde0    0000004c                      : PowerCC32XX.oem4 (.text:PowerCC32XX_parkPin)
                  2000de2c    0000004c                      : PowerCC32XX.oem4 (.text:restorePeriphClocks)
                  2000de78    00000048     driverlib.a : flash.obj (.text:FlashDisable)
                  2000dec0    00000048                 : prcm.obj (.text:PRCMLPDSEnter)
                  2000df08    00000048                 : prcm.obj (.text:PRCMPeripheralClkEnable)
                  2000df50    00000048     drivers_cc32xx.a : PowerCC32XX.oem4 (.text:Power_releaseConstraint)
                  2000df98    00000046                      : TimerCC32XX.oem4 (.text:getPrescaler)
                  2000dfde    00000002     nortos_cc32xx.a : PowerCC32XX_nortos.oem4 (.text:PowerCC32XX_initPolicy)
                  2000dfe0    00000044                     : ClockPSysTick_nortos.oem4 (.text:ClockP_stop)
                  2000e024    00000044     driverlib.a : prcm.obj (.text:PRCMLPDSRestoreInfoSet)
                  2000e068    00000044     drivers_cc32xx.a : PowerCC32XX_asm.oem4 (.text:PowerCC32XX_enterLPDS)
                  2000e0ac    00000044     nortos_cc32xx.a : SemaphoreP_nortos.oem4 (.text:SemaphoreP_post)
                  2000e0f0    00000044                     : SwiP_nortos.oem4 (.text:SwiP_restore)
                  2000e134    00000044     drivers_cc32xx.a : Timer.oem4 (.text:Timer_start)
                  2000e178    00000044     rtsv7M4_T_le_eabi.lib : autoinit.c.obj (.text:__TI_auto_init_nobinit_nopinit:__TI_auto_init_nobinit_nopinit)
                  2000e1bc    00000040     driverlib.a : pin.obj (.text:PinModeSet)
                  2000e1fc    00000040     drivers_cc32xx.a : TimerCC32XX.oem4 (.text:TimerSupport_timerEnable)
                  2000e23c    00000040                      : TimerCC32XX.oem4 (.text:Timer_close)
                  2000e27c    0000003c     nortos_cc32xx.a : ClockPSysTick_nortos.oem4 (.text:ClockP_destruct)
                  2000e2b8    0000003c     drivers_cc32xx.a : PowerCC32XX.oem4 (.text:Power_setConstraint)
                  2000e2f4    0000003a     nortos_cc32xx.a : PowerCC32XX_nortos.oem4 (.text:getCountsRTC)
                  2000e32e    00000002                     : SemaphoreP_nortos.oem4 (.text:SemaphoreP_destruct)
                  2000e330    00000038     driverlib.a : prcm.obj (.text:PRCMLPDSEnterKeepDebugIf)
                  2000e368    00000038     nortos_cc32xx.a : ClockPSysTick_nortos.oem4 (.text:addToList)
                  2000e3a0    00000038                     : startup_cc32xx_ccs.oem4 (.text:initVectors)
                  2000e3d8    00000038     drivers_cc32xx.a : PowerCC32XX.oem4 (.text:notify)
                  2000e410    00000036     driverlib.a : timer.obj (.text:TimerControlStall)
                  2000e446    00000036     drivers_cc32xx.a : Timer.oem4 (.text:Timer_stop)
                  2000e47c    00000034     nortos_cc32xx.a : ClockPSysTick_nortos.oem4 (.text:ClockP_getTicksUntilInterrupt)
                  2000e4b0    00000034                     : ClockPSysTick_nortos.oem4 (.text:ClockP_startup)
                  2000e4e4    00000034     driverlib.a : pin.obj (.text:PinModeGet)
                  2000e518    00000034     drivers_cc32xx.a : TimerCC32XX.oem4 (.text:TimerCC32XX_freeTimerResource)
                  2000e54c    00000034                      : TimerCC32XX.oem4 (.text:TimerCC32XX_hwiIntFunction)
                  2000e580    00000034                      : TimerCC32XX.oem4 (.text:getPowerMgrId)
                  2000e5b4    00000030     nortos_cc32xx.a : ClockPSysTick_nortos.oem4 (.text:ClockP_start)
                  2000e5e4    00000030     drivers_cc32xx.a : PowerCC32XX.oem4 (.text:PowerCC32XX_restoreParkedPin)
                  2000e614    00000030     gpiointerrupt.obj (.text:gpioButtonCallback)
                  2000e644    0000002a     nortos_cc32xx.a : HwiPCC32XX_nortos.oem4 (.text:HwiP_create)
                  2000e66e    0000002a     driverlib.a : timer.obj (.text:TimerLoadSet)
                  2000e698    0000002a                 : timer.obj (.text:TimerPrescaleSet)
                  2000e6c2    00000002     drivers_cc32xx.a : Timer.oem4 (.text:Timer_init)
                  2000e6c4    00000028     driverlib.a : prcm.obj (.text:PRCMPeripheralClkDisable)
                  2000e6ec    00000028     drivers_cc32xx.a : PowerCC32XX.oem4 (.text:Power_registerNotify)
                  2000e714    00000028     rtsv7M4_T_le_eabi.lib : memory.c.obj (.text:free_list_insert)
                  2000e73c    00000026     drivers_cc32xx.a : List.oem4 (.text:List_put)
                  2000e762    00000026                      : List.oem4 (.text:List_remove)
                  2000e788    00000024     nortos_cc32xx.a : HwiPCC32XX_nortos.oem4 (.text:HwiP_dispatch)
                  2000e7ac    00000024     drivers_cc32xx.a : TimerCC32XX.oem4 (.text:TimerSupport_timerDisable)
                  2000e7d0    00000024     rtsv7M4_T_le_eabi.lib : boot_cortex_m.c.obj (.text:_c_int00_noargs:_c_int00_noargs)
                  2000e7f4    00000020     nortos_cc32xx.a : HwiPCC32XX_nortos.oem4 (.text:HwiP_destruct)
                  2000e814    00000020     drivers_cc32xx.a : PowerCC32XX.oem4 (.text:Power_unregisterNotify)
                  2000e834    0000001e     nortos_cc32xx.a : SemaphoreP_nortos.oem4 (.text:SemaphoreP_constructBinary)
                  2000e852    0000001e     driverlib.a : timer.obj (.text:TimerDisable)
                  2000e870    0000001e                 : timer.obj (.text:TimerEnable)
                  2000e88e    00000002     rtsv7M4_T_le_eabi.lib : _lock.c.obj (.text:_nop)
                  2000e890    0000001c     driverlib.a : pin.obj (.text:PinToPadGet)
                  2000e8ac    0000001c     nortos_cc32xx.a : SwiP_nortos.oem4 (.text:SwiP_disable)
                  2000e8c8    0000001c     rtsv7M4_T_le_eabi.lib : copy_zero_init.c.obj (.text:decompress:ZI:__TI_zero_init_nomemset:__TI_zero_init_nomemset)
                  2000e8e4    0000001c                           : memory.c.obj (.text:free_list_remove)
                  2000e900    0000001a     nortos_cc32xx.a : SemaphoreP_nortos.oem4 (.text:SemaphoreP_createBinary)
                  2000e91a    00000002                     : startup_cc32xx_ccs.oem4 (.text:busFaultHandler)
                  2000e91c    0000001a                     : startup_cc32xx_ccs.oem4 (.text:resetISR)
                  2000e936    00000002                     : SemaphoreP_nortos.oem4 (.text:clkFxn)
                  2000e938    00000018     drivers_cc32xx.a : PowerCC32XX.oem4 (.text:Power_getTransitionLatency)
                  2000e950    00000018                      : PowerCC32XX.oem4 (.text:Power_idleFunc)
                  2000e968    00000018     driverlib.a : timer.obj (.text:TimerIntDisable)
                  2000e980    00000018                 : timer.obj (.text:TimerIntEnable)
                  2000e998    00000018     rtsv7M4_T_le_eabi.lib : ll_mul_t2.asm.obj (.text)
                  2000e9b0    00000016     driverlib.a : prcm.obj (.text:PRCMHIBRegRead)
                  2000e9c6    00000016                 : prcm.obj (.text:PRCMHIBRegWrite)
                  2000e9dc    00000016     nortos_cc32xx.a : SemaphoreP_nortos.oem4 (.text:SemaphoreP_create)
                  2000e9f2    00000014     driverlib.a : cpu.obj (.text:CPUcpsid)
                  2000ea06    00000002     nortos_cc32xx.a : startup_cc32xx_ccs.oem4 (.text:defaultHandler)
                  2000ea08    00000014                     : HwiPCC32XX_nortos.oem4 (.text:HwiP_inISR)
                  2000ea1c    00000014     driverlib.a : interrupt.obj (.text:IntVTableBaseSet)
                  2000ea30    00000014     drivers_cc32xx.a : PowerCC32XX.oem4 (.text:Power_disablePolicy)
                  2000ea44    00000014                      : PowerCC32XX.oem4 (.text:Power_getDependencyCount)
                  2000ea58    00000012     nortos_cc32xx.a : HwiPCC32XX_nortos.oem4 (.text:HwiP_Params_init)
                  2000ea6a    00000012     driverlib.a : timer.obj (.text:TimerIntClear)
                  2000ea7c    00000012     main_nortos.obj (.text:main)
                  2000ea8e    00000010     ti_drivers_config.obj (.text:Board_init)
                  2000ea9e    00000010     nortos_cc32xx.a : ClockPSysTick_nortos.oem4 (.text:ClockP_add)
                  2000eaae    00000002                     : startup_cc32xx_ccs.oem4 (.text:faultISR)
                  2000eab0    00000010                     : ClockPSysTick_nortos.oem4 (.text:ClockP_getCpuFreq)
                  2000eac0    00000010                     : ClockPSysTick_nortos.oem4 (.text:ClockP_getSystemTicks)
                  2000ead0    00000010                     : ClockPSysTick_nortos.oem4 (.text:ClockP_setTicks)
                  2000eae0    00000010                     : HwiPCC32XX_nortos.oem4 (.text:HwiP_delete)
                  2000eaf0    00000010                     : HwiPCC32XX_nortos.oem4 (.text:HwiP_restore)
                  2000eb00    00000010     drivers_cc32xx.a : PowerCC32XX.oem4 (.text:Power_enablePolicy)
                  2000eb10    00000010     nortos_cc32xx.a : SemaphoreP_nortos.oem4 (.text:SemaphoreP_Params_init)
                  2000eb20    00000010     drivers_cc32xx.a : Timer.oem4 (.text:Timer_Params_init)
                  2000eb30    0000000e     nortos_cc32xx.a : HwiPCC32XX_nortos.oem4 (.text:HwiP_clearInterrupt)
                  2000eb3e    0000000e                     : HwiPCC32XX_nortos.oem4 (.text:HwiP_disable)
                  2000eb4c    0000000e                     : HwiPCC32XX_nortos.oem4 (.text:HwiP_enable)
                  2000eb5a    0000000e     rtsv7M4_T_le_eabi.lib : copy_decompress_none.c.obj (.text:decompress:none:__TI_decompress_none)
                  2000eb68    0000000c     drivers_cc32xx.a : PowerCC32XX.oem4 (.text:Power_getConstraintMask)
                  2000eb74    0000000c                      : TimerCC32XX.oem4 (.text:postNotifyFxn)
                  2000eb80    0000000a     nortos_cc32xx.a : ClockPSysTick_nortos.oem4 (.text:ClockP_isActive)
                  2000eb8a    0000000a     driverlib.a : interrupt.obj (.text:IntMasterDisable)
                  2000eb94    00000008     rtsv7M4_T_le_eabi.lib : memory.c.obj (.text:malloc)
                  2000eb9c    00000006     driverlib.a : utils.obj (.text:UtilsDelay)
                  2000eba2    00000004     nortos_cc32xx.a : HwiPCC32XX_nortos.oem4 (.text:HwiP_post)
                  2000eba6    00000004                     : SemaphoreP_nortos.oem4 (.text:SemaphoreP_delete)
                  2000ebaa    00000004     rtsv7M4_T_le_eabi.lib : pre_init.c.obj (.text:_system_pre_init)
                  2000ebae    00000004                           : exit.c.obj (.text:abort:abort)
                  2000ebb2    00000002     nortos_cc32xx.a : startup_cc32xx_ccs.oem4 (.text:nmiISR)
                  2000ebb4    00000002     rtsv7M4_T_le_eabi.lib : div0.asm.obj (.text)

.const     0    2000f1c0    000002d0     
                  2000f1c0    00000100     driverlib.a : pin.obj (.const:g_ulPinToPadMap)
                  2000f2c0    000000a8                 : prcm.obj (.const:PRCM_PeriphRegsList)
                  2000f368    00000044     ti_drivers_config.obj (.const:PowerCC32XX_config)
                  2000f3ac    00000021     drivers_cc32xx.a : GPIOCC32XX.oem4 (.const:.string:pinTable)
                  2000f3cd    00000003     --HOLE-- [fill = 0]
                  2000f3d0    00000018     driverlib.a : interrupt.obj (.const:g_pulEnRegs)
                  2000f3e8    00000018                 : interrupt.obj (.const:g_pulPendRegs)
                  2000f400    00000014     ti_drivers_config.obj (.const:GPIOCC32XX_config)
                  2000f414    00000014     drivers_cc32xx.a : GPIOCC32XX.oem4 (.const:gpioBaseAddresses)
                  2000f428    00000014                      : GPIOCC32XX.oem4 (.const:powerResources)
                  2000f43c    00000010     ti_drivers_config.obj (.const:timerCC32XXHWAttrs)
                  2000f44c    0000000c     drivers_cc32xx.a : Timer.oem4 (.const:defaultParams)
                  2000f458    0000000c                      : TimerCC32XX.oem4 (.const:defaultParams)
                  2000f464    00000008     ti_drivers_config.obj (.const:Timer_config)
                  2000f46c    00000008     drivers_cc32xx.a : GPIOCC32XX.oem4 (.const:outPinTypes)
                  2000f474    00000006                      : GPIOCC32XX.oem4 (.const:.string:interruptType)
                  2000f47a    00000006                      : GPIOCC32XX.oem4 (.const:inPinTypes)
                  2000f480    00000006                      : GPIOCC32XX.oem4 (.const:outPinStrengths)
                  2000f486    00000006     ti_drivers_config.obj (.const)
                  2000f48c    00000004     drivers_cc32xx.a : GPIOCC32XX.oem4 (.const:.string:portInterruptIds)

.cinit     0    2000f6a0    00000110     
                  2000f6a0    000000eb     (.cinit..data.load) [load image, compression = lzss]
                  2000f78b    00000001     --HOLE-- [fill = 0]
                  2000f78c    0000000c     (__TI_handler_table)
                  2000f798    00000008     (.cinit..bss.load) [load image, compression = zero_init]
                  2000f7a0    00000010     (__TI_cinit_table)

.init_array 
*          0    20004000    00000000     UNINITIALIZED

.ramVecs   0    20000000    0000030c     NOLOAD SECTION
                  20000000    0000030c     nortos_cc32xx.a : startup_cc32xx_ccs.oem4 (.ramVecs)

.stack     0    20003000    00001000     UNINITIALIZED
                  20003000    00000004     rtsv7M4_T_le_eabi.lib : boot_cortex_m.c.obj (.stack)
                  20003004    00000ffc     --HOLE--

.resetVecs 
*          0    20004000    00000040     
                  20004000    00000040     nortos_cc32xx.a : startup_cc32xx_ccs.oem4 (.resetVecs:retain)

.sysmem    0    20004040    00008000     UNINITIALIZED
                  20004040    00000010     rtsv7M4_T_le_eabi.lib : memory.c.obj (.sysmem)
                  20004050    00007ff0     --HOLE--

.data      0    2000ebb8    00000608     UNINITIALIZED
                  2000ebb8    0000030c     nortos_cc32xx.a : HwiPCC32XX_nortos.oem4 (.data:HwiP_dispatchTable)
                  2000eec4    0000016c     drivers_cc32xx.a : PowerCC32XX.oem4 (.data:PowerCC32XX_module)
                  2000f030    000000f8     ti_drivers_config.obj (.data:parkInfo)
                  2000f128    00000022     gpiointerrupt.obj (.data:sosMessage)
                  2000f14a    0000001e     gpiointerrupt.obj (.data:okMessage)
                  2000f168    00000010     ti_drivers_config.obj (.data:gpioCallbackFunctions)
                  2000f178    00000010     ti_drivers_config.obj (.data:gpioPinConfigs)
                  2000f188    00000009     drivers_cc32xx.a : GPIOCC32XX.oem4 (.data)
                  2000f191    00000003     nortos_cc32xx.a : SemaphoreP_nortos.oem4 (.data)
                  2000f194    00000008     rtsv7M4_T_le_eabi.lib : _lock.c.obj (.data:$O1$$)
                  2000f19c    00000008                           : memory.c.obj (.data:$O1$$)
                  2000f1a4    00000008     nortos_cc32xx.a : SemaphoreP_nortos.oem4 (.data:SemaphoreP_defaultParams)
                  2000f1ac    00000008                     : HwiPCC32XX_nortos.oem4 (.data)
                  2000f1b4    00000005                     : ClockPSysTick_nortos.oem4 (.data)
                  2000f1b9    00000003     --HOLE--
                  2000f1bc    00000004     gpiointerrupt.obj (.data)

.bss       0    2000f490    00000210     UNINITIALIZED
                  2000f490    0000012c     (.common:PowerCC32XX_contextSave)
                  2000f5bc    00000084     (.common:timerCC32XXObjects)
                  2000f640    00000020     drivers_cc32xx.a : GPIOCC32XX.oem4 (.bss:gpioCallbackInfo)
                  2000f660    00000014                      : GPIOCC32XX.oem4 (.bss:powerNotifyObj)
                  2000f674    00000004                      : GPIOCC32XX.oem4 (.bss)
                  2000f678    00000010     (.common:ClockP_ctrl)
                  2000f688    0000000d     nortos_cc32xx.a : SwiP_nortos.oem4 (.bss)
                  2000f695    00000001     (.common:BUTTON_STATE)
                  2000f696    00000001     (.common:CURRENT_MESSAGE)
                  2000f697    00000001     (.common:LED_STATE)
                  2000f698    00000004                     : ClockPSysTick_nortos.oem4 (.bss)
                  2000f69c    00000004     drivers_cc32xx.a : TimerCC32XX.oem4 (.bss:timerState)

.log_data 
*          0    90000000    00000000     COPY SECTION

__llvm_prf_cnts 
*          0    20004000    00000000     UNINITIALIZED

MODULE SUMMARY

       Module                       code    ro data   rw data
       ------                       ----    -------   -------
    .\
       gpiointerrupt.obj            480     0         71     
       main_nortos.obj              18      0         0      
    +--+----------------------------+-------+---------+---------+
       Total:                       498     0         71     
                                                             
    .\syscfg\
       ti_drivers_config.obj        18      118       412    
    +--+----------------------------+-------+---------+---------+
       Total:                       18      118       412    
                                                             
    C:/ti/simplelink_cc32xx_sdk_5_20_00_06/kernel/nortos/lib/ccs/m4/nortos_cc32xx.a
       HwiPCC32XX_nortos.oem4       366     0         788    
       startup_cc32xx_ccs.oem4      90      64        780    
       ClockPSysTick_nortos.oem4    582     0         25     
       PowerCC32XX_nortos.oem4      472     0         0      
       SemaphoreP_nortos.oem4       410     0         11     
       SwiP_nortos.oem4             96      0         13     
    +--+----------------------------+-------+---------+---------+
       Total:                       2016    64        1617   
                                                             
    C:/ti/simplelink_cc32xx_sdk_5_20_00_06/source/ti/devices/cc32xx/driverlib/ccs/Release/driverlib.a
       prcm.obj                     1604    168       0      
       pin.obj                      280     256       0      
       interrupt.obj                334     48        0      
       timer.obj                    264     0         0      
       flash.obj                    72      0         0      
       cpu.obj                      20      0         0      
       utils.obj                    6       0         0      
    +--+----------------------------+-------+---------+---------+
       Total:                       2580    472       0      
                                                             
    C:/ti/simplelink_cc32xx_sdk_5_20_00_06/source/ti/drivers/lib/ccs/m4/drivers_cc32xx.a
       PowerCC32XX.oem4             2300    0         664    
       GPIOCC32XX.oem4              1208    103       65     
       TimerCC32XX.oem4             876     12        4      
       Timer.oem4                   140     12        0      
       PowerCC32XX_asm.oem4         150     0         0      
       List.oem4                    76      0         0      
    +--+----------------------------+-------+---------+---------+
       Total:                       4750    127       733    
                                                             
    C:\ti\ccs1230\ccs\tools\compiler\ti-cgt-arm_20.2.7.LTS\lib\rtsv7M4_T_le_eabi.lib
       memory.c.obj                 672     0         8      
       memcpy_t2.asm.obj            156     0         0      
       ull_div_t2.asm.obj           150     0         0      
       copy_decompress_lzss.c.obj   104     0         0      
       autoinit.c.obj               68      0         0      
       boot_cortex_m.c.obj          36      0         0      
       copy_zero_init.c.obj         28      0         0      
       ll_mul_t2.asm.obj            24      0         0      
       copy_decompress_none.c.obj   14      0         0      
       _lock.c.obj                  2       0         8      
       exit.c.obj                   4       0         0      
       pre_init.c.obj               4       0         0      
       div0.asm.obj                 2       0         0      
    +--+----------------------------+-------+---------+---------+
       Total:                       1264    0         16     
                                                             
       Heap:                        0       0         32768  
       Stack:                       0       0         4096   
       Linker Generated:            0       271       0      
    +--+----------------------------+-------+---------+---------+
       Grand Total:                 11126   1052      39713  


LINKER GENERATED COPY TABLES

__TI_cinit_table @ 2000f7a0 records: 2, size/record: 8, table size: 16
	.data: load addr=2000f6a0, load size=000000eb bytes, run addr=2000ebb8, run size=00000608 bytes, compression=lzss
	.bss: load addr=2000f798, load size=00000008 bytes, run addr=2000f490, run size=00000210 bytes, compression=zero_init


LINKER GENERATED HANDLER TABLE

__TI_handler_table @ 2000f78c records: 3, size/record: 4, table size: 12
	index: 0, handler: __TI_decompress_lzss
	index: 1, handler: __TI_decompress_none
	index: 2, handler: __TI_zero_init


GLOBAL SYMBOLS: SORTED ALPHABETICALLY BY Name 

address   name                             
-------   ----                             
2000f695  BUTTON_STATE                     
2000ea8f  Board_init                       
2000d2c7  Board_initHook                   
2000ebaf  C$$EXIT                          
2000f486  CONFIG_GPIO_BUTTON_0_CONST       
2000f487  CONFIG_GPIO_BUTTON_1_CONST       
2000f488  CONFIG_GPIO_LED_0_CONST          
2000f489  CONFIG_GPIO_LED_1_CONST          
2000f48a  CONFIG_TIMER_0_CONST             
2000e9f3  CPUcpsid                         
2000f696  CURRENT_MESSAGE                  
2000ea9f  ClockP_add                       
2000f678  ClockP_ctrl                      
2000e27d  ClockP_destruct                  
2000dc55  ClockP_doTick                    
2000eab1  ClockP_getCpuFreq                
2000eac1  ClockP_getSystemTicks            
2000e47d  ClockP_getTicksUntilInterrupt    
2000eb81  ClockP_isActive                  
2000ead1  ClockP_setTicks                  
2000e5b5  ClockP_start                     
2000e4b1  ClockP_startup                   
2000dfe1  ClockP_stop                      
2000dc55  ClockP_sysTickHandler            
2000f1b4  ClockP_tickPeriod                
2000de79  FlashDisable                     
2000f400  GPIOCC32XX_config                
2000dd95  GPIO_enableInt                   
2000d789  GPIO_hwiIntFxn                   
2000cd89  GPIO_init                        
2000d99d  GPIO_setCallback                 
2000c46d  GPIO_setConfig                   
2000da55  GPIO_write                       
2000ea59  HwiP_Params_init                 
2000eb31  HwiP_clearInterrupt              
2000d3e9  HwiP_construct                   
2000e645  HwiP_create                      
2000eae1  HwiP_delete                      
2000e7f5  HwiP_destruct                    
2000eb3f  HwiP_disable                     
2000e789  HwiP_dispatch                    
2000eb4d  HwiP_enable                      
2000ea09  HwiP_inISR                       
2000f1ac  HwiP_key                         
2000eba3  HwiP_post                        
2000eaf1  HwiP_restore                     
2000f1b0  HwiP_swiPIntNum                  
UNDEFED   ITM_flush                        
UNDEFED   ITM_restore                      
2000cf0d  IntEnable                        
2000eb8b  IntMasterDisable                 
2000d475  IntPendSet                       
2000ea1d  IntVTableBaseSet                 
2000f697  LED_STATE                        
2000e73d  List_put                         
2000e763  List_remove                      
2000eb4d  NoRTOS_start                     
2000c041  PRCMCC3200MCUInit                
2000e9b1  PRCMHIBRegRead                   
2000e9c7  PRCMHIBRegWrite                  
2000dec1  PRCMLPDSEnter                    
2000e331  PRCMLPDSEnterKeepDebugIf         
2000e025  PRCMLPDSRestoreInfoSet           
2000e6c5  PRCMPeripheralClkDisable         
2000df09  PRCMPeripheralClkEnable          
2000daad  PRCMPeripheralReset              
2000d93d  PRCMSysResetCauseGet             
2000d4fd  PinConfigSet                     
2000e4e5  PinModeGet                       
2000e1bd  PinModeSet                       
2000e891  PinToPadGet                      
2000f368  PowerCC32XX_config               
2000cfb5  PowerCC32XX_configureWakeup      
2000f490  PowerCC32XX_contextSave          
2000e069  PowerCC32XX_enterLPDS            
2000dfdf  PowerCC32XX_initPolicy           
2000eec4  PowerCC32XX_module               
2000dde1  PowerCC32XX_parkPin              
2000e5e5  PowerCC32XX_restoreParkedPin     
2000dbb1  PowerCC32XX_resumeLPDS           
2000d8d9  PowerCC32XX_setParkState         
2000c651  PowerCC32XX_sleepPolicy          
2000ea31  Power_disablePolicy              
2000eb01  Power_enablePolicy               
2000eb69  Power_getConstraintMask          
2000ea45  Power_getDependencyCount         
2000e939  Power_getTransitionLatency       
2000e951  Power_idleFunc                   
2000d585  Power_init                       
2000e6ed  Power_registerNotify             
2000df51  Power_releaseConstraint          
2000db05  Power_releaseDependency          
2000e2b9  Power_setConstraint              
2000d68d  Power_setDependency              
2000c935  Power_sleep                      
2000e815  Power_unregisterNotify           
2000eb11  SemaphoreP_Params_init           
2000dca5  SemaphoreP_construct             
2000e835  SemaphoreP_constructBinary       
2000e9dd  SemaphoreP_create                
2000e901  SemaphoreP_createBinary          
2000f1a4  SemaphoreP_defaultParams         
2000eba7  SemaphoreP_delete                
2000e32f  SemaphoreP_destruct              
2000d05d  SemaphoreP_pend                  
2000e0ad  SemaphoreP_post                  
2000e8ad  SwiP_disable                     
2000e0f1  SwiP_restore                     
2000dcf5  TimerCC32XX_allocateTimerResource
2000e519  TimerCC32XX_freeTimerResource    
2000e411  TimerControlStall                
2000e853  TimerDisable                     
2000e871  TimerEnable                      
2000ea6b  TimerIntClear                    
2000e969  TimerIntDisable                  
2000e981  TimerIntEnable                   
2000e66f  TimerLoadSet                     
2000e699  TimerPrescaleSet                 
2000e7ad  TimerSupport_timerDisable        
2000e1fd  TimerSupport_timerEnable         
2000eb21  Timer_Params_init                
2000e23d  Timer_close                      
2000f464  Timer_config                     
2000f48b  Timer_count                      
2000e6c3  Timer_init                       
2000ca6d  Timer_open                       
2000e135  Timer_start                      
2000e447  Timer_stop                       
2000eb9d  UtilsDelay                       
20004000  __STACK_END                      
00001000  __STACK_SIZE                     
00008000  __SYSMEM_SIZE                    
2000f7a0  __TI_CINIT_Base                  
2000f7b0  __TI_CINIT_Limit                 
2000f78c  __TI_Handler_Table_Base          
2000f798  __TI_Handler_Table_Limit         
2000e179  __TI_auto_init_nobinit_nopinit   
2000d871  __TI_decompress_lzss             
2000eb5b  __TI_decompress_none             
ffffffff  __TI_pprof_out_hndl              
ffffffff  __TI_prof_data_size              
ffffffff  __TI_prof_data_start             
2000f6a0  __TI_static_base__               
2000e8c9  __TI_zero_init_nomemset          
2000ebb5  __aeabi_idiv0                    
2000ebb5  __aeabi_ldiv0                    
2000e999  __aeabi_lmul                     
2000d0fd  __aeabi_memcpy                   
2000d0fd  __aeabi_memcpy4                  
2000d0fd  __aeabi_memcpy8                  
2000d231  __aeabi_uldivmod                 
ffffffff  __binit__                        
ffffffff  __c_args__                       
UNDEFED   __mpu_init                       
20003000  __stack                          
20004000  __start___llvm_prf_cnts          
20004000  __stop___llvm_prf_cnts           
2000e7d1  _c_int00_noargs                  
2000f194  _lock                            
2000e88f  _nop                             
20004040  _sys_memory                      
UNDEFED   _system_post_cinit               
2000ebab  _system_pre_init                 
2000f198  _unlock                          
2000ebaf  abort                            
2000cba5  aligned_alloc                    
ffffffff  binit                            
2000e937  clkFxn                           
2000cca5  free                             
2000e615  gpioButtonCallback               
2000f168  gpioCallbackFunctions            
2000f178  gpioPinConfigs                   
2000f47a  inPinTypes                       
2000dd45  initTimer                        
2000e3a1  initVectors                      
2000ea7d  main                             
2000d70d  mainThread                       
2000eb95  malloc                           
2000cba5  memalign                         
2000d0fd  memcpy                           
2000f1bc  messageCounter                   
2000f14a  okMessage                        
2000f480  outPinStrengths                  
2000f46c  outPinTypes                      
2000f030  parkInfo                         
2000e91d  resetISR                         
2000e930  resetVectorAddr                  
20004000  resetVectors                     
2000db5d  setMorseLEDs                     
2000f128  sosMessage                       
2000f43c  timerCC32XXHWAttrs               
2000f5bc  timerCC32XXObjects               
2000d359  timerCallback                    


GLOBAL SYMBOLS: SORTED BY Symbol Address 

address   name                             
-------   ----                             
00001000  __STACK_SIZE                     
00008000  __SYSMEM_SIZE                    
20003000  __stack                          
20004000  __STACK_END                      
20004000  __start___llvm_prf_cnts          
20004000  __stop___llvm_prf_cnts           
20004000  resetVectors                     
20004040  _sys_memory                      
2000c041  PRCMCC3200MCUInit                
2000c46d  GPIO_setConfig                   
2000c651  PowerCC32XX_sleepPolicy          
2000c935  Power_sleep                      
2000ca6d  Timer_open                       
2000cba5  aligned_alloc                    
2000cba5  memalign                         
2000cca5  free                             
2000cd89  GPIO_init                        
2000cf0d  IntEnable                        
2000cfb5  PowerCC32XX_configureWakeup      
2000d05d  SemaphoreP_pend                  
2000d0fd  __aeabi_memcpy                   
2000d0fd  __aeabi_memcpy4                  
2000d0fd  __aeabi_memcpy8                  
2000d0fd  memcpy                           
2000d231  __aeabi_uldivmod                 
2000d2c7  Board_initHook                   
2000d359  timerCallback                    
2000d3e9  HwiP_construct                   
2000d475  IntPendSet                       
2000d4fd  PinConfigSet                     
2000d585  Power_init                       
2000d68d  Power_setDependency              
2000d70d  mainThread                       
2000d789  GPIO_hwiIntFxn                   
2000d871  __TI_decompress_lzss             
2000d8d9  PowerCC32XX_setParkState         
2000d93d  PRCMSysResetCauseGet             
2000d99d  GPIO_setCallback                 
2000da55  GPIO_write                       
2000daad  PRCMPeripheralReset              
2000db05  Power_releaseDependency          
2000db5d  setMorseLEDs                     
2000dbb1  PowerCC32XX_resumeLPDS           
2000dc55  ClockP_doTick                    
2000dc55  ClockP_sysTickHandler            
2000dca5  SemaphoreP_construct             
2000dcf5  TimerCC32XX_allocateTimerResource
2000dd45  initTimer                        
2000dd95  GPIO_enableInt                   
2000dde1  PowerCC32XX_parkPin              
2000de79  FlashDisable                     
2000dec1  PRCMLPDSEnter                    
2000df09  PRCMPeripheralClkEnable          
2000df51  Power_releaseConstraint          
2000dfdf  PowerCC32XX_initPolicy           
2000dfe1  ClockP_stop                      
2000e025  PRCMLPDSRestoreInfoSet           
2000e069  PowerCC32XX_enterLPDS            
2000e0ad  SemaphoreP_post                  
2000e0f1  SwiP_restore                     
2000e135  Timer_start                      
2000e179  __TI_auto_init_nobinit_nopinit   
2000e1bd  PinModeSet                       
2000e1fd  TimerSupport_timerEnable         
2000e23d  Timer_close                      
2000e27d  ClockP_destruct                  
2000e2b9  Power_setConstraint              
2000e32f  SemaphoreP_destruct              
2000e331  PRCMLPDSEnterKeepDebugIf         
2000e3a1  initVectors                      
2000e411  TimerControlStall                
2000e447  Timer_stop                       
2000e47d  ClockP_getTicksUntilInterrupt    
2000e4b1  ClockP_startup                   
2000e4e5  PinModeGet                       
2000e519  TimerCC32XX_freeTimerResource    
2000e5b5  ClockP_start                     
2000e5e5  PowerCC32XX_restoreParkedPin     
2000e615  gpioButtonCallback               
2000e645  HwiP_create                      
2000e66f  TimerLoadSet                     
2000e699  TimerPrescaleSet                 
2000e6c3  Timer_init                       
2000e6c5  PRCMPeripheralClkDisable         
2000e6ed  Power_registerNotify             
2000e73d  List_put                         
2000e763  List_remove                      
2000e789  HwiP_dispatch                    
2000e7ad  TimerSupport_timerDisable        
2000e7d1  _c_int00_noargs                  
2000e7f5  HwiP_destruct                    
2000e815  Power_unregisterNotify           
2000e835  SemaphoreP_constructBinary       
2000e853  TimerDisable                     
2000e871  TimerEnable                      
2000e88f  _nop                             
2000e891  PinToPadGet                      
2000e8ad  SwiP_disable                     
2000e8c9  __TI_zero_init_nomemset          
2000e901  SemaphoreP_createBinary          
2000e91d  resetISR                         
2000e930  resetVectorAddr                  
2000e937  clkFxn                           
2000e939  Power_getTransitionLatency       
2000e951  Power_idleFunc                   
2000e969  TimerIntDisable                  
2000e981  TimerIntEnable                   
2000e999  __aeabi_lmul                     
2000e9b1  PRCMHIBRegRead                   
2000e9c7  PRCMHIBRegWrite                  
2000e9dd  SemaphoreP_create                
2000e9f3  CPUcpsid                         
2000ea09  HwiP_inISR                       
2000ea1d  IntVTableBaseSet                 
2000ea31  Power_disablePolicy              
2000ea45  Power_getDependencyCount         
2000ea59  HwiP_Params_init                 
2000ea6b  TimerIntClear                    
2000ea7d  main                             
2000ea8f  Board_init                       
2000ea9f  ClockP_add                       
2000eab1  ClockP_getCpuFreq                
2000eac1  ClockP_getSystemTicks            
2000ead1  ClockP_setTicks                  
2000eae1  HwiP_delete                      
2000eaf1  HwiP_restore                     
2000eb01  Power_enablePolicy               
2000eb11  SemaphoreP_Params_init           
2000eb21  Timer_Params_init                
2000eb31  HwiP_clearInterrupt              
2000eb3f  HwiP_disable                     
2000eb4d  HwiP_enable                      
2000eb4d  NoRTOS_start                     
2000eb5b  __TI_decompress_none             
2000eb69  Power_getConstraintMask          
2000eb81  ClockP_isActive                  
2000eb8b  IntMasterDisable                 
2000eb95  malloc                           
2000eb9d  UtilsDelay                       
2000eba3  HwiP_post                        
2000eba7  SemaphoreP_delete                
2000ebab  _system_pre_init                 
2000ebaf  C$$EXIT                          
2000ebaf  abort                            
2000ebb5  __aeabi_idiv0                    
2000ebb5  __aeabi_ldiv0                    
2000eec4  PowerCC32XX_module               
2000f030  parkInfo                         
2000f128  sosMessage                       
2000f14a  okMessage                        
2000f168  gpioCallbackFunctions            
2000f178  gpioPinConfigs                   
2000f194  _lock                            
2000f198  _unlock                          
2000f1a4  SemaphoreP_defaultParams         
2000f1ac  HwiP_key                         
2000f1b0  HwiP_swiPIntNum                  
2000f1b4  ClockP_tickPeriod                
2000f1bc  messageCounter                   
2000f368  PowerCC32XX_config               
2000f400  GPIOCC32XX_config                
2000f43c  timerCC32XXHWAttrs               
2000f464  Timer_config                     
2000f46c  outPinTypes                      
2000f47a  inPinTypes                       
2000f480  outPinStrengths                  
2000f486  CONFIG_GPIO_BUTTON_0_CONST       
2000f487  CONFIG_GPIO_BUTTON_1_CONST       
2000f488  CONFIG_GPIO_LED_0_CONST          
2000f489  CONFIG_GPIO_LED_1_CONST          
2000f48a  CONFIG_TIMER_0_CONST             
2000f48b  Timer_count                      
2000f490  PowerCC32XX_contextSave          
2000f5bc  timerCC32XXObjects               
2000f678  ClockP_ctrl                      
2000f695  BUTTON_STATE                     
2000f696  CURRENT_MESSAGE                  
2000f697  LED_STATE                        
2000f6a0  __TI_static_base__               
2000f78c  __TI_Handler_Table_Base          
2000f798  __TI_Handler_Table_Limit         
2000f7a0  __TI_CINIT_Base                  
2000f7b0  __TI_CINIT_Limit                 
ffffffff  __TI_pprof_out_hndl              
ffffffff  __TI_prof_data_size              
ffffffff  __TI_prof_data_start             
ffffffff  __binit__                        
ffffffff  __c_args__                       
ffffffff  binit                            
UNDEFED   ITM_flush                        
UNDEFED   ITM_restore                      
UNDEFED   __mpu_init                       
UNDEFED   _system_post_cinit               

[193 symbols]
