******************************************************************************
                  TI ARM Linker PC v20.2.7                     
******************************************************************************
>> Linked Sun May 21 13:46:19 2023

OUTPUT FILE NAME:   <uartecho_CC3220S_LAUNCHXL_nortos_ccs.out>
ENTRY POINT SYMBOL: "resetISR"  address: 2000f315


MEMORY CONFIGURATION

         name            origin    length      used     unused   attr    fill
----------------------  --------  ---------  --------  --------  ----  --------
  SRAM2                 20000000   00004000  0000130c  00002cf4  RW X
  SRAM                  20004000   0003c000  0000c23a  0002fdc6  RW X
  LOG_DATA              90000000   00040000  00000000  00040000  R   


SEGMENT ALLOCATION MAP

run origin  load origin   length   init length attrs members
----------  ----------- ---------- ----------- ----- -------
20003000    20003000    00001000   00000000    rw-
  20003000    20003000    00001000   00000000    rw- .stack
20004000    20004000    00000040   00000040    r--
  20004000    20004000    00000040   00000040    r-- .resetVecs
20004040    20004040    00008000   00000000    rw-
  20004040    20004040    00008000   00000000    rw- .sysmem
2000c040    2000c040    000035d8   000035d8    r-x
  2000c040    2000c040    000035d8   000035d8    r-x .text
2000f618    2000f618    000005ac   00000000    rw-
  2000f618    2000f618    000005ac   00000000    rw- .data
2000fbc4    2000fbc4    00000362   00000362    r--
  2000fbc4    2000fbc4    00000362   00000362    r-- .const
2000ff28    2000ff28    0000022c   00000000    rw-
  2000ff28    2000ff28    0000022c   00000000    rw- .bss
20010158    20010158    000000e8   000000e8    r--
  20010158    20010158    000000e8   000000e8    r-- .cinit


SECTION ALLOCATION MAP

 output                                  attributes/
section   page    origin      length       input sections
--------  ----  ----------  ----------   ----------------
.text      0    2000c040    000035d8     
                  2000c040    0000042c     driverlib.a : prcm.obj (.text:PRCMCC3200MCUInit)
                  2000c46c    00000288     drivers_cc32xx.a : UARTCC32XX.oem4 (.text:UARTCC32XX_open)
                  2000c6f4    000001e4                      : GPIOCC32XX.oem4 (.text:GPIO_setConfig)
                  2000c8d8    0000019c     nortos_cc32xx.a : PowerCC32XX_nortos.oem4 (.text:PowerCC32XX_sleepPolicy)
                  2000ca74    00000148     drivers_cc32xx.a : PowerCC32XX.oem4 (.text:parkPins)
                  2000cbbc    0000013a     uartecho.obj (.text:mainThread)
                  2000ccf6    00000002     ti_drivers_config.obj (.text:Board_initHook)
                  2000ccf8    00000138     drivers_cc32xx.a : PowerCC32XX.oem4 (.text:Power_sleep)
                  2000ce30    00000120                      : UARTCC32XX.oem4 (.text:UARTCC32XX_close)
                  2000cf50    00000100     rtsv7M4_T_le_eabi.lib : memory.c.obj (.text:aligned_alloc)
                  2000d050    000000f2     drivers_cc32xx.a : UARTCC32XX.oem4 (.text:UARTCC32XX_control)
                  2000d142    00000002     nortos_cc32xx.a : PowerCC32XX_nortos.oem4 (.text:PowerCC32XX_initPolicy)
                  2000d144    000000e4     rtsv7M4_T_le_eabi.lib : memory.c.obj (.text:free)
                  2000d228    000000ca     drivers_cc32xx.a : UARTCC32XX.oem4 (.text:UARTCC32XX_write)
                  2000d2f2    00000002                      : UARTCC32XX.oem4 (.text:UARTCC32XX_init)
                  2000d2f4    000000c4                      : GPIOCC32XX.oem4 (.text:GPIO_init)
                  2000d3b8    000000c0                      : PowerCC32XX.oem4 (.text:restoreParkedPins)
                  2000d478    000000ba                      : UARTCC32XX.oem4 (.text:UARTCC32XX_readPolling)
                  2000d532    00000002     rtsv7M4_T_le_eabi.lib : _lock.c.obj (.text:_nop)
                  2000d534    000000b8     drivers_cc32xx.a : UARTCC32XX.oem4 (.text:initHw)
                  2000d5ec    000000b6                      : UARTCC32XX.oem4 (.text:readTaskCallback)
                  2000d6a2    000000b0                      : UARTCC32XX.oem4 (.text:readTaskBlocking)
                  2000d752    000000ae                      : UARTCC32XX.oem4 (.text:readIsrTextBlocking)
                  2000d800    000000a8     driverlib.a : interrupt.obj (.text:IntEnable)
                  2000d8a8    000000a8     drivers_cc32xx.a : PowerCC32XX.oem4 (.text:PowerCC32XX_configureWakeup)
                  2000d950    000000a2                      : UARTCC32XX.oem4 (.text:readIsrTextCallback)
                  2000d9f2    000000a2                      : UARTCC32XX.oem4 (.text:writeData)
                  2000da94    000000a0     nortos_cc32xx.a : SemaphoreP_nortos.oem4 (.text:SemaphoreP_pend)
                  2000db34    0000009c     rtsv7M4_T_le_eabi.lib : memcpy_t2.asm.obj (.text)
                  2000dbd0    00000098     drivers_cc32xx.a : GPIOCC32XX.oem4 (.text:powerNotifyFxn)
                  2000dc68    00000096     rtsv7M4_T_le_eabi.lib : ull_div_t2.asm.obj (.text)
                  2000dcfe    00000002     nortos_cc32xx.a : startup_cc32xx_ccs.oem4 (.text:busFaultHandler)
                  2000dd00    00000090     drivers_cc32xx.a : PowerCC32XX.oem4 (.text:restoreNVICRegs)
                  2000dd90    0000008c     nortos_cc32xx.a : HwiPCC32XX_nortos.oem4 (.text:HwiP_construct)
                  2000de1c    00000088     driverlib.a : interrupt.obj (.text:IntPendSet)
                  2000dea4    00000088                 : pin.obj (.text:PinConfigSet)
                  2000df2c    00000084     drivers_cc32xx.a : PowerCC32XX.oem4 (.text:Power_init)
                  2000dfb0    00000084                      : PowerCC32XX.oem4 (.text:saveNVICRegs)
                  2000e034    00000080                      : PowerCC32XX.oem4 (.text:Power_setDependency)
                  2000e0b4    0000007c                      : UARTCC32XX.oem4 (.text:readIsrBinaryBlocking)
                  2000e130    00000078                      : GPIOCC32XX.oem4 (.text:GPIO_hwiIntFxn)
                  2000e1a8    00000078                      : UARTCC32XX.oem4 (.text:readIsrBinaryCallback)
                  2000e220    00000074                      : UARTCC32XX.oem4 (.text:UARTCC32XX_hwiIntFxn)
                  2000e294    00000070     rtsv7M4_T_le_eabi.lib : memory.c.obj (.text:split)
                  2000e304    00000068                           : copy_decompress_lzss.c.obj (.text:decompress:lzss:__TI_decompress_lzss)
                  2000e36c    00000066     drivers_cc32xx.a : UARTCC32XX.oem4 (.text:UARTCC32XX_writeCancel)
                  2000e3d2    00000002     nortos_cc32xx.a : SemaphoreP_nortos.oem4 (.text:clkFxn)
                  2000e3d4    00000064     drivers_cc32xx.a : PowerCC32XX.oem4 (.text:PowerCC32XX_setParkState)
                  2000e438    00000062                      : UARTCC32XX.oem4 (.text:UARTCC32XX_writePolling)
                  2000e49a    00000002     nortos_cc32xx.a : startup_cc32xx_ccs.oem4 (.text:defaultHandler)
                  2000e49c    00000060     driverlib.a : prcm.obj (.text:PRCMSysResetCauseGet)
                  2000e4fc    0000005c     drivers_cc32xx.a : GPIOCC32XX.oem4 (.text:GPIO_setCallback)
                  2000e558    0000005c     nortos_cc32xx.a : ClockPSysTick_nortos.oem4 (.text:sysTickInit)
                  2000e5b4    00000058     drivers_cc32xx.a : GPIOCC32XX.oem4 (.text:GPIO_write)
                  2000e60c    00000058     driverlib.a : prcm.obj (.text:PRCMPeripheralReset)
                  2000e664    00000058     drivers_cc32xx.a : PowerCC32XX.oem4 (.text:Power_releaseDependency)
                  2000e6bc    00000054                      : UARTCC32XX.oem4 (.text:ringBufGet)
                  2000e710    00000052                      : PowerCC32XX_asm.oem4 (.text:PowerCC32XX_resumeLPDS)
                  2000e762    00000002     nortos_cc32xx.a : startup_cc32xx_ccs.oem4 (.text:faultISR)
                  2000e764    00000050                     : ClockPSysTick_nortos.oem4 (.text:ClockP_sysTickHandler)
                  2000e7b4    00000050                     : SemaphoreP_nortos.oem4 (.text:SemaphoreP_construct)
                  2000e804    0000004c     drivers_cc32xx.a : GPIOCC32XX.oem4 (.text:GPIO_enableInt)
                  2000e850    0000004c                      : PowerCC32XX.oem4 (.text:PowerCC32XX_parkPin)
                  2000e89c    0000004c                      : PowerCC32XX.oem4 (.text:restorePeriphClocks)
                  2000e8e8    00000048     driverlib.a : flash.obj (.text:FlashDisable)
                  2000e930    00000048                 : prcm.obj (.text:PRCMLPDSEnter)
                  2000e978    00000048                 : prcm.obj (.text:PRCMPeripheralClkEnable)
                  2000e9c0    00000048     drivers_cc32xx.a : PowerCC32XX.oem4 (.text:Power_releaseConstraint)
                  2000ea08    00000046                      : RingBuf.oem4 (.text:RingBuf_put)
                  2000ea4e    00000002     nortos_cc32xx.a : startup_cc32xx_ccs.oem4 (.text:nmiISR)
                  2000ea50    00000044                     : ClockPSysTick_nortos.oem4 (.text:ClockP_stop)
                  2000ea94    00000044     driverlib.a : prcm.obj (.text:PRCMLPDSRestoreInfoSet)
                  2000ead8    00000044     drivers_cc32xx.a : PowerCC32XX_asm.oem4 (.text:PowerCC32XX_enterLPDS)
                  2000eb1c    00000044     nortos_cc32xx.a : SemaphoreP_nortos.oem4 (.text:SemaphoreP_post)
                  2000eb60    00000044                     : SwiP_nortos.oem4 (.text:SwiP_restore)
                  2000eba4    00000044     drivers_cc32xx.a : UART.oem4 (.text:UART_init)
                  2000ebe8    00000044     rtsv7M4_T_le_eabi.lib : autoinit.c.obj (.text:__TI_auto_init_nobinit_nopinit:__TI_auto_init_nobinit_nopinit)
                  2000ec2c    00000040     nortos_cc32xx.a : ClockPSysTick_nortos.oem4 (.text:ClockP_construct)
                  2000ec6c    00000040     driverlib.a : pin.obj (.text:PinModeSet)
                  2000ecac    00000040     drivers_cc32xx.a : RingBuf.oem4 (.text:RingBuf_get)
                  2000ecec    00000040                      : UARTCC32XX.oem4 (.text:UARTCC32XX_read)
                  2000ed2c    00000040                      : UART.oem4 (.text:UART_open)
                  2000ed6c    0000003c     nortos_cc32xx.a : ClockPSysTick_nortos.oem4 (.text:ClockP_destruct)
                  2000eda8    0000003c     drivers_cc32xx.a : PowerCC32XX.oem4 (.text:Power_setConstraint)
                  2000ede4    0000003a     nortos_cc32xx.a : PowerCC32XX_nortos.oem4 (.text:getCountsRTC)
                  2000ee1e    00000002     rtsv7M4_T_le_eabi.lib : div0.asm.obj (.text)
                  2000ee20    00000038     driverlib.a : prcm.obj (.text:PRCMLPDSEnterKeepDebugIf)
                  2000ee58    00000038     nortos_cc32xx.a : ClockPSysTick_nortos.oem4 (.text:addToList)
                  2000ee90    00000038                     : startup_cc32xx_ccs.oem4 (.text:initVectors)
                  2000eec8    00000038     drivers_cc32xx.a : PowerCC32XX.oem4 (.text:notify)
                  2000ef00    00000036                      : UARTCC32XX.oem4 (.text:UARTCC32XX_readCancel)
                  2000ef36    00000002     --HOLE-- [fill = 0]
                  2000ef38    00000034     nortos_cc32xx.a : ClockPSysTick_nortos.oem4 (.text:ClockP_getTicksUntilInterrupt)
                  2000ef6c    00000034                     : ClockPSysTick_nortos.oem4 (.text:ClockP_startup)
                  2000efa0    00000034     driverlib.a : pin.obj (.text:PinModeGet)
                  2000efd4    00000034     drivers_cc32xx.a : PowerCC32XX.oem4 (.text:PowerCC32XX_restoreParkState)
                  2000f008    00000030     nortos_cc32xx.a : ClockPSysTick_nortos.oem4 (.text:ClockP_start)
                  2000f038    00000030     drivers_cc32xx.a : PowerCC32XX.oem4 (.text:PowerCC32XX_restoreParkedPin)
                  2000f068    0000002c                      : PowerCC32XX.oem4 (.text:PowerCC32XX_getParkState)
                  2000f094    0000002a     nortos_cc32xx.a : HwiPCC32XX_nortos.oem4 (.text:HwiP_create)
                  2000f0be    00000002     --HOLE-- [fill = 0]
                  2000f0c0    00000028     driverlib.a : prcm.obj (.text:PRCMPeripheralClkDisable)
                  2000f0e8    00000028     drivers_cc32xx.a : PowerCC32XX.oem4 (.text:Power_registerNotify)
                  2000f110    00000028     rtsv7M4_T_le_eabi.lib : memory.c.obj (.text:free_list_insert)
                  2000f138    00000026     drivers_cc32xx.a : List.oem4 (.text:List_put)
                  2000f15e    00000026                      : List.oem4 (.text:List_remove)
                  2000f184    00000024     nortos_cc32xx.a : HwiPCC32XX_nortos.oem4 (.text:HwiP_dispatch)
                  2000f1a8    00000024     drivers_cc32xx.a : PowerCC32XX.oem4 (.text:PowerCC32XX_reset)
                  2000f1cc    00000024     rtsv7M4_T_le_eabi.lib : boot_cortex_m.c.obj (.text:_c_int00_noargs:_c_int00_noargs)
                  2000f1f0    00000020     nortos_cc32xx.a : HwiPCC32XX_nortos.oem4 (.text:HwiP_destruct)
                  2000f210    00000020     drivers_cc32xx.a : PowerCC32XX.oem4 (.text:Power_unregisterNotify)
                  2000f230    00000020                      : RingBuf.oem4 (.text:RingBuf_peek)
                  2000f250    00000020                      : UARTCC32XX.oem4 (.text:getPowerMgrId)
                  2000f270    0000001c     driverlib.a : pin.obj (.text:PinToPadGet)
                  2000f28c    0000001c     nortos_cc32xx.a : SwiP_nortos.oem4 (.text:SwiP_disable)
                  2000f2a8    0000001c     rtsv7M4_T_le_eabi.lib : copy_zero_init.c.obj (.text:decompress:ZI:__TI_zero_init_nomemset:__TI_zero_init_nomemset)
                  2000f2c4    0000001c                           : memory.c.obj (.text:free_list_remove)
                  2000f2e0    0000001a     nortos_cc32xx.a : ClockPSysTick_nortos.oem4 (.text:ClockP_create)
                  2000f2fa    0000001a                     : SemaphoreP_nortos.oem4 (.text:SemaphoreP_createBinary)
                  2000f314    0000001a                     : startup_cc32xx_ccs.oem4 (.text:resetISR)
                  2000f32e    00000002     --HOLE-- [fill = 0]
                  2000f330    00000018     drivers_cc32xx.a : PowerCC32XX.oem4 (.text:Power_getTransitionLatency)
                  2000f348    00000018                      : PowerCC32XX.oem4 (.text:Power_idleFunc)
                  2000f360    00000018     driverlib.a : uart.obj (.text:UARTBusy)
                  2000f378    00000018                 : uart.obj (.text:UARTIntEnable)
                  2000f390    00000018     drivers_cc32xx.a : UART.oem4 (.text:UART_Params_init)
                  2000f3a8    00000018     rtsv7M4_T_le_eabi.lib : ll_mul_t2.asm.obj (.text)
                  2000f3c0    00000016     driverlib.a : prcm.obj (.text:PRCMHIBRegRead)
                  2000f3d6    00000016                 : prcm.obj (.text:PRCMHIBRegWrite)
                  2000f3ec    00000016     nortos_cc32xx.a : SemaphoreP_nortos.oem4 (.text:SemaphoreP_create)
                  2000f402    00000014     driverlib.a : cpu.obj (.text:CPUcpsid)
                  2000f416    00000002     --HOLE-- [fill = 0]
                  2000f418    00000014     nortos_cc32xx.a : HwiPCC32XX_nortos.oem4 (.text:HwiP_inISR)
                  2000f42c    00000014     driverlib.a : interrupt.obj (.text:IntVTableBaseSet)
                  2000f440    00000014     drivers_cc32xx.a : PowerCC32XX.oem4 (.text:Power_disablePolicy)
                  2000f454    00000014                      : PowerCC32XX.oem4 (.text:Power_getDependencyCount)
                  2000f468    00000014                      : UARTCC32XX.oem4 (.text:releasePowerConstraint)
                  2000f47c    00000012     nortos_cc32xx.a : HwiPCC32XX_nortos.oem4 (.text:HwiP_Params_init)
                  2000f48e    00000012     drivers_cc32xx.a : RingBuf.oem4 (.text:RingBuf_construct)
                  2000f4a0    00000012     main_nortos.obj (.text:main)
                  2000f4b2    00000010     ti_drivers_config.obj (.text:Board_init)
                  2000f4c2    00000010     nortos_cc32xx.a : ClockPSysTick_nortos.oem4 (.text:ClockP_add)
                  2000f4d2    00000010                     : ClockPSysTick_nortos.oem4 (.text:ClockP_delete)
                  2000f4e2    00000002     --HOLE-- [fill = 0]
                  2000f4e4    00000010                     : ClockPSysTick_nortos.oem4 (.text:ClockP_getCpuFreq)
                  2000f4f4    00000010                     : ClockPSysTick_nortos.oem4 (.text:ClockP_getSystemTicks)
                  2000f504    00000010                     : ClockPSysTick_nortos.oem4 (.text:ClockP_setTicks)
                  2000f514    00000010                     : HwiPCC32XX_nortos.oem4 (.text:HwiP_delete)
                  2000f524    00000010                     : HwiPCC32XX_nortos.oem4 (.text:HwiP_restore)
                  2000f534    00000010     drivers_cc32xx.a : PowerCC32XX.oem4 (.text:Power_enablePolicy)
                  2000f544    00000010     nortos_cc32xx.a : SemaphoreP_nortos.oem4 (.text:SemaphoreP_Params_init)
                  2000f554    00000010     drivers_cc32xx.a : UARTCC32XX.oem4 (.text:readBlockingTimeout)
                  2000f564    0000000e     nortos_cc32xx.a : HwiPCC32XX_nortos.oem4 (.text:HwiP_disable)
                  2000f572    0000000e                     : HwiPCC32XX_nortos.oem4 (.text:HwiP_enable)
                  2000f580    0000000e     drivers_cc32xx.a : RingBuf.oem4 (.text:RingBuf_isFull)
                  2000f58e    0000000e     rtsv7M4_T_le_eabi.lib : copy_decompress_none.c.obj (.text:decompress:none:__TI_decompress_none)
                  2000f59c    0000000c     drivers_cc32xx.a : PowerCC32XX.oem4 (.text:Power_getConstraintMask)
                  2000f5a8    0000000c                      : UARTCC32XX.oem4 (.text:postNotifyFxn)
                  2000f5b4    0000000a     nortos_cc32xx.a : ClockPSysTick_nortos.oem4 (.text:ClockP_Params_init)
                  2000f5be    0000000a                     : ClockPSysTick_nortos.oem4 (.text:ClockP_isActive)
                  2000f5c8    0000000a     driverlib.a : interrupt.obj (.text:IntMasterDisable)
                  2000f5d2    0000000a     drivers_cc32xx.a : UART.oem4 (.text:UART_read)
                  2000f5dc    0000000a                      : UART.oem4 (.text:UART_write)
                  2000f5e6    00000008     rtsv7M4_T_le_eabi.lib : memory.c.obj (.text:malloc)
                  2000f5ee    00000008     drivers_cc32xx.a : UARTCC32XX.oem4 (.text:readSemCallback)
                  2000f5f6    00000008                      : UARTCC32XX.oem4 (.text:writeSemCallback)
                  2000f5fe    00000006     driverlib.a : utils.obj (.text:UtilsDelay)
                  2000f604    00000004     nortos_cc32xx.a : ClockPSysTick_nortos.oem4 (.text:ClockP_setTimeout)
                  2000f608    00000004                     : HwiPCC32XX_nortos.oem4 (.text:HwiP_post)
                  2000f60c    00000004                     : SemaphoreP_nortos.oem4 (.text:SemaphoreP_delete)
                  2000f610    00000004     rtsv7M4_T_le_eabi.lib : pre_init.c.obj (.text:_system_pre_init)
                  2000f614    00000004                           : exit.c.obj (.text:abort:abort)

.const     0    2000fbc4    00000362     
                  2000fbc4    00000100     driverlib.a : pin.obj (.const:g_ulPinToPadMap)
                  2000fcc4    000000a8                 : prcm.obj (.const:PRCM_PeriphRegsList)
                  2000fd6c    00000044     ti_drivers_config.obj (.const:PowerCC32XX_config)
                  2000fdb0    00000028     drivers_cc32xx.a : UARTCC32XX.oem4 (.const:UARTCC32XX_fxnTable)
                  2000fdd8    00000024                      : UART.oem4 (.const:UART_defaultParams)
                  2000fdfc    00000024     ti_drivers_config.obj (.const:uartCC32XXHWAttrs0)
                  2000fe20    00000021     drivers_cc32xx.a : GPIOCC32XX.oem4 (.const:.string:pinTable)
                  2000fe41    00000003     ti_drivers_config.obj (.const)
                  2000fe44    00000020     drivers_cc32xx.a : UARTCC32XX.oem4 (.const:staticFxnTable)
                  2000fe64    00000018     driverlib.a : interrupt.obj (.const:g_pulEnRegs)
                  2000fe7c    00000018                 : interrupt.obj (.const:g_pulPendRegs)
                  2000fe94    00000014     ti_drivers_config.obj (.const:GPIOCC32XX_config)
                  2000fea8    00000014     drivers_cc32xx.a : GPIOCC32XX.oem4 (.const:gpioBaseAddresses)
                  2000febc    00000014                      : UARTCC32XX.oem4 (.const:parityType)
                  2000fed0    00000014                      : GPIOCC32XX.oem4 (.const:powerResources)
                  2000fee4    00000010                      : UARTCC32XX.oem4 (.const:dataLength)
                  2000fef4    0000000c     ti_drivers_config.obj (.const:UART_config)
                  2000ff00    00000008     drivers_cc32xx.a : GPIOCC32XX.oem4 (.const:outPinTypes)
                  2000ff08    00000008                      : UARTCC32XX.oem4 (.const:stopBits)
                  2000ff10    00000006                      : GPIOCC32XX.oem4 (.const:.string:interruptType)
                  2000ff16    00000006                      : GPIOCC32XX.oem4 (.const:inPinTypes)
                  2000ff1c    00000006                      : GPIOCC32XX.oem4 (.const:outPinStrengths)
                  2000ff22    00000004                      : GPIOCC32XX.oem4 (.const:.string:portInterruptIds)

.cinit     0    20010158    000000e8     
                  20010158    000000be     (.cinit..data.load) [load image, compression = lzss]
                  20010216    00000002     --HOLE-- [fill = 0]
                  20010218    0000000c     (__TI_handler_table)
                  20010224    00000004     --HOLE-- [fill = 0]
                  20010228    00000008     (.cinit..bss.load) [load image, compression = zero_init]
                  20010230    00000010     (__TI_cinit_table)

.init_array 
*          0    20004000    00000000     UNINITIALIZED

.ramVecs   0    20000000    0000030c     NOLOAD SECTION
                  20000000    0000030c     nortos_cc32xx.a : startup_cc32xx_ccs.oem4 (.ramVecs)

.stack     0    20003000    00001000     UNINITIALIZED
                  20003000    00000004     rtsv7M4_T_le_eabi.lib : boot_cortex_m.c.obj (.stack)
                  20003004    00000ffc     --HOLE--

.resetVecs 
*          0    20004000    00000040     
                  20004000    00000040     nortos_cc32xx.a : startup_cc32xx_ccs.oem4 (.resetVecs:retain)

.sysmem    0    20004040    00008000     UNINITIALIZED
                  20004040    00000010     rtsv7M4_T_le_eabi.lib : memory.c.obj (.sysmem)
                  20004050    00007ff0     --HOLE--

.data      0    2000f618    000005ac     UNINITIALIZED
                  2000f618    0000030c     nortos_cc32xx.a : HwiPCC32XX_nortos.oem4 (.data:HwiP_dispatchTable)
                  2000f924    0000016c     drivers_cc32xx.a : PowerCC32XX.oem4 (.data:PowerCC32XX_module)
                  2000fa90    000000f8     ti_drivers_config.obj (.data:parkInfo)
                  2000fb88    00000009     drivers_cc32xx.a : GPIOCC32XX.oem4 (.data)
                  2000fb91    00000003     nortos_cc32xx.a : SemaphoreP_nortos.oem4 (.data)
                  2000fb94    00000008     rtsv7M4_T_le_eabi.lib : _lock.c.obj (.data:$O1$$)
                  2000fb9c    00000008                           : memory.c.obj (.data:$O1$$)
                  2000fba4    00000008     nortos_cc32xx.a : SemaphoreP_nortos.oem4 (.data:SemaphoreP_defaultParams)
                  2000fbac    00000008                     : HwiPCC32XX_nortos.oem4 (.data)
                  2000fbb4    00000005                     : ClockPSysTick_nortos.oem4 (.data)
                  2000fbb9    00000001     drivers_cc32xx.a : UART.oem4 (.data)
                  2000fbba    00000002     --HOLE--
                  2000fbbc    00000004     ti_drivers_config.obj (.data:gpioCallbackFunctions)
                  2000fbc0    00000004     ti_drivers_config.obj (.data:gpioPinConfigs)

.bss       0    2000ff28    0000022c     UNINITIALIZED
                  2000ff28    0000012c     (.common:PowerCC32XX_contextSave)
                  20010054    00000084     (.common:uartCC32XXObjects0)
                  200100d8    00000020     drivers_cc32xx.a : GPIOCC32XX.oem4 (.bss:gpioCallbackInfo)
                  200100f8    00000020     ti_drivers_config.obj (.bss:uartCC32XXRingBuffer0)
                  20010118    00000014     drivers_cc32xx.a : GPIOCC32XX.oem4 (.bss:powerNotifyObj)
                  2001012c    00000004                      : GPIOCC32XX.oem4 (.bss)
                  20010130    00000010     (.common:ClockP_ctrl)
                  20010140    0000000d     nortos_cc32xx.a : SwiP_nortos.oem4 (.bss)
                  2001014d    00000003     --HOLE--
                  20010150    00000004                     : ClockPSysTick_nortos.oem4 (.bss)

.log_data 
*          0    90000000    00000000     COPY SECTION

__llvm_prf_cnts 
*          0    20004000    00000000     UNINITIALIZED

MODULE SUMMARY

       Module                       code    ro data   rw data
       ------                       ----    -------   -------
    .\
       uartecho.obj                 314     0         0      
       main_nortos.obj              18      0         0      
    +--+----------------------------+-------+---------+---------+
       Total:                       332     0         0      
                                                             
    .\syscfg\
       ti_drivers_config.obj        18      139       420    
    +--+----------------------------+-------+---------+---------+
       Total:                       18      139       420    
                                                             
    C:/ti/simplelink_cc32xx_sdk_5_20_00_06/kernel/nortos/lib/ccs/m4/nortos_cc32xx.a
       HwiPCC32XX_nortos.oem4       352     0         788    
       startup_cc32xx_ccs.oem4      90      64        780    
       ClockPSysTick_nortos.oem4    702     0         25     
       PowerCC32XX_nortos.oem4      472     0         0      
       SemaphoreP_nortos.oem4       378     0         11     
       SwiP_nortos.oem4             96      0         13     
    +--+----------------------------+-------+---------+---------+
       Total:                       2090    64        1617   
                                                             
    C:/ti/simplelink_cc32xx_sdk_5_20_00_06/source/ti/devices/cc32xx/driverlib/ccs/Release/driverlib.a
       prcm.obj                     1604    168       0      
       pin.obj                      280     256       0      
       interrupt.obj                334     48        0      
       flash.obj                    72      0         0      
       uart.obj                     48      0         0      
       cpu.obj                      20      0         0      
       utils.obj                    6       0         0      
    +--+----------------------------+-------+---------+---------+
       Total:                       2364    472       0      
                                                             
    C:/ti/simplelink_cc32xx_sdk_5_20_00_06/source/ti/drivers/lib/ccs/m4/drivers_cc32xx.a
       UARTCC32XX.oem4              3466    116       0      
       PowerCC32XX.oem4             2432    0         664    
       GPIOCC32XX.oem4              1208    103       65     
       UART.oem4                    176     36        1      
       RingBuf.oem4                 198     0         0      
       PowerCC32XX_asm.oem4         150     0         0      
       List.oem4                    76      0         0      
    +--+----------------------------+-------+---------+---------+
       Total:                       7706    255       730    
                                                             
    C:\ti\ccs1230\ccs\tools\compiler\ti-cgt-arm_20.2.7.LTS\lib\rtsv7M4_T_le_eabi.lib
       memory.c.obj                 672     0         8      
       memcpy_t2.asm.obj            156     0         0      
       ull_div_t2.asm.obj           150     0         0      
       copy_decompress_lzss.c.obj   104     0         0      
       autoinit.c.obj               68      0         0      
       boot_cortex_m.c.obj          36      0         0      
       copy_zero_init.c.obj         28      0         0      
       ll_mul_t2.asm.obj            24      0         0      
       copy_decompress_none.c.obj   14      0         0      
       _lock.c.obj                  2       0         8      
       exit.c.obj                   4       0         0      
       pre_init.c.obj               4       0         0      
       div0.asm.obj                 2       0         0      
    +--+----------------------------+-------+---------+---------+
       Total:                       1264    0         16     
                                                             
       Heap:                        0       0         32768  
       Stack:                       0       0         4096   
       Linker Generated:            0       226       0      
    +--+----------------------------+-------+---------+---------+
       Grand Total:                 13774   1156      39647  


LINKER GENERATED COPY TABLES

__TI_cinit_table @ 20010230 records: 2, size/record: 8, table size: 16
	.data: load addr=20010158, load size=000000be bytes, run addr=2000f618, run size=000005ac bytes, compression=lzss
	.bss: load addr=20010228, load size=00000008 bytes, run addr=2000ff28, run size=0000022c bytes, compression=zero_init


LINKER GENERATED HANDLER TABLE

__TI_handler_table @ 20010218 records: 3, size/record: 4, table size: 12
	index: 0, handler: __TI_decompress_lzss
	index: 1, handler: __TI_decompress_none
	index: 2, handler: __TI_zero_init


GLOBAL SYMBOLS: SORTED ALPHABETICALLY BY Name 

address   name                          
-------   ----                          
2000f4b3  Board_init                    
2000ccf7  Board_initHook                
2000f615  C$$EXIT                       
2000fe41  CONFIG_GPIO_LED_0_CONST       
2000fe42  CONFIG_UART_0_CONST           
2000f403  CPUcpsid                      
2000f5b5  ClockP_Params_init            
2000f4c3  ClockP_add                    
2000ec2d  ClockP_construct              
2000f2e1  ClockP_create                 
20010130  ClockP_ctrl                   
2000f4d3  ClockP_delete                 
2000ed6d  ClockP_destruct               
2000e765  ClockP_doTick                 
2000f4e5  ClockP_getCpuFreq             
2000f4f5  ClockP_getSystemTicks         
2000ef39  ClockP_getTicksUntilInterrupt 
2000f5bf  ClockP_isActive               
2000f505  ClockP_setTicks               
2000f605  ClockP_setTimeout             
2000f009  ClockP_start                  
2000ef6d  ClockP_startup                
2000ea51  ClockP_stop                   
2000e765  ClockP_sysTickHandler         
2000fbb4  ClockP_tickPeriod             
2000e8e9  FlashDisable                  
2000fe94  GPIOCC32XX_config             
2000e805  GPIO_enableInt                
2000e131  GPIO_hwiIntFxn                
2000d2f5  GPIO_init                     
2000e4fd  GPIO_setCallback              
2000c6f5  GPIO_setConfig                
2000e5b5  GPIO_write                    
2000f47d  HwiP_Params_init              
2000dd91  HwiP_construct                
2000f095  HwiP_create                   
2000f515  HwiP_delete                   
2000f1f1  HwiP_destruct                 
2000f565  HwiP_disable                  
2000f185  HwiP_dispatch                 
2000f573  HwiP_enable                   
2000f419  HwiP_inISR                    
2000fbac  HwiP_key                      
2000f609  HwiP_post                     
2000f525  HwiP_restore                  
2000fbb0  HwiP_swiPIntNum               
UNDEFED   ITM_flush                     
UNDEFED   ITM_restore                   
2000d801  IntEnable                     
2000f5c9  IntMasterDisable              
2000de1d  IntPendSet                    
2000f42d  IntVTableBaseSet              
2000f139  List_put                      
2000f15f  List_remove                   
2000f573  NoRTOS_start                  
2000c041  PRCMCC3200MCUInit             
2000f3c1  PRCMHIBRegRead                
2000f3d7  PRCMHIBRegWrite               
2000e931  PRCMLPDSEnter                 
2000ee21  PRCMLPDSEnterKeepDebugIf      
2000ea95  PRCMLPDSRestoreInfoSet        
2000f0c1  PRCMPeripheralClkDisable      
2000e979  PRCMPeripheralClkEnable       
2000e60d  PRCMPeripheralReset           
2000e49d  PRCMSysResetCauseGet          
2000dea5  PinConfigSet                  
2000efa1  PinModeGet                    
2000ec6d  PinModeSet                    
2000f271  PinToPadGet                   
2000fd6c  PowerCC32XX_config            
2000d8a9  PowerCC32XX_configureWakeup   
2000ff28  PowerCC32XX_contextSave       
2000ead9  PowerCC32XX_enterLPDS         
2000f069  PowerCC32XX_getParkState      
2000d143  PowerCC32XX_initPolicy        
2000f924  PowerCC32XX_module            
2000e851  PowerCC32XX_parkPin           
2000f1a9  PowerCC32XX_reset             
2000efd5  PowerCC32XX_restoreParkState  
2000f039  PowerCC32XX_restoreParkedPin  
2000e711  PowerCC32XX_resumeLPDS        
2000e3d5  PowerCC32XX_setParkState      
2000c8d9  PowerCC32XX_sleepPolicy       
2000f441  Power_disablePolicy           
2000f535  Power_enablePolicy            
2000f59d  Power_getConstraintMask       
2000f455  Power_getDependencyCount      
2000f331  Power_getTransitionLatency    
2000f349  Power_idleFunc                
2000df2d  Power_init                    
2000f0e9  Power_registerNotify          
2000e9c1  Power_releaseConstraint       
2000e665  Power_releaseDependency       
2000eda9  Power_setConstraint           
2000e035  Power_setDependency           
2000ccf9  Power_sleep                   
2000f211  Power_unregisterNotify        
2000f48f  RingBuf_construct             
2000ecad  RingBuf_get                   
2000f581  RingBuf_isFull                
2000f231  RingBuf_peek                  
2000ea09  RingBuf_put                   
2000f545  SemaphoreP_Params_init        
2000e7b5  SemaphoreP_construct          
2000f3ed  SemaphoreP_create             
2000f2fb  SemaphoreP_createBinary       
2000fba4  SemaphoreP_defaultParams      
2000f60d  SemaphoreP_delete             
2000da95  SemaphoreP_pend               
2000eb1d  SemaphoreP_post               
2000f28d  SwiP_disable                  
2000eb61  SwiP_restore                  
2000f361  UARTBusy                      
2000ce31  UARTCC32XX_close              
2000d051  UARTCC32XX_control            
2000fdb0  UARTCC32XX_fxnTable           
2000d2f3  UARTCC32XX_init               
2000c46d  UARTCC32XX_open               
2000eced  UARTCC32XX_read               
2000ef01  UARTCC32XX_readCancel         
2000d479  UARTCC32XX_readPolling        
2000d229  UARTCC32XX_write              
2000e36d  UARTCC32XX_writeCancel        
2000e439  UARTCC32XX_writePolling       
2000f379  UARTIntEnable                 
2000f391  UART_Params_init              
2000fef4  UART_config                   
2000fe43  UART_count                    
2000fdd8  UART_defaultParams            
2000eba5  UART_init                     
2000ed2d  UART_open                     
2000f5d3  UART_read                     
2000f5dd  UART_write                    
2000f5ff  UtilsDelay                    
20004000  __STACK_END                   
00001000  __STACK_SIZE                  
00008000  __SYSMEM_SIZE                 
20010230  __TI_CINIT_Base               
20010240  __TI_CINIT_Limit              
20010218  __TI_Handler_Table_Base       
20010224  __TI_Handler_Table_Limit      
2000ebe9  __TI_auto_init_nobinit_nopinit
2000e305  __TI_decompress_lzss          
2000f58f  __TI_decompress_none          
ffffffff  __TI_pprof_out_hndl           
ffffffff  __TI_prof_data_size           
ffffffff  __TI_prof_data_start          
20010158  __TI_static_base__            
2000f2a9  __TI_zero_init_nomemset       
2000ee1f  __aeabi_idiv0                 
2000ee1f  __aeabi_ldiv0                 
2000f3a9  __aeabi_lmul                  
2000db35  __aeabi_memcpy                
2000db35  __aeabi_memcpy4               
2000db35  __aeabi_memcpy8               
2000dc69  __aeabi_uldivmod              
ffffffff  __binit__                     
ffffffff  __c_args__                    
UNDEFED   __mpu_init                    
20003000  __stack                       
20004000  __start___llvm_prf_cnts       
20004000  __stop___llvm_prf_cnts        
2000f1cd  _c_int00_noargs               
2000fb94  _lock                         
2000d533  _nop                          
20004040  _sys_memory                   
UNDEFED   _system_post_cinit            
2000f611  _system_pre_init              
2000fb98  _unlock                       
2000f615  abort                         
2000cf51  aligned_alloc                 
ffffffff  binit                         
2000e3d3  clkFxn                        
2000d145  free                          
2000fbbc  gpioCallbackFunctions         
2000fbc0  gpioPinConfigs                
2000ff16  inPinTypes                    
2000ee91  initVectors                   
2000f4a1  main                          
2000cbbd  mainThread                    
2000f5e7  malloc                        
2000cf51  memalign                      
2000db35  memcpy                        
2000ff1c  outPinStrengths               
2000ff00  outPinTypes                   
2000fa90  parkInfo                      
2000f315  resetISR                      
2000f328  resetVectorAddr               
20004000  resetVectors                  
20010054  uartCC32XXObjects0            


GLOBAL SYMBOLS: SORTED BY Symbol Address 

address   name                          
-------   ----                          
00001000  __STACK_SIZE                  
00008000  __SYSMEM_SIZE                 
20003000  __stack                       
20004000  __STACK_END                   
20004000  __start___llvm_prf_cnts       
20004000  __stop___llvm_prf_cnts        
20004000  resetVectors                  
20004040  _sys_memory                   
2000c041  PRCMCC3200MCUInit             
2000c46d  UARTCC32XX_open               
2000c6f5  GPIO_setConfig                
2000c8d9  PowerCC32XX_sleepPolicy       
2000cbbd  mainThread                    
2000ccf7  Board_initHook                
2000ccf9  Power_sleep                   
2000ce31  UARTCC32XX_close              
2000cf51  aligned_alloc                 
2000cf51  memalign                      
2000d051  UARTCC32XX_control            
2000d143  PowerCC32XX_initPolicy        
2000d145  free                          
2000d229  UARTCC32XX_write              
2000d2f3  UARTCC32XX_init               
2000d2f5  GPIO_init                     
2000d479  UARTCC32XX_readPolling        
2000d533  _nop                          
2000d801  IntEnable                     
2000d8a9  PowerCC32XX_configureWakeup   
2000da95  SemaphoreP_pend               
2000db35  __aeabi_memcpy                
2000db35  __aeabi_memcpy4               
2000db35  __aeabi_memcpy8               
2000db35  memcpy                        
2000dc69  __aeabi_uldivmod              
2000dd91  HwiP_construct                
2000de1d  IntPendSet                    
2000dea5  PinConfigSet                  
2000df2d  Power_init                    
2000e035  Power_setDependency           
2000e131  GPIO_hwiIntFxn                
2000e305  __TI_decompress_lzss          
2000e36d  UARTCC32XX_writeCancel        
2000e3d3  clkFxn                        
2000e3d5  PowerCC32XX_setParkState      
2000e439  UARTCC32XX_writePolling       
2000e49d  PRCMSysResetCauseGet          
2000e4fd  GPIO_setCallback              
2000e5b5  GPIO_write                    
2000e60d  PRCMPeripheralReset           
2000e665  Power_releaseDependency       
2000e711  PowerCC32XX_resumeLPDS        
2000e765  ClockP_doTick                 
2000e765  ClockP_sysTickHandler         
2000e7b5  SemaphoreP_construct          
2000e805  GPIO_enableInt                
2000e851  PowerCC32XX_parkPin           
2000e8e9  FlashDisable                  
2000e931  PRCMLPDSEnter                 
2000e979  PRCMPeripheralClkEnable       
2000e9c1  Power_releaseConstraint       
2000ea09  RingBuf_put                   
2000ea51  ClockP_stop                   
2000ea95  PRCMLPDSRestoreInfoSet        
2000ead9  PowerCC32XX_enterLPDS         
2000eb1d  SemaphoreP_post               
2000eb61  SwiP_restore                  
2000eba5  UART_init                     
2000ebe9  __TI_auto_init_nobinit_nopinit
2000ec2d  ClockP_construct              
2000ec6d  PinModeSet                    
2000ecad  RingBuf_get                   
2000eced  UARTCC32XX_read               
2000ed2d  UART_open                     
2000ed6d  ClockP_destruct               
2000eda9  Power_setConstraint           
2000ee1f  __aeabi_idiv0                 
2000ee1f  __aeabi_ldiv0                 
2000ee21  PRCMLPDSEnterKeepDebugIf      
2000ee91  initVectors                   
2000ef01  UARTCC32XX_readCancel         
2000ef39  ClockP_getTicksUntilInterrupt 
2000ef6d  ClockP_startup                
2000efa1  PinModeGet                    
2000efd5  PowerCC32XX_restoreParkState  
2000f009  ClockP_start                  
2000f039  PowerCC32XX_restoreParkedPin  
2000f069  PowerCC32XX_getParkState      
2000f095  HwiP_create                   
2000f0c1  PRCMPeripheralClkDisable      
2000f0e9  Power_registerNotify          
2000f139  List_put                      
2000f15f  List_remove                   
2000f185  HwiP_dispatch                 
2000f1a9  PowerCC32XX_reset             
2000f1cd  _c_int00_noargs               
2000f1f1  HwiP_destruct                 
2000f211  Power_unregisterNotify        
2000f231  RingBuf_peek                  
2000f271  PinToPadGet                   
2000f28d  SwiP_disable                  
2000f2a9  __TI_zero_init_nomemset       
2000f2e1  ClockP_create                 
2000f2fb  SemaphoreP_createBinary       
2000f315  resetISR                      
2000f328  resetVectorAddr               
2000f331  Power_getTransitionLatency    
2000f349  Power_idleFunc                
2000f361  UARTBusy                      
2000f379  UARTIntEnable                 
2000f391  UART_Params_init              
2000f3a9  __aeabi_lmul                  
2000f3c1  PRCMHIBRegRead                
2000f3d7  PRCMHIBRegWrite               
2000f3ed  SemaphoreP_create             
2000f403  CPUcpsid                      
2000f419  HwiP_inISR                    
2000f42d  IntVTableBaseSet              
2000f441  Power_disablePolicy           
2000f455  Power_getDependencyCount      
2000f47d  HwiP_Params_init              
2000f48f  RingBuf_construct             
2000f4a1  main                          
2000f4b3  Board_init                    
2000f4c3  ClockP_add                    
2000f4d3  ClockP_delete                 
2000f4e5  ClockP_getCpuFreq             
2000f4f5  ClockP_getSystemTicks         
2000f505  ClockP_setTicks               
2000f515  HwiP_delete                   
2000f525  HwiP_restore                  
2000f535  Power_enablePolicy            
2000f545  SemaphoreP_Params_init        
2000f565  HwiP_disable                  
2000f573  HwiP_enable                   
2000f573  NoRTOS_start                  
2000f581  RingBuf_isFull                
2000f58f  __TI_decompress_none          
2000f59d  Power_getConstraintMask       
2000f5b5  ClockP_Params_init            
2000f5bf  ClockP_isActive               
2000f5c9  IntMasterDisable              
2000f5d3  UART_read                     
2000f5dd  UART_write                    
2000f5e7  malloc                        
2000f5ff  UtilsDelay                    
2000f605  ClockP_setTimeout             
2000f609  HwiP_post                     
2000f60d  SemaphoreP_delete             
2000f611  _system_pre_init              
2000f615  C$$EXIT                       
2000f615  abort                         
2000f924  PowerCC32XX_module            
2000fa90  parkInfo                      
2000fb94  _lock                         
2000fb98  _unlock                       
2000fba4  SemaphoreP_defaultParams      
2000fbac  HwiP_key                      
2000fbb0  HwiP_swiPIntNum               
2000fbb4  ClockP_tickPeriod             
2000fbbc  gpioCallbackFunctions         
2000fbc0  gpioPinConfigs                
2000fd6c  PowerCC32XX_config            
2000fdb0  UARTCC32XX_fxnTable           
2000fdd8  UART_defaultParams            
2000fe41  CONFIG_GPIO_LED_0_CONST       
2000fe42  CONFIG_UART_0_CONST           
2000fe43  UART_count                    
2000fe94  GPIOCC32XX_config             
2000fef4  UART_config                   
2000ff00  outPinTypes                   
2000ff16  inPinTypes                    
2000ff1c  outPinStrengths               
2000ff28  PowerCC32XX_contextSave       
20010054  uartCC32XXObjects0            
20010130  ClockP_ctrl                   
20010158  __TI_static_base__            
20010218  __TI_Handler_Table_Base       
20010224  __TI_Handler_Table_Limit      
20010230  __TI_CINIT_Base               
20010240  __TI_CINIT_Limit              
ffffffff  __TI_pprof_out_hndl           
ffffffff  __TI_prof_data_size           
ffffffff  __TI_prof_data_start          
ffffffff  __binit__                     
ffffffff  __c_args__                    
ffffffff  binit                         
UNDEFED   ITM_flush                     
UNDEFED   ITM_restore                   
UNDEFED   __mpu_init                    
UNDEFED   _system_post_cinit            

[190 symbols]
