<?xml version="1.0" encoding="ISO-8859-1" ?>
<link_info>
   <banner>TI ARM Linker PC v20.2.7.LTS</banner>
   <copyright>Copyright (c) 1996-2018 Texas Instruments Incorporated</copyright>
   <link_time>0x646a9a93</link_time>
   <link_errors>0x0</link_errors>
   <output_file>Module 3 Milestone.out</output_file>
   <entry_point>
      <name>resetISR</name>
      <address>0x2000f315</address>
   </entry_point>
   <input_file_list>
      <input_file id="fl-2">
         <path>.\</path>
         <kind>object</kind>
         <file>main_nortos.obj</file>
         <name>main_nortos.obj</name>
      </input_file>
      <input_file id="fl-3">
         <path>.\</path>
         <kind>object</kind>
         <file>uartecho.obj</file>
         <name>uartecho.obj</name>
      </input_file>
      <input_file id="fl-4">
         <path>.\syscfg\</path>
         <kind>object</kind>
         <file>ti_drivers_config.obj</file>
         <name>ti_drivers_config.obj</name>
      </input_file>
      <input_file id="fl-d">
         <kind>object</kind>
         <file>&lt;internal&gt;</file>
         <name>&lt;internal&gt;</name>
      </input_file>
      <input_file id="fl-e">
         <path>C:\ti\simplelink_cc32xx_sdk_5_20_00_06\source\ti\drivers\lib\ccs\m4\</path>
         <kind>archive</kind>
         <file>drivers_cc32xx.a</file>
         <name>UART.oem4</name>
      </input_file>
      <input_file id="fl-f">
         <path>C:\ti\simplelink_cc32xx_sdk_5_20_00_06\source\ti\drivers\lib\ccs\m4\</path>
         <kind>archive</kind>
         <file>drivers_cc32xx.a</file>
         <name>GPIOCC32XX.oem4</name>
      </input_file>
      <input_file id="fl-10">
         <path>C:\ti\simplelink_cc32xx_sdk_5_20_00_06\source\ti\drivers\lib\ccs\m4\</path>
         <kind>archive</kind>
         <file>drivers_cc32xx.a</file>
         <name>PowerCC32XX.oem4</name>
      </input_file>
      <input_file id="fl-11">
         <path>C:\ti\simplelink_cc32xx_sdk_5_20_00_06\source\ti\drivers\lib\ccs\m4\</path>
         <kind>archive</kind>
         <file>drivers_cc32xx.a</file>
         <name>PowerCC32XX_asm.oem4</name>
      </input_file>
      <input_file id="fl-12">
         <path>C:\ti\simplelink_cc32xx_sdk_5_20_00_06\source\ti\drivers\lib\ccs\m4\</path>
         <kind>archive</kind>
         <file>drivers_cc32xx.a</file>
         <name>UARTCC32XX.oem4</name>
      </input_file>
      <input_file id="fl-13">
         <path>C:\ti\simplelink_cc32xx_sdk_5_20_00_06\source\ti\drivers\lib\ccs\m4\</path>
         <kind>archive</kind>
         <file>drivers_cc32xx.a</file>
         <name>List.oem4</name>
      </input_file>
      <input_file id="fl-14">
         <path>C:\ti\simplelink_cc32xx_sdk_5_20_00_06\source\ti\drivers\lib\ccs\m4\</path>
         <kind>archive</kind>
         <file>drivers_cc32xx.a</file>
         <name>RingBuf.oem4</name>
      </input_file>
      <input_file id="fl-15">
         <path>C:\ti\simplelink_cc32xx_sdk_5_20_00_06\kernel\nortos\lib\ccs\m4\</path>
         <kind>archive</kind>
         <file>nortos_cc32xx.a</file>
         <name>NoRTOS.oem4</name>
      </input_file>
      <input_file id="fl-16">
         <path>C:\ti\simplelink_cc32xx_sdk_5_20_00_06\kernel\nortos\lib\ccs\m4\</path>
         <kind>archive</kind>
         <file>nortos_cc32xx.a</file>
         <name>SemaphoreP_nortos.oem4</name>
      </input_file>
      <input_file id="fl-17">
         <path>C:\ti\simplelink_cc32xx_sdk_5_20_00_06\kernel\nortos\lib\ccs\m4\</path>
         <kind>archive</kind>
         <file>nortos_cc32xx.a</file>
         <name>ClockPSysTick_nortos.oem4</name>
      </input_file>
      <input_file id="fl-18">
         <path>C:\ti\simplelink_cc32xx_sdk_5_20_00_06\kernel\nortos\lib\ccs\m4\</path>
         <kind>archive</kind>
         <file>nortos_cc32xx.a</file>
         <name>HwiPCC32XX_nortos.oem4</name>
      </input_file>
      <input_file id="fl-19">
         <path>C:\ti\simplelink_cc32xx_sdk_5_20_00_06\kernel\nortos\lib\ccs\m4\</path>
         <kind>archive</kind>
         <file>nortos_cc32xx.a</file>
         <name>PowerCC32XX_nortos.oem4</name>
      </input_file>
      <input_file id="fl-1a">
         <path>C:\ti\simplelink_cc32xx_sdk_5_20_00_06\kernel\nortos\lib\ccs\m4\</path>
         <kind>archive</kind>
         <file>nortos_cc32xx.a</file>
         <name>startup_cc32xx_ccs.oem4</name>
      </input_file>
      <input_file id="fl-1b">
         <path>C:\ti\simplelink_cc32xx_sdk_5_20_00_06\kernel\nortos\lib\ccs\m4\</path>
         <kind>archive</kind>
         <file>nortos_cc32xx.a</file>
         <name>SwiP_nortos.oem4</name>
      </input_file>
      <input_file id="fl-1c">
         <path>C:\ti\simplelink_cc32xx_sdk_5_20_00_06\kernel\nortos\lib\ccs\m4\</path>
         <kind>archive</kind>
         <file>nortos_cc32xx.a</file>
         <name>QueueP_nortos.oem4</name>
      </input_file>
      <input_file id="fl-1d">
         <path>C:\ti\simplelink_cc32xx_sdk_5_20_00_06\source\ti\devices\cc32xx\driverlib\ccs\Release\</path>
         <kind>archive</kind>
         <file>driverlib.a</file>
         <name>cpu.obj</name>
      </input_file>
      <input_file id="fl-1e">
         <path>C:\ti\simplelink_cc32xx_sdk_5_20_00_06\source\ti\devices\cc32xx\driverlib\ccs\Release\</path>
         <kind>archive</kind>
         <file>driverlib.a</file>
         <name>interrupt.obj</name>
      </input_file>
      <input_file id="fl-1f">
         <path>C:\ti\simplelink_cc32xx_sdk_5_20_00_06\source\ti\devices\cc32xx\driverlib\ccs\Release\</path>
         <kind>archive</kind>
         <file>driverlib.a</file>
         <name>pin.obj</name>
      </input_file>
      <input_file id="fl-20">
         <path>C:\ti\simplelink_cc32xx_sdk_5_20_00_06\source\ti\devices\cc32xx\driverlib\ccs\Release\</path>
         <kind>archive</kind>
         <file>driverlib.a</file>
         <name>prcm.obj</name>
      </input_file>
      <input_file id="fl-21">
         <path>C:\ti\simplelink_cc32xx_sdk_5_20_00_06\source\ti\devices\cc32xx\driverlib\ccs\Release\</path>
         <kind>archive</kind>
         <file>driverlib.a</file>
         <name>uart.obj</name>
      </input_file>
      <input_file id="fl-22">
         <path>C:\ti\simplelink_cc32xx_sdk_5_20_00_06\source\ti\devices\cc32xx\driverlib\ccs\Release\</path>
         <kind>archive</kind>
         <file>driverlib.a</file>
         <name>utils.obj</name>
      </input_file>
      <input_file id="fl-23">
         <path>C:\ti\simplelink_cc32xx_sdk_5_20_00_06\source\ti\devices\cc32xx\driverlib\ccs\Release\</path>
         <kind>archive</kind>
         <file>driverlib.a</file>
         <name>flash.obj</name>
      </input_file>
      <input_file id="fl-d9">
         <path>C:\ti\ccs1230\ccs\tools\compiler\ti-cgt-arm_20.2.7.LTS\lib\</path>
         <kind>archive</kind>
         <file>rtsv7M4_T_le_eabi.lib</file>
         <name>ll_mul_t2.asm.obj</name>
      </input_file>
      <input_file id="fl-da">
         <path>C:\ti\ccs1230\ccs\tools\compiler\ti-cgt-arm_20.2.7.LTS\lib\</path>
         <kind>archive</kind>
         <file>rtsv7M4_T_le_eabi.lib</file>
         <name>memcpy_t2.asm.obj</name>
      </input_file>
      <input_file id="fl-db">
         <path>C:\ti\ccs1230\ccs\tools\compiler\ti-cgt-arm_20.2.7.LTS\lib\</path>
         <kind>archive</kind>
         <file>rtsv7M4_T_le_eabi.lib</file>
         <name>ull_div_t2.asm.obj</name>
      </input_file>
      <input_file id="fl-dc">
         <path>C:\ti\ccs1230\ccs\tools\compiler\ti-cgt-arm_20.2.7.LTS\lib\</path>
         <kind>archive</kind>
         <file>rtsv7M4_T_le_eabi.lib</file>
         <name>copy_zero_init.c.obj</name>
      </input_file>
      <input_file id="fl-dd">
         <path>C:\ti\ccs1230\ccs\tools\compiler\ti-cgt-arm_20.2.7.LTS\lib\</path>
         <kind>archive</kind>
         <file>rtsv7M4_T_le_eabi.lib</file>
         <name>copy_decompress_none.c.obj</name>
      </input_file>
      <input_file id="fl-de">
         <path>C:\ti\ccs1230\ccs\tools\compiler\ti-cgt-arm_20.2.7.LTS\lib\</path>
         <kind>archive</kind>
         <file>rtsv7M4_T_le_eabi.lib</file>
         <name>copy_decompress_lzss.c.obj</name>
      </input_file>
      <input_file id="fl-df">
         <path>C:\ti\ccs1230\ccs\tools\compiler\ti-cgt-arm_20.2.7.LTS\lib\</path>
         <kind>archive</kind>
         <file>rtsv7M4_T_le_eabi.lib</file>
         <name>memory.c.obj</name>
      </input_file>
      <input_file id="fl-e0">
         <path>C:\ti\ccs1230\ccs\tools\compiler\ti-cgt-arm_20.2.7.LTS\lib\</path>
         <kind>archive</kind>
         <file>rtsv7M4_T_le_eabi.lib</file>
         <name>boot_cortex_m.c.obj</name>
      </input_file>
      <input_file id="fl-e1">
         <path>C:\ti\ccs1230\ccs\tools\compiler\ti-cgt-arm_20.2.7.LTS\lib\</path>
         <kind>archive</kind>
         <file>rtsv7M4_T_le_eabi.lib</file>
         <name>div0.asm.obj</name>
      </input_file>
      <input_file id="fl-e2">
         <path>C:\ti\ccs1230\ccs\tools\compiler\ti-cgt-arm_20.2.7.LTS\lib\</path>
         <kind>archive</kind>
         <file>rtsv7M4_T_le_eabi.lib</file>
         <name>memset_t2.asm.obj</name>
      </input_file>
      <input_file id="fl-e3">
         <path>C:\ti\ccs1230\ccs\tools\compiler\ti-cgt-arm_20.2.7.LTS\lib\</path>
         <kind>archive</kind>
         <file>rtsv7M4_T_le_eabi.lib</file>
         <name>autoinit.c.obj</name>
      </input_file>
      <input_file id="fl-e4">
         <path>C:\ti\ccs1230\ccs\tools\compiler\ti-cgt-arm_20.2.7.LTS\lib\</path>
         <kind>archive</kind>
         <file>rtsv7M4_T_le_eabi.lib</file>
         <name>pre_init.c.obj</name>
      </input_file>
      <input_file id="fl-e5">
         <path>C:\ti\ccs1230\ccs\tools\compiler\ti-cgt-arm_20.2.7.LTS\lib\</path>
         <kind>archive</kind>
         <file>rtsv7M4_T_le_eabi.lib</file>
         <name>cpy_tbl.c.obj</name>
      </input_file>
      <input_file id="fl-e6">
         <path>C:\ti\ccs1230\ccs\tools\compiler\ti-cgt-arm_20.2.7.LTS\lib\</path>
         <kind>archive</kind>
         <file>rtsv7M4_T_le_eabi.lib</file>
         <name>exit.c.obj</name>
      </input_file>
      <input_file id="fl-e7">
         <path>C:\ti\ccs1230\ccs\tools\compiler\ti-cgt-arm_20.2.7.LTS\lib\</path>
         <kind>archive</kind>
         <file>rtsv7M4_T_le_eabi.lib</file>
         <name>_lock.c.obj</name>
      </input_file>
      <input_file id="fl-e8">
         <path>C:\ti\ccs1230\ccs\tools\compiler\ti-cgt-arm_20.2.7.LTS\lib\</path>
         <kind>archive</kind>
         <file>rtsv7M4_T_le_eabi.lib</file>
         <name>args_main.c.obj</name>
      </input_file>
   </input_file_list>
   <object_component_list>
      <object_component id="oc-1a9">
         <name>.text:PRCMCC3200MCUInit</name>
         <load_address>0x2000c040</load_address>
         <run_address>0x2000c040</run_address>
         <size>0x42c</size>
         <input_file_ref idref="fl-20"/>
      </object_component>
      <object_component id="oc-4d1">
         <name>.text:UARTCC32XX_open</name>
         <load_address>0x2000c46c</load_address>
         <run_address>0x2000c46c</run_address>
         <size>0x288</size>
         <input_file_ref idref="fl-12"/>
      </object_component>
      <object_component id="oc-1c9">
         <name>.text:GPIO_setConfig</name>
         <load_address>0x2000c6f4</load_address>
         <run_address>0x2000c6f4</run_address>
         <size>0x1e4</size>
         <input_file_ref idref="fl-f"/>
      </object_component>
      <object_component id="oc-359">
         <name>.text:PowerCC32XX_sleepPolicy</name>
         <load_address>0x2000c8d8</load_address>
         <run_address>0x2000c8d8</run_address>
         <size>0x19c</size>
         <input_file_ref idref="fl-19"/>
      </object_component>
      <object_component id="oc-53b">
         <name>.text:parkPins</name>
         <load_address>0x2000ca74</load_address>
         <run_address>0x2000ca74</run_address>
         <size>0x148</size>
         <input_file_ref idref="fl-10"/>
      </object_component>
      <object_component id="oc-15e">
         <name>.text:mainThread</name>
         <load_address>0x2000cbbc</load_address>
         <run_address>0x2000cbbc</run_address>
         <size>0x13a</size>
         <input_file_ref idref="fl-3"/>
      </object_component>
      <object_component id="oc-1b5">
         <name>.text:Board_initHook</name>
         <load_address>0x2000ccf6</load_address>
         <run_address>0x2000ccf6</run_address>
         <size>0x2</size>
         <input_file_ref idref="fl-4"/>
      </object_component>
      <object_component id="oc-45f">
         <name>.text:Power_sleep</name>
         <load_address>0x2000ccf8</load_address>
         <run_address>0x2000ccf8</run_address>
         <size>0x138</size>
         <input_file_ref idref="fl-10"/>
      </object_component>
      <object_component id="oc-4bf">
         <name>.text:UARTCC32XX_close</name>
         <load_address>0x2000ce30</load_address>
         <run_address>0x2000ce30</run_address>
         <size>0x120</size>
         <input_file_ref idref="fl-12"/>
      </object_component>
      <object_component id="oc-503">
         <name>.text:aligned_alloc</name>
         <load_address>0x2000cf50</load_address>
         <run_address>0x2000cf50</run_address>
         <size>0x100</size>
         <input_file_ref idref="fl-df"/>
      </object_component>
      <object_component id="oc-4c5">
         <name>.text:UARTCC32XX_control</name>
         <load_address>0x2000d050</load_address>
         <run_address>0x2000d050</run_address>
         <size>0xf2</size>
         <input_file_ref idref="fl-12"/>
      </object_component>
      <object_component id="oc-353">
         <name>.text:PowerCC32XX_initPolicy</name>
         <load_address>0x2000d142</load_address>
         <run_address>0x2000d142</run_address>
         <size>0x2</size>
         <input_file_ref idref="fl-19"/>
      </object_component>
      <object_component id="oc-375">
         <name>.text:free</name>
         <load_address>0x2000d144</load_address>
         <run_address>0x2000d144</run_address>
         <size>0xe4</size>
         <input_file_ref idref="fl-df"/>
      </object_component>
      <object_component id="oc-4e9">
         <name>.text:UARTCC32XX_write</name>
         <load_address>0x2000d228</load_address>
         <run_address>0x2000d228</run_address>
         <size>0xca</size>
         <input_file_ref idref="fl-12"/>
      </object_component>
      <object_component id="oc-4cb">
         <name>.text:UARTCC32XX_init</name>
         <load_address>0x2000d2f2</load_address>
         <run_address>0x2000d2f2</run_address>
         <size>0x2</size>
         <input_file_ref idref="fl-12"/>
      </object_component>
      <object_component id="oc-1bd">
         <name>.text:GPIO_init</name>
         <load_address>0x2000d2f4</load_address>
         <run_address>0x2000d2f4</run_address>
         <size>0xc4</size>
         <input_file_ref idref="fl-f"/>
      </object_component>
      <object_component id="oc-558">
         <name>.text:restoreParkedPins</name>
         <load_address>0x2000d3b8</load_address>
         <run_address>0x2000d3b8</run_address>
         <size>0xc0</size>
         <input_file_ref idref="fl-10"/>
      </object_component>
      <object_component id="oc-4dd">
         <name>.text:UARTCC32XX_readPolling</name>
         <load_address>0x2000d478</load_address>
         <run_address>0x2000d478</run_address>
         <size>0xba</size>
         <input_file_ref idref="fl-12"/>
      </object_component>
      <object_component id="oc-31b">
         <name>.text:_nop</name>
         <load_address>0x2000d532</load_address>
         <run_address>0x2000d532</run_address>
         <size>0x2</size>
         <input_file_ref idref="fl-e7"/>
      </object_component>
      <object_component id="oc-5e5">
         <name>.text:initHw</name>
         <load_address>0x2000d534</load_address>
         <run_address>0x2000d534</run_address>
         <size>0xb8</size>
         <input_file_ref idref="fl-12"/>
      </object_component>
      <object_component id="oc-6cb">
         <name>.text:readTaskCallback</name>
         <load_address>0x2000d5ec</load_address>
         <run_address>0x2000d5ec</run_address>
         <size>0xb6</size>
         <input_file_ref idref="fl-12"/>
      </object_component>
      <object_component id="oc-6b9">
         <name>.text:readTaskBlocking</name>
         <load_address>0x2000d6a2</load_address>
         <run_address>0x2000d6a2</run_address>
         <size>0xb0</size>
         <input_file_ref idref="fl-12"/>
      </object_component>
      <object_component id="oc-6bf">
         <name>.text:readIsrTextBlocking</name>
         <load_address>0x2000d752</load_address>
         <run_address>0x2000d752</run_address>
         <size>0xae</size>
         <input_file_ref idref="fl-12"/>
      </object_component>
      <object_component id="oc-b5">
         <name>.text:IntEnable</name>
         <load_address>0x2000d800</load_address>
         <run_address>0x2000d800</run_address>
         <size>0xa8</size>
         <input_file_ref idref="fl-1e"/>
      </object_component>
      <object_component id="oc-275">
         <name>.text:PowerCC32XX_configureWakeup</name>
         <load_address>0x2000d8a8</load_address>
         <run_address>0x2000d8a8</run_address>
         <size>0xa8</size>
         <input_file_ref idref="fl-10"/>
      </object_component>
      <object_component id="oc-6d1">
         <name>.text:readIsrTextCallback</name>
         <load_address>0x2000d950</load_address>
         <run_address>0x2000d950</run_address>
         <size>0xa2</size>
         <input_file_ref idref="fl-12"/>
      </object_component>
      <object_component id="oc-61c">
         <name>.text:writeData</name>
         <load_address>0x2000d9f2</load_address>
         <run_address>0x2000d9f2</run_address>
         <size>0xa2</size>
         <input_file_ref idref="fl-12"/>
      </object_component>
      <object_component id="oc-29b">
         <name>.text:SemaphoreP_pend</name>
         <load_address>0x2000da94</load_address>
         <run_address>0x2000da94</run_address>
         <size>0xa0</size>
         <input_file_ref idref="fl-16"/>
      </object_component>
      <object_component id="oc-3b">
         <name>.text</name>
         <load_address>0x2000db34</load_address>
         <run_address>0x2000db34</run_address>
         <size>0x9c</size>
         <input_file_ref idref="fl-da"/>
      </object_component>
      <object_component id="oc-2bd">
         <name>.text:powerNotifyFxn</name>
         <load_address>0x2000dbd0</load_address>
         <run_address>0x2000dbd0</run_address>
         <size>0x98</size>
         <input_file_ref idref="fl-f"/>
      </object_component>
      <object_component id="oc-45a">
         <name>.text</name>
         <load_address>0x2000dc68</load_address>
         <run_address>0x2000dc68</run_address>
         <size>0x96</size>
         <input_file_ref idref="fl-db"/>
      </object_component>
      <object_component id="oc-73">
         <name>.text:busFaultHandler</name>
         <load_address>0x2000dcfe</load_address>
         <run_address>0x2000dcfe</run_address>
         <size>0x2</size>
         <input_file_ref idref="fl-1a"/>
      </object_component>
      <object_component id="oc-54c">
         <name>.text:restoreNVICRegs</name>
         <load_address>0x2000dd00</load_address>
         <run_address>0x2000dd00</run_address>
         <size>0x90</size>
         <input_file_ref idref="fl-10"/>
      </object_component>
      <object_component id="oc-3ea">
         <name>.text:HwiP_construct</name>
         <load_address>0x2000dd90</load_address>
         <run_address>0x2000dd90</run_address>
         <size>0x8c</size>
         <input_file_ref idref="fl-18"/>
      </object_component>
      <object_component id="oc-67b">
         <name>.text:IntPendSet</name>
         <load_address>0x2000de1c</load_address>
         <run_address>0x2000de1c</run_address>
         <size>0x88</size>
         <input_file_ref idref="fl-1e"/>
      </object_component>
      <object_component id="oc-2d1">
         <name>.text:PinConfigSet</name>
         <load_address>0x2000dea4</load_address>
         <run_address>0x2000dea4</run_address>
         <size>0x88</size>
         <input_file_ref idref="fl-1f"/>
      </object_component>
      <object_component id="oc-1af">
         <name>.text:Power_init</name>
         <load_address>0x2000df2c</load_address>
         <run_address>0x2000df2c</run_address>
         <size>0x84</size>
         <input_file_ref idref="fl-10"/>
      </object_component>
      <object_component id="oc-541">
         <name>.text:saveNVICRegs</name>
         <load_address>0x2000dfb0</load_address>
         <run_address>0x2000dfb0</run_address>
         <size>0x84</size>
         <input_file_ref idref="fl-10"/>
      </object_component>
      <object_component id="oc-2d7">
         <name>.text:Power_setDependency</name>
         <load_address>0x2000e034</load_address>
         <run_address>0x2000e034</run_address>
         <size>0x80</size>
         <input_file_ref idref="fl-10"/>
      </object_component>
      <object_component id="oc-6b3">
         <name>.text:readIsrBinaryBlocking</name>
         <load_address>0x2000e0b4</load_address>
         <run_address>0x2000e0b4</run_address>
         <size>0x7c</size>
         <input_file_ref idref="fl-12"/>
      </object_component>
      <object_component id="oc-2fb">
         <name>.text:GPIO_hwiIntFxn</name>
         <load_address>0x2000e130</load_address>
         <run_address>0x2000e130</run_address>
         <size>0x78</size>
         <input_file_ref idref="fl-f"/>
      </object_component>
      <object_component id="oc-6c5">
         <name>.text:readIsrBinaryCallback</name>
         <load_address>0x2000e1a8</load_address>
         <run_address>0x2000e1a8</run_address>
         <size>0x78</size>
         <input_file_ref idref="fl-12"/>
      </object_component>
      <object_component id="oc-5f4">
         <name>.text:UARTCC32XX_hwiIntFxn</name>
         <load_address>0x2000e220</load_address>
         <run_address>0x2000e220</run_address>
         <size>0x74</size>
         <input_file_ref idref="fl-12"/>
      </object_component>
      <object_component id="oc-629">
         <name>.text:split</name>
         <load_address>0x2000e294</load_address>
         <run_address>0x2000e294</run_address>
         <size>0x70</size>
         <input_file_ref idref="fl-df"/>
      </object_component>
      <object_component id="oc-14">
         <name>.text:decompress:lzss:__TI_decompress_lzss</name>
         <load_address>0x2000e304</load_address>
         <run_address>0x2000e304</run_address>
         <size>0x68</size>
         <input_file_ref idref="fl-de"/>
      </object_component>
      <object_component id="oc-4f5">
         <name>.text:UARTCC32XX_writeCancel</name>
         <load_address>0x2000e36c</load_address>
         <run_address>0x2000e36c</run_address>
         <size>0x66</size>
         <input_file_ref idref="fl-12"/>
      </object_component>
      <object_component id="oc-39a">
         <name>.text:clkFxn</name>
         <load_address>0x2000e3d2</load_address>
         <run_address>0x2000e3d2</run_address>
         <size>0x2</size>
         <input_file_ref idref="fl-16"/>
      </object_component>
      <object_component id="oc-3c5">
         <name>.text:PowerCC32XX_setParkState</name>
         <load_address>0x2000e3d4</load_address>
         <run_address>0x2000e3d4</run_address>
         <size>0x64</size>
         <input_file_ref idref="fl-10"/>
      </object_component>
      <object_component id="oc-4ef">
         <name>.text:UARTCC32XX_writePolling</name>
         <load_address>0x2000e438</load_address>
         <run_address>0x2000e438</run_address>
         <size>0x62</size>
         <input_file_ref idref="fl-12"/>
      </object_component>
      <object_component id="oc-6d">
         <name>.text:defaultHandler</name>
         <load_address>0x2000e49a</load_address>
         <run_address>0x2000e49a</run_address>
         <size>0x2</size>
         <input_file_ref idref="fl-1a"/>
      </object_component>
      <object_component id="oc-243">
         <name>.text:PRCMSysResetCauseGet</name>
         <load_address>0x2000e49c</load_address>
         <run_address>0x2000e49c</run_address>
         <size>0x60</size>
         <input_file_ref idref="fl-20"/>
      </object_component>
      <object_component id="oc-2a1">
         <name>.text:GPIO_setCallback</name>
         <load_address>0x2000e4fc</load_address>
         <run_address>0x2000e4fc</run_address>
         <size>0x5c</size>
         <input_file_ref idref="fl-f"/>
      </object_component>
      <object_component id="oc-641">
         <name>.text:sysTickInit</name>
         <load_address>0x2000e558</load_address>
         <run_address>0x2000e558</run_address>
         <size>0x5c</size>
         <input_file_ref idref="fl-17"/>
      </object_component>
      <object_component id="oc-1e7">
         <name>.text:GPIO_write</name>
         <load_address>0x2000e5b4</load_address>
         <run_address>0x2000e5b4</run_address>
         <size>0x58</size>
         <input_file_ref idref="fl-f"/>
      </object_component>
      <object_component id="oc-25c">
         <name>.text:PRCMPeripheralReset</name>
         <load_address>0x2000e60c</load_address>
         <run_address>0x2000e60c</run_address>
         <size>0x58</size>
         <input_file_ref idref="fl-20"/>
      </object_component>
      <object_component id="oc-5a0">
         <name>.text:Power_releaseDependency</name>
         <load_address>0x2000e664</load_address>
         <run_address>0x2000e664</run_address>
         <size>0x58</size>
         <input_file_ref idref="fl-10"/>
      </object_component>
      <object_component id="oc-719">
         <name>.text:ringBufGet</name>
         <load_address>0x2000e6bc</load_address>
         <run_address>0x2000e6bc</run_address>
         <size>0x54</size>
         <input_file_ref idref="fl-12"/>
      </object_component>
      <object_component id="oc-658">
         <name>.text:PowerCC32XX_resumeLPDS</name>
         <load_address>0x2000e710</load_address>
         <run_address>0x2000e710</run_address>
         <size>0x52</size>
         <input_file_ref idref="fl-11"/>
      </object_component>
      <object_component id="oc-67">
         <name>.text:faultISR</name>
         <load_address>0x2000e762</load_address>
         <run_address>0x2000e762</run_address>
         <size>0x2</size>
         <input_file_ref idref="fl-1a"/>
      </object_component>
      <object_component id="oc-79">
         <name>.text:ClockP_sysTickHandler</name>
         <load_address>0x2000e764</load_address>
         <run_address>0x2000e764</run_address>
         <size>0x50</size>
         <input_file_ref idref="fl-17"/>
      </object_component>
      <object_component id="oc-480">
         <name>.text:SemaphoreP_construct</name>
         <load_address>0x2000e7b4</load_address>
         <run_address>0x2000e7b4</run_address>
         <size>0x50</size>
         <input_file_ref idref="fl-16"/>
      </object_component>
      <object_component id="oc-3cb">
         <name>.text:GPIO_enableInt</name>
         <load_address>0x2000e804</load_address>
         <run_address>0x2000e804</run_address>
         <size>0x4c</size>
         <input_file_ref idref="fl-f"/>
      </object_component>
      <object_component id="oc-64f">
         <name>.text:PowerCC32XX_parkPin</name>
         <load_address>0x2000e850</load_address>
         <run_address>0x2000e850</run_address>
         <size>0x4c</size>
         <input_file_ref idref="fl-10"/>
      </object_component>
      <object_component id="oc-552">
         <name>.text:restorePeriphClocks</name>
         <load_address>0x2000e89c</load_address>
         <run_address>0x2000e89c</run_address>
         <size>0x4c</size>
         <input_file_ref idref="fl-10"/>
      </object_component>
      <object_component id="oc-673">
         <name>.text:FlashDisable</name>
         <load_address>0x2000e8e8</load_address>
         <run_address>0x2000e8e8</run_address>
         <size>0x48</size>
         <input_file_ref idref="fl-23"/>
      </object_component>
      <object_component id="oc-55e">
         <name>.text:PRCMLPDSEnter</name>
         <load_address>0x2000e930</load_address>
         <run_address>0x2000e930</run_address>
         <size>0x48</size>
         <input_file_ref idref="fl-20"/>
      </object_component>
      <object_component id="oc-256">
         <name>.text:PRCMPeripheralClkEnable</name>
         <load_address>0x2000e978</load_address>
         <run_address>0x2000e978</run_address>
         <size>0x48</size>
         <input_file_ref idref="fl-20"/>
      </object_component>
      <object_component id="oc-594">
         <name>.text:Power_releaseConstraint</name>
         <load_address>0x2000e9c0</load_address>
         <run_address>0x2000e9c0</run_address>
         <size>0x48</size>
         <input_file_ref idref="fl-10"/>
      </object_component>
      <object_component id="oc-706">
         <name>.text:RingBuf_put</name>
         <load_address>0x2000ea08</load_address>
         <run_address>0x2000ea08</run_address>
         <size>0x46</size>
         <input_file_ref idref="fl-14"/>
      </object_component>
      <object_component id="oc-61">
         <name>.text:nmiISR</name>
         <load_address>0x2000ea4e</load_address>
         <run_address>0x2000ea4e</run_address>
         <size>0x2</size>
         <input_file_ref idref="fl-1a"/>
      </object_component>
      <object_component id="oc-4a8">
         <name>.text:ClockP_stop</name>
         <load_address>0x2000ea50</load_address>
         <run_address>0x2000ea50</run_address>
         <size>0x44</size>
         <input_file_ref idref="fl-17"/>
      </object_component>
      <object_component id="oc-65d">
         <name>.text:PRCMLPDSRestoreInfoSet</name>
         <load_address>0x2000ea94</load_address>
         <run_address>0x2000ea94</run_address>
         <size>0x44</size>
         <input_file_ref idref="fl-20"/>
      </object_component>
      <object_component id="oc-547">
         <name>.text:PowerCC32XX_enterLPDS</name>
         <load_address>0x2000ead8</load_address>
         <run_address>0x2000ead8</run_address>
         <size>0x44</size>
         <input_file_ref idref="fl-11"/>
      </object_component>
      <object_component id="oc-2ad">
         <name>.text:SemaphoreP_post</name>
         <load_address>0x2000eb1c</load_address>
         <run_address>0x2000eb1c</run_address>
         <size>0x44</size>
         <input_file_ref idref="fl-16"/>
      </object_component>
      <object_component id="oc-470">
         <name>.text:SwiP_restore</name>
         <load_address>0x2000eb60</load_address>
         <run_address>0x2000eb60</run_address>
         <size>0x44</size>
         <input_file_ref idref="fl-1b"/>
      </object_component>
      <object_component id="oc-1c3">
         <name>.text:UART_init</name>
         <load_address>0x2000eba4</load_address>
         <run_address>0x2000eba4</run_address>
         <size>0x44</size>
         <input_file_ref idref="fl-e"/>
      </object_component>
      <object_component id="oc-171">
         <name>.text:__TI_auto_init_nobinit_nopinit:__TI_auto_init_nobinit_nopinit</name>
         <load_address>0x2000ebe8</load_address>
         <run_address>0x2000ebe8</run_address>
         <size>0x44</size>
         <input_file_ref idref="fl-e3"/>
      </object_component>
      <object_component id="oc-6a2">
         <name>.text:ClockP_construct</name>
         <load_address>0x2000ec2c</load_address>
         <run_address>0x2000ec2c</run_address>
         <size>0x40</size>
         <input_file_ref idref="fl-17"/>
      </object_component>
      <object_component id="oc-26e">
         <name>.text:PinModeSet</name>
         <load_address>0x2000ec6c</load_address>
         <run_address>0x2000ec6c</run_address>
         <size>0x40</size>
         <input_file_ref idref="fl-1f"/>
      </object_component>
      <object_component id="oc-60e">
         <name>.text:RingBuf_get</name>
         <load_address>0x2000ecac</load_address>
         <run_address>0x2000ecac</run_address>
         <size>0x40</size>
         <input_file_ref idref="fl-14"/>
      </object_component>
      <object_component id="oc-4d7">
         <name>.text:UARTCC32XX_read</name>
         <load_address>0x2000ecec</load_address>
         <run_address>0x2000ecec</run_address>
         <size>0x40</size>
         <input_file_ref idref="fl-12"/>
      </object_component>
      <object_component id="oc-1d5">
         <name>.text:UART_open</name>
         <load_address>0x2000ed2c</load_address>
         <run_address>0x2000ed2c</run_address>
         <size>0x40</size>
         <input_file_ref idref="fl-e"/>
      </object_component>
      <object_component id="oc-394">
         <name>.text:ClockP_destruct</name>
         <load_address>0x2000ed6c</load_address>
         <run_address>0x2000ed6c</run_address>
         <size>0x3c</size>
         <input_file_ref idref="fl-17"/>
      </object_component>
      <object_component id="oc-5b9">
         <name>.text:Power_setConstraint</name>
         <load_address>0x2000eda8</load_address>
         <run_address>0x2000eda8</run_address>
         <size>0x3c</size>
         <input_file_ref idref="fl-10"/>
      </object_component>
      <object_component id="oc-454">
         <name>.text:getCountsRTC</name>
         <load_address>0x2000ede4</load_address>
         <run_address>0x2000ede4</run_address>
         <size>0x3a</size>
         <input_file_ref idref="fl-19"/>
      </object_component>
      <object_component id="oc-52f">
         <name>.text</name>
         <load_address>0x2000ee1e</load_address>
         <run_address>0x2000ee1e</run_address>
         <size>0x2</size>
         <input_file_ref idref="fl-e1"/>
      </object_component>
      <object_component id="oc-564">
         <name>.text:PRCMLPDSEnterKeepDebugIf</name>
         <load_address>0x2000ee20</load_address>
         <run_address>0x2000ee20</run_address>
         <size>0x38</size>
         <input_file_ref idref="fl-20"/>
      </object_component>
      <object_component id="oc-db">
         <name>.text:addToList</name>
         <load_address>0x2000ee58</load_address>
         <run_address>0x2000ee58</run_address>
         <size>0x38</size>
         <input_file_ref idref="fl-17"/>
      </object_component>
      <object_component id="oc-59">
         <name>.text:initVectors</name>
         <load_address>0x2000ee90</load_address>
         <run_address>0x2000ee90</run_address>
         <size>0x38</size>
         <input_file_ref idref="fl-1a"/>
      </object_component>
      <object_component id="oc-535">
         <name>.text:notify</name>
         <load_address>0x2000eec8</load_address>
         <run_address>0x2000eec8</run_address>
         <size>0x38</size>
         <input_file_ref idref="fl-10"/>
      </object_component>
      <object_component id="oc-4e3">
         <name>.text:UARTCC32XX_readCancel</name>
         <load_address>0x2000ef00</load_address>
         <run_address>0x2000ef00</run_address>
         <size>0x36</size>
         <input_file_ref idref="fl-12"/>
      </object_component>
      <object_component id="oc-442">
         <name>.text:ClockP_getTicksUntilInterrupt</name>
         <load_address>0x2000ef38</load_address>
         <run_address>0x2000ef38</run_address>
         <size>0x34</size>
         <input_file_ref idref="fl-17"/>
      </object_component>
      <object_component id="oc-526">
         <name>.text:ClockP_startup</name>
         <load_address>0x2000ef6c</load_address>
         <run_address>0x2000ef6c</run_address>
         <size>0x34</size>
         <input_file_ref idref="fl-17"/>
      </object_component>
      <object_component id="oc-268">
         <name>.text:PinModeGet</name>
         <load_address>0x2000efa0</load_address>
         <run_address>0x2000efa0</run_address>
         <size>0x34</size>
         <input_file_ref idref="fl-1f"/>
      </object_component>
      <object_component id="oc-5a6">
         <name>.text:PowerCC32XX_restoreParkState</name>
         <load_address>0x2000efd4</load_address>
         <run_address>0x2000efd4</run_address>
         <size>0x34</size>
         <input_file_ref idref="fl-10"/>
      </object_component>
      <object_component id="oc-382">
         <name>.text:ClockP_start</name>
         <load_address>0x2000f008</load_address>
         <run_address>0x2000f008</run_address>
         <size>0x30</size>
         <input_file_ref idref="fl-17"/>
      </object_component>
      <object_component id="oc-66c">
         <name>.text:PowerCC32XX_restoreParkedPin</name>
         <load_address>0x2000f038</load_address>
         <run_address>0x2000f038</run_address>
         <size>0x30</size>
         <input_file_ref idref="fl-10"/>
      </object_component>
      <object_component id="oc-5d3">
         <name>.text:PowerCC32XX_getParkState</name>
         <load_address>0x2000f068</load_address>
         <run_address>0x2000f068</run_address>
         <size>0x2c</size>
         <input_file_ref idref="fl-10"/>
      </object_component>
      <object_component id="oc-2e3">
         <name>.text:HwiP_create</name>
         <load_address>0x2000f094</load_address>
         <run_address>0x2000f094</run_address>
         <size>0x2a</size>
         <input_file_ref idref="fl-18"/>
      </object_component>
      <object_component id="oc-262">
         <name>.text:PRCMPeripheralClkDisable</name>
         <load_address>0x2000f0c0</load_address>
         <run_address>0x2000f0c0</run_address>
         <size>0x28</size>
         <input_file_ref idref="fl-20"/>
      </object_component>
      <object_component id="oc-2a7">
         <name>.text:Power_registerNotify</name>
         <load_address>0x2000f0e8</load_address>
         <run_address>0x2000f0e8</run_address>
         <size>0x28</size>
         <input_file_ref idref="fl-10"/>
      </object_component>
      <object_component id="oc-4a0">
         <name>.text:free_list_insert</name>
         <load_address>0x2000f110</load_address>
         <run_address>0x2000f110</run_address>
         <size>0x28</size>
         <input_file_ref idref="fl-df"/>
      </object_component>
      <object_component id="oc-3a5">
         <name>.text:List_put</name>
         <load_address>0x2000f138</load_address>
         <run_address>0x2000f138</run_address>
         <size>0x26</size>
         <input_file_ref idref="fl-13"/>
      </object_component>
      <object_component id="oc-690">
         <name>.text:List_remove</name>
         <load_address>0x2000f15e</load_address>
         <run_address>0x2000f15e</run_address>
         <size>0x26</size>
         <input_file_ref idref="fl-13"/>
      </object_component>
      <object_component id="oc-50d">
         <name>.text:HwiP_dispatch</name>
         <load_address>0x2000f184</load_address>
         <run_address>0x2000f184</run_address>
         <size>0x24</size>
         <input_file_ref idref="fl-18"/>
      </object_component>
      <object_component id="oc-5cd">
         <name>.text:PowerCC32XX_reset</name>
         <load_address>0x2000f1a8</load_address>
         <run_address>0x2000f1a8</run_address>
         <size>0x24</size>
         <input_file_ref idref="fl-10"/>
      </object_component>
      <object_component id="oc-c5">
         <name>.text:_c_int00_noargs:_c_int00_noargs</name>
         <load_address>0x2000f1cc</load_address>
         <run_address>0x2000f1cc</run_address>
         <size>0x24</size>
         <input_file_ref idref="fl-e0"/>
      </object_component>
      <object_component id="oc-687">
         <name>.text:HwiP_destruct</name>
         <load_address>0x2000f1f0</load_address>
         <run_address>0x2000f1f0</run_address>
         <size>0x20</size>
         <input_file_ref idref="fl-18"/>
      </object_component>
      <object_component id="oc-59a">
         <name>.text:Power_unregisterNotify</name>
         <load_address>0x2000f210</load_address>
         <run_address>0x2000f210</run_address>
         <size>0x20</size>
         <input_file_ref idref="fl-10"/>
      </object_component>
      <object_component id="oc-5b3">
         <name>.text:RingBuf_peek</name>
         <load_address>0x2000f230</load_address>
         <run_address>0x2000f230</run_address>
         <size>0x20</size>
         <input_file_ref idref="fl-14"/>
      </object_component>
      <object_component id="oc-5c7">
         <name>.text:getPowerMgrId</name>
         <load_address>0x2000f250</load_address>
         <run_address>0x2000f250</run_address>
         <size>0x20</size>
         <input_file_ref idref="fl-12"/>
      </object_component>
      <object_component id="oc-5ac">
         <name>.text:PinToPadGet</name>
         <load_address>0x2000f270</load_address>
         <run_address>0x2000f270</run_address>
         <size>0x1c</size>
         <input_file_ref idref="fl-1f"/>
      </object_component>
      <object_component id="oc-436">
         <name>.text:SwiP_disable</name>
         <load_address>0x2000f28c</load_address>
         <run_address>0x2000f28c</run_address>
         <size>0x1c</size>
         <input_file_ref idref="fl-1b"/>
      </object_component>
      <object_component id="oc-47">
         <name>.text:decompress:ZI:__TI_zero_init_nomemset:__TI_zero_init_nomemset</name>
         <load_address>0x2000f2a8</load_address>
         <run_address>0x2000f2a8</run_address>
         <size>0x1c</size>
         <input_file_ref idref="fl-dc"/>
      </object_component>
      <object_component id="oc-49a">
         <name>.text:free_list_remove</name>
         <load_address>0x2000f2c4</load_address>
         <run_address>0x2000f2c4</run_address>
         <size>0x1c</size>
         <input_file_ref idref="fl-df"/>
      </object_component>
      <object_component id="oc-5df">
         <name>.text:ClockP_create</name>
         <load_address>0x2000f2e0</load_address>
         <run_address>0x2000f2e0</run_address>
         <size>0x1a</size>
         <input_file_ref idref="fl-17"/>
      </object_component>
      <object_component id="oc-283">
         <name>.text:SemaphoreP_createBinary</name>
         <load_address>0x2000f2fa</load_address>
         <run_address>0x2000f2fa</run_address>
         <size>0x1a</size>
         <input_file_ref idref="fl-16"/>
      </object_component>
      <object_component id="oc-21">
         <name>.text:resetISR</name>
         <load_address>0x2000f314</load_address>
         <run_address>0x2000f314</run_address>
         <size>0x1a</size>
         <input_file_ref idref="fl-1a"/>
      </object_component>
      <object_component id="oc-448">
         <name>.text:Power_getTransitionLatency</name>
         <load_address>0x2000f330</load_address>
         <run_address>0x2000f330</run_address>
         <size>0x18</size>
         <input_file_ref idref="fl-10"/>
      </object_component>
      <object_component id="oc-577">
         <name>.text:Power_idleFunc</name>
         <load_address>0x2000f348</load_address>
         <run_address>0x2000f348</run_address>
         <size>0x18</size>
         <input_file_ref idref="fl-10"/>
      </object_component>
      <object_component id="oc-616">
         <name>.text:UARTBusy</name>
         <load_address>0x2000f360</load_address>
         <run_address>0x2000f360</run_address>
         <size>0x18</size>
         <input_file_ref idref="fl-21"/>
      </object_component>
      <object_component id="oc-6e6">
         <name>.text:UARTIntEnable</name>
         <load_address>0x2000f378</load_address>
         <run_address>0x2000f378</run_address>
         <size>0x18</size>
         <input_file_ref idref="fl-21"/>
      </object_component>
      <object_component id="oc-1cf">
         <name>.text:UART_Params_init</name>
         <load_address>0x2000f390</load_address>
         <run_address>0x2000f390</run_address>
         <size>0x18</size>
         <input_file_ref idref="fl-e"/>
      </object_component>
      <object_component id="oc-465">
         <name>.text</name>
         <load_address>0x2000f3a8</load_address>
         <run_address>0x2000f3a8</run_address>
         <size>0x18</size>
         <input_file_ref idref="fl-d9"/>
      </object_component>
      <object_component id="oc-250">
         <name>.text:PRCMHIBRegRead</name>
         <load_address>0x2000f3c0</load_address>
         <run_address>0x2000f3c0</run_address>
         <size>0x16</size>
         <input_file_ref idref="fl-20"/>
      </object_component>
      <object_component id="oc-24a">
         <name>.text:PRCMHIBRegWrite</name>
         <load_address>0x2000f3d6</load_address>
         <run_address>0x2000f3d6</run_address>
         <size>0x16</size>
         <input_file_ref idref="fl-20"/>
      </object_component>
      <object_component id="oc-36a">
         <name>.text:SemaphoreP_create</name>
         <load_address>0x2000f3ec</load_address>
         <run_address>0x2000f3ec</run_address>
         <size>0x16</size>
         <input_file_ref idref="fl-16"/>
      </object_component>
      <object_component id="oc-a3">
         <name>.text:CPUcpsid</name>
         <load_address>0x2000f402</load_address>
         <run_address>0x2000f402</run_address>
         <size>0x14</size>
         <input_file_ref idref="fl-1d"/>
      </object_component>
      <object_component id="oc-3ac">
         <name>.text:HwiP_inISR</name>
         <load_address>0x2000f418</load_address>
         <run_address>0x2000f418</run_address>
         <size>0x14</size>
         <input_file_ref idref="fl-18"/>
      </object_component>
      <object_component id="oc-af">
         <name>.text:IntVTableBaseSet</name>
         <load_address>0x2000f42c</load_address>
         <run_address>0x2000f42c</run_address>
         <size>0x14</size>
         <input_file_ref idref="fl-1e"/>
      </object_component>
      <object_component id="oc-3b2">
         <name>.text:Power_disablePolicy</name>
         <load_address>0x2000f440</load_address>
         <run_address>0x2000f440</run_address>
         <size>0x14</size>
         <input_file_ref idref="fl-10"/>
      </object_component>
      <object_component id="oc-665">
         <name>.text:Power_getDependencyCount</name>
         <load_address>0x2000f454</load_address>
         <run_address>0x2000f454</run_address>
         <size>0x14</size>
         <input_file_ref idref="fl-10"/>
      </object_component>
      <object_component id="oc-6e0">
         <name>.text:releasePowerConstraint</name>
         <load_address>0x2000f468</load_address>
         <run_address>0x2000f468</run_address>
         <size>0x14</size>
         <input_file_ref idref="fl-12"/>
      </object_component>
      <object_component id="oc-2dd">
         <name>.text:HwiP_Params_init</name>
         <load_address>0x2000f47c</load_address>
         <run_address>0x2000f47c</run_address>
         <size>0x12</size>
         <input_file_ref idref="fl-18"/>
      </object_component>
      <object_component id="oc-5c1">
         <name>.text:RingBuf_construct</name>
         <load_address>0x2000f48e</load_address>
         <run_address>0x2000f48e</run_address>
         <size>0x12</size>
         <input_file_ref idref="fl-14"/>
      </object_component>
      <object_component id="oc-11a">
         <name>.text:main</name>
         <load_address>0x2000f4a0</load_address>
         <run_address>0x2000f4a0</run_address>
         <size>0x12</size>
         <input_file_ref idref="fl-2"/>
      </object_component>
      <object_component id="oc-152">
         <name>.text:Board_init</name>
         <load_address>0x2000f4b2</load_address>
         <run_address>0x2000f4b2</run_address>
         <size>0x10</size>
         <input_file_ref idref="fl-4"/>
      </object_component>
      <object_component id="oc-37c">
         <name>.text:ClockP_add</name>
         <load_address>0x2000f4c2</load_address>
         <run_address>0x2000f4c2</run_address>
         <size>0x10</size>
         <input_file_ref idref="fl-17"/>
      </object_component>
      <object_component id="oc-58e">
         <name>.text:ClockP_delete</name>
         <load_address>0x2000f4d2</load_address>
         <run_address>0x2000f4d2</run_address>
         <size>0x10</size>
         <input_file_ref idref="fl-17"/>
      </object_component>
      <object_component id="oc-430">
         <name>.text:ClockP_getCpuFreq</name>
         <load_address>0x2000f4e4</load_address>
         <run_address>0x2000f4e4</run_address>
         <size>0x10</size>
         <input_file_ref idref="fl-17"/>
      </object_component>
      <object_component id="oc-44e">
         <name>.text:ClockP_getSystemTicks</name>
         <load_address>0x2000f4f4</load_address>
         <run_address>0x2000f4f4</run_address>
         <size>0x10</size>
         <input_file_ref idref="fl-17"/>
      </object_component>
      <object_component id="oc-46a">
         <name>.text:ClockP_setTicks</name>
         <load_address>0x2000f504</load_address>
         <run_address>0x2000f504</run_address>
         <size>0x10</size>
         <input_file_ref idref="fl-17"/>
      </object_component>
      <object_component id="oc-588">
         <name>.text:HwiP_delete</name>
         <load_address>0x2000f514</load_address>
         <run_address>0x2000f514</run_address>
         <size>0x10</size>
         <input_file_ref idref="fl-18"/>
      </object_component>
      <object_component id="oc-28f">
         <name>.text:HwiP_restore</name>
         <load_address>0x2000f524</load_address>
         <run_address>0x2000f524</run_address>
         <size>0x10</size>
         <input_file_ref idref="fl-18"/>
      </object_component>
      <object_component id="oc-388">
         <name>.text:Power_enablePolicy</name>
         <load_address>0x2000f534</load_address>
         <run_address>0x2000f534</run_address>
         <size>0x10</size>
         <input_file_ref idref="fl-10"/>
      </object_component>
      <object_component id="oc-364">
         <name>.text:SemaphoreP_Params_init</name>
         <load_address>0x2000f544</load_address>
         <run_address>0x2000f544</run_address>
         <size>0x10</size>
         <input_file_ref idref="fl-16"/>
      </object_component>
      <object_component id="oc-606">
         <name>.text:readBlockingTimeout</name>
         <load_address>0x2000f554</load_address>
         <run_address>0x2000f554</run_address>
         <size>0x10</size>
         <input_file_ref idref="fl-12"/>
      </object_component>
      <object_component id="oc-289">
         <name>.text:HwiP_disable</name>
         <load_address>0x2000f564</load_address>
         <run_address>0x2000f564</run_address>
         <size>0xe</size>
         <input_file_ref idref="fl-18"/>
      </object_component>
      <object_component id="oc-158">
         <name>.text:HwiP_enable</name>
         <load_address>0x2000f572</load_address>
         <run_address>0x2000f572</run_address>
         <size>0xe</size>
         <input_file_ref idref="fl-18"/>
      </object_component>
      <object_component id="oc-70c">
         <name>.text:RingBuf_isFull</name>
         <load_address>0x2000f580</load_address>
         <run_address>0x2000f580</run_address>
         <size>0xe</size>
         <input_file_ref idref="fl-14"/>
      </object_component>
      <object_component id="oc-1a">
         <name>.text:decompress:none:__TI_decompress_none</name>
         <load_address>0x2000f58e</load_address>
         <run_address>0x2000f58e</run_address>
         <size>0xe</size>
         <input_file_ref idref="fl-dd"/>
      </object_component>
      <object_component id="oc-43c">
         <name>.text:Power_getConstraintMask</name>
         <load_address>0x2000f59c</load_address>
         <run_address>0x2000f59c</run_address>
         <size>0xc</size>
         <input_file_ref idref="fl-10"/>
      </object_component>
      <object_component id="oc-5ee">
         <name>.text:postNotifyFxn</name>
         <load_address>0x2000f5a8</load_address>
         <run_address>0x2000f5a8</run_address>
         <size>0xc</size>
         <input_file_ref idref="fl-12"/>
      </object_component>
      <object_component id="oc-5d9">
         <name>.text:ClockP_Params_init</name>
         <load_address>0x2000f5b4</load_address>
         <run_address>0x2000f5b4</run_address>
         <size>0xa</size>
         <input_file_ref idref="fl-17"/>
      </object_component>
      <object_component id="oc-38e">
         <name>.text:ClockP_isActive</name>
         <load_address>0x2000f5be</load_address>
         <run_address>0x2000f5be</run_address>
         <size>0xa</size>
         <input_file_ref idref="fl-17"/>
      </object_component>
      <object_component id="oc-53">
         <name>.text:IntMasterDisable</name>
         <load_address>0x2000f5c8</load_address>
         <run_address>0x2000f5c8</run_address>
         <size>0xa</size>
         <input_file_ref idref="fl-1e"/>
      </object_component>
      <object_component id="oc-1db">
         <name>.text:UART_read</name>
         <load_address>0x2000f5d2</load_address>
         <run_address>0x2000f5d2</run_address>
         <size>0xa</size>
         <input_file_ref idref="fl-e"/>
      </object_component>
      <object_component id="oc-1e1">
         <name>.text:UART_write</name>
         <load_address>0x2000f5dc</load_address>
         <run_address>0x2000f5dc</run_address>
         <size>0xa</size>
         <input_file_ref idref="fl-e"/>
      </object_component>
      <object_component id="oc-3e4">
         <name>.text:malloc</name>
         <load_address>0x2000f5e6</load_address>
         <run_address>0x2000f5e6</run_address>
         <size>0x8</size>
         <input_file_ref idref="fl-df"/>
      </object_component>
      <object_component id="oc-600">
         <name>.text:readSemCallback</name>
         <load_address>0x2000f5ee</load_address>
         <run_address>0x2000f5ee</run_address>
         <size>0x8</size>
         <input_file_ref idref="fl-12"/>
      </object_component>
      <object_component id="oc-5fa">
         <name>.text:writeSemCallback</name>
         <load_address>0x2000f5f6</load_address>
         <run_address>0x2000f5f6</run_address>
         <size>0x8</size>
         <input_file_ref idref="fl-12"/>
      </object_component>
      <object_component id="oc-249">
         <name>.text:UtilsDelay</name>
         <load_address>0x2000f5fe</load_address>
         <run_address>0x2000f5fe</run_address>
         <size>0x6</size>
         <input_file_ref idref="fl-22"/>
      </object_component>
      <object_component id="oc-713">
         <name>.text:ClockP_setTimeout</name>
         <load_address>0x2000f604</load_address>
         <run_address>0x2000f604</run_address>
         <size>0x4</size>
         <input_file_ref idref="fl-17"/>
      </object_component>
      <object_component id="oc-56d">
         <name>.text:HwiP_post</name>
         <load_address>0x2000f608</load_address>
         <run_address>0x2000f608</run_address>
         <size>0x4</size>
         <input_file_ref idref="fl-18"/>
      </object_component>
      <object_component id="oc-295">
         <name>.text:SemaphoreP_delete</name>
         <load_address>0x2000f60c</load_address>
         <run_address>0x2000f60c</run_address>
         <size>0x4</size>
         <input_file_ref idref="fl-16"/>
      </object_component>
      <object_component id="oc-114">
         <name>.text:_system_pre_init</name>
         <load_address>0x2000f610</load_address>
         <run_address>0x2000f610</run_address>
         <size>0x4</size>
         <input_file_ref idref="fl-e4"/>
      </object_component>
      <object_component id="oc-165">
         <name>.text:abort:abort</name>
         <load_address>0x2000f614</load_address>
         <run_address>0x2000f614</run_address>
         <size>0x4</size>
         <input_file_ref idref="fl-e6"/>
      </object_component>
      <object_component id="oc-349">
         <name>.const:g_ulPinToPadMap</name>
         <load_address>0x2000fbc4</load_address>
         <run_address>0x2000fbc4</run_address>
         <size>0x100</size>
         <input_file_ref idref="fl-1f"/>
      </object_component>
      <object_component id="oc-342">
         <name>.const:PRCM_PeriphRegsList</name>
         <load_address>0x2000fcc4</load_address>
         <run_address>0x2000fcc4</run_address>
         <size>0xa8</size>
         <input_file_ref idref="fl-20"/>
      </object_component>
      <object_component id="oc-27e">
         <name>.const:PowerCC32XX_config</name>
         <load_address>0x2000fd6c</load_address>
         <run_address>0x2000fd6c</run_address>
         <size>0x44</size>
         <input_file_ref idref="fl-4"/>
      </object_component>
      <object_component id="oc-3d8">
         <name>.const:UARTCC32XX_fxnTable</name>
         <load_address>0x2000fdb0</load_address>
         <run_address>0x2000fdb0</run_address>
         <size>0x28</size>
         <input_file_ref idref="fl-12"/>
      </object_component>
      <object_component id="oc-30e">
         <name>.const:UART_defaultParams</name>
         <load_address>0x2000fdd8</load_address>
         <run_address>0x2000fdd8</run_address>
         <size>0x24</size>
         <input_file_ref idref="fl-e"/>
      </object_component>
      <object_component id="oc-3dc">
         <name>.const:uartCC32XXHWAttrs0</name>
         <load_address>0x2000fdfc</load_address>
         <run_address>0x2000fdfc</run_address>
         <size>0x24</size>
         <input_file_ref idref="fl-4"/>
      </object_component>
      <object_component id="oc-2e9">
         <name>.const:.string:pinTable</name>
         <load_address>0x2000fe20</load_address>
         <run_address>0x2000fe20</run_address>
         <size>0x21</size>
         <input_file_ref idref="fl-f"/>
      </object_component>
      <object_component id="oc-2ca">
         <name>.const</name>
         <load_address>0x2000fe41</load_address>
         <run_address>0x2000fe41</run_address>
         <size>0x3</size>
         <input_file_ref idref="fl-4"/>
      </object_component>
      <object_component id="oc-5eb">
         <name>.const:staticFxnTable</name>
         <load_address>0x2000fe44</load_address>
         <run_address>0x2000fe44</run_address>
         <size>0x20</size>
         <input_file_ref idref="fl-12"/>
      </object_component>
      <object_component id="oc-10e">
         <name>.const:g_pulEnRegs</name>
         <load_address>0x2000fe64</load_address>
         <run_address>0x2000fe64</run_address>
         <size>0x18</size>
         <input_file_ref idref="fl-1e"/>
      </object_component>
      <object_component id="oc-6f7">
         <name>.const:g_pulPendRegs</name>
         <load_address>0x2000fe7c</load_address>
         <run_address>0x2000fe7c</run_address>
         <size>0x18</size>
         <input_file_ref idref="fl-1e"/>
      </object_component>
      <object_component id="oc-2b7">
         <name>.const:GPIOCC32XX_config</name>
         <load_address>0x2000fe94</load_address>
         <run_address>0x2000fe94</run_address>
         <size>0x14</size>
         <input_file_ref idref="fl-4"/>
      </object_component>
      <object_component id="oc-304">
         <name>.const:gpioBaseAddresses</name>
         <load_address>0x2000fea8</load_address>
         <run_address>0x2000fea8</run_address>
         <size>0x14</size>
         <input_file_ref idref="fl-f"/>
      </object_component>
      <object_component id="oc-6a9">
         <name>.const:parityType</name>
         <load_address>0x2000febc</load_address>
         <run_address>0x2000febc</run_address>
         <size>0x14</size>
         <input_file_ref idref="fl-12"/>
      </object_component>
      <object_component id="oc-2ec">
         <name>.const:powerResources</name>
         <load_address>0x2000fed0</load_address>
         <run_address>0x2000fed0</run_address>
         <size>0x14</size>
         <input_file_ref idref="fl-f"/>
      </object_component>
      <object_component id="oc-6af">
         <name>.const:dataLength</name>
         <load_address>0x2000fee4</load_address>
         <run_address>0x2000fee4</run_address>
         <size>0x10</size>
         <input_file_ref idref="fl-12"/>
      </object_component>
      <object_component id="oc-2cd">
         <name>.const:UART_config</name>
         <load_address>0x2000fef4</load_address>
         <run_address>0x2000fef4</run_address>
         <size>0xc</size>
         <input_file_ref idref="fl-4"/>
      </object_component>
      <object_component id="oc-2f2">
         <name>.const:outPinTypes</name>
         <load_address>0x2000ff00</load_address>
         <run_address>0x2000ff00</run_address>
         <size>0x8</size>
         <input_file_ref idref="fl-f"/>
      </object_component>
      <object_component id="oc-6ac">
         <name>.const:stopBits</name>
         <load_address>0x2000ff08</load_address>
         <run_address>0x2000ff08</run_address>
         <size>0x8</size>
         <input_file_ref idref="fl-12"/>
      </object_component>
      <object_component id="oc-301">
         <name>.const:.string:interruptType</name>
         <load_address>0x2000ff10</load_address>
         <run_address>0x2000ff10</run_address>
         <size>0x6</size>
         <input_file_ref idref="fl-f"/>
      </object_component>
      <object_component id="oc-2f5">
         <name>.const:inPinTypes</name>
         <load_address>0x2000ff16</load_address>
         <run_address>0x2000ff16</run_address>
         <size>0x6</size>
         <input_file_ref idref="fl-f"/>
      </object_component>
      <object_component id="oc-2ef">
         <name>.const:outPinStrengths</name>
         <load_address>0x2000ff1c</load_address>
         <run_address>0x2000ff1c</run_address>
         <size>0x6</size>
         <input_file_ref idref="fl-f"/>
      </object_component>
      <object_component id="oc-2f8">
         <name>.const:.string:portInterruptIds</name>
         <load_address>0x2000ff22</load_address>
         <run_address>0x2000ff22</run_address>
         <size>0x4</size>
         <input_file_ref idref="fl-f"/>
      </object_component>
      <object_component id="oc-75a">
         <name>.cinit..data.load</name>
         <load_address>0x20010158</load_address>
         <run_address>0x20010158</run_address>
         <size>0xbe</size>
      </object_component>
      <object_component id="oc-758">
         <name>__TI_handler_table</name>
         <load_address>0x20010218</load_address>
         <run_address>0x20010218</run_address>
         <size>0xc</size>
      </object_component>
      <object_component id="oc-75b">
         <name>.cinit..bss.load</name>
         <load_address>0x20010228</load_address>
         <run_address>0x20010228</run_address>
         <size>0x8</size>
      </object_component>
      <object_component id="oc-759">
         <name>__TI_cinit_table</name>
         <load_address>0x20010230</load_address>
         <run_address>0x20010230</run_address>
         <size>0x10</size>
      </object_component>
      <object_component id="oc-3bb">
         <name>.data:gpioPinConfigs</name>
         <load_address>0x2000fbc0</load_address>
         <run_address>0x2000fbc0</run_address>
         <size>0x4</size>
         <input_file_ref idref="fl-4"/>
      </object_component>
      <object_component id="oc-3be">
         <name>.data:gpioCallbackFunctions</name>
         <load_address>0x2000fbbc</load_address>
         <run_address>0x2000fbbc</run_address>
         <size>0x4</size>
         <input_file_ref idref="fl-4"/>
      </object_component>
      <object_component id="oc-35f">
         <name>.data:parkInfo</name>
         <load_address>0x2000fa90</load_address>
         <run_address>0x2000fa90</run_address>
         <size>0xf8</size>
         <input_file_ref idref="fl-4"/>
      </object_component>
      <object_component id="oc-2c7">
         <name>.data</name>
         <load_address>0x2000fbb9</load_address>
         <run_address>0x2000fbb9</run_address>
         <size>0x1</size>
         <input_file_ref idref="fl-e"/>
      </object_component>
      <object_component id="oc-2b4">
         <name>.data</name>
         <load_address>0x2000fb88</load_address>
         <run_address>0x2000fb88</run_address>
         <size>0x9</size>
         <input_file_ref idref="fl-f"/>
      </object_component>
      <object_component id="oc-27b">
         <name>.data:PowerCC32XX_module</name>
         <load_address>0x2000f924</load_address>
         <run_address>0x2000f924</run_address>
         <size>0x16c</size>
         <input_file_ref idref="fl-10"/>
      </object_component>
      <object_component id="oc-3a0">
         <name>.data</name>
         <load_address>0x2000fb91</load_address>
         <run_address>0x2000fb91</run_address>
         <size>0x3</size>
         <input_file_ref idref="fl-16"/>
      </object_component>
      <object_component id="oc-47c">
         <name>.data:SemaphoreP_defaultParams</name>
         <load_address>0x2000fba4</load_address>
         <run_address>0x2000fba4</run_address>
         <size>0x8</size>
         <input_file_ref idref="fl-16"/>
      </object_component>
      <object_component id="oc-476">
         <name>.data</name>
         <load_address>0x2000fbb4</load_address>
         <run_address>0x2000fbb4</run_address>
         <size>0x5</size>
         <input_file_ref idref="fl-17"/>
      </object_component>
      <object_component id="oc-50a">
         <name>.data:HwiP_dispatchTable</name>
         <load_address>0x2000f618</load_address>
         <run_address>0x2000f618</run_address>
         <size>0x30c</size>
         <input_file_ref idref="fl-18"/>
      </object_component>
      <object_component id="oc-513">
         <name>.data</name>
         <load_address>0x2000fbac</load_address>
         <run_address>0x2000fbac</run_address>
         <size>0x8</size>
         <input_file_ref idref="fl-18"/>
      </object_component>
      <object_component id="oc-580">
         <name>.data:$O1$$</name>
         <load_address>0x2000fb9c</load_address>
         <run_address>0x2000fb9c</run_address>
         <size>0x8</size>
         <input_file_ref idref="fl-df"/>
      </object_component>
      <object_component id="oc-1fd">
         <name>.data:$O1$$</name>
         <load_address>0x2000fb94</load_address>
         <run_address>0x2000fb94</run_address>
         <size>0x8</size>
         <input_file_ref idref="fl-e7"/>
      </object_component>
      <object_component id="oc-4fe">
         <name>.bss:uartCC32XXRingBuffer0</name>
         <uninitialized>true</uninitialized>
         <run_address>0x200100f8</run_address>
         <size>0x20</size>
         <input_file_ref idref="fl-4"/>
      </object_component>
      <object_component id="oc-2c3">
         <name>.bss:gpioCallbackInfo</name>
         <uninitialized>true</uninitialized>
         <run_address>0x200100d8</run_address>
         <size>0x20</size>
         <input_file_ref idref="fl-f"/>
      </object_component>
      <object_component id="oc-2ba">
         <name>.bss:powerNotifyObj</name>
         <uninitialized>true</uninitialized>
         <run_address>0x20010118</run_address>
         <size>0x14</size>
         <input_file_ref idref="fl-f"/>
      </object_component>
      <object_component id="oc-2b3">
         <name>.bss</name>
         <uninitialized>true</uninitialized>
         <run_address>0x2001012c</run_address>
         <size>0x4</size>
         <input_file_ref idref="fl-f"/>
      </object_component>
      <object_component id="oc-647">
         <name>.bss</name>
         <uninitialized>true</uninitialized>
         <run_address>0x20010150</run_address>
         <size>0x4</size>
         <input_file_ref idref="fl-17"/>
      </object_component>
      <object_component id="oc-51a">
         <name>.bss</name>
         <uninitialized>true</uninitialized>
         <run_address>0x20010140</run_address>
         <size>0xd</size>
         <input_file_ref idref="fl-1b"/>
      </object_component>
      <object_component id="oc-3db">
         <name>.common:uartCC32XXObjects0</name>
         <uninitialized>true</uninitialized>
         <run_address>0x20010054</run_address>
         <size>0x84</size>
      </object_component>
      <object_component id="oc-656">
         <name>.common:PowerCC32XX_contextSave</name>
         <uninitialized>true</uninitialized>
         <run_address>0x2000ff28</run_address>
         <size>0x12c</size>
      </object_component>
      <object_component id="oc-e1">
         <name>.common:ClockP_ctrl</name>
         <uninitialized>true</uninitialized>
         <run_address>0x20010130</run_address>
         <size>0x10</size>
      </object_component>
      <object_component id="oc-2a">
         <name>.sysmem</name>
         <uninitialized>true</uninitialized>
         <run_address>0x20004040</run_address>
         <size>0x10</size>
         <input_file_ref idref="fl-df"/>
      </object_component>
      <object_component id="oc-75e">
         <name>.sysmem</name>
         <uninitialized>true</uninitialized>
         <run_address>0x20004040</run_address>
         <size>0x0</size>
      </object_component>
      <object_component id="oc-2d">
         <name>.stack</name>
         <uninitialized>true</uninitialized>
         <run_address>0x20003000</run_address>
         <size>0x4</size>
         <input_file_ref idref="fl-e0"/>
      </object_component>
      <object_component id="oc-75d">
         <name>.stack</name>
         <uninitialized>true</uninitialized>
         <run_address>0x20003000</run_address>
         <size>0x0</size>
      </object_component>
      <object_component id="oc-27">
         <name>.resetVecs:retain</name>
         <load_address>0x20004000</load_address>
         <run_address>0x20004000</run_address>
         <size>0x40</size>
         <input_file_ref idref="fl-1a"/>
      </object_component>
      <object_component id="oc-bb">
         <name>.ramVecs</name>
         <uninitialized>true</uninitialized>
         <run_address>0x20000000</run_address>
         <size>0x30c</size>
         <input_file_ref idref="fl-1a"/>
      </object_component>
      <object_component id="oc-14d">
         <name>.debug_info</name>
         <load_address>0x0</load_address>
         <run_address>0x0</run_address>
         <size>0x1c0</size>
         <input_file_ref idref="fl-2"/>
      </object_component>
      <object_component id="oc-11d">
         <name>.debug_info</name>
         <load_address>0x1c0</load_address>
         <run_address>0x1c0</run_address>
         <size>0x158</size>
         <input_file_ref idref="fl-2"/>
      </object_component>
      <object_component id="oc-e7">
         <name>.debug_info</name>
         <load_address>0x318</load_address>
         <run_address>0x318</run_address>
         <size>0x26b</size>
         <input_file_ref idref="fl-2"/>
      </object_component>
      <object_component id="oc-36">
         <name>.debug_info</name>
         <load_address>0x583</load_address>
         <run_address>0x583</run_address>
         <size>0x84</size>
         <input_file_ref idref="fl-2"/>
      </object_component>
      <object_component id="oc-148">
         <name>.debug_info</name>
         <load_address>0x607</load_address>
         <run_address>0x607</run_address>
         <size>0x2a4</size>
         <input_file_ref idref="fl-2"/>
      </object_component>
      <object_component id="oc-21b">
         <name>.debug_info</name>
         <load_address>0x8ab</load_address>
         <run_address>0x8ab</run_address>
         <size>0xef</size>
         <input_file_ref idref="fl-2"/>
      </object_component>
      <object_component id="oc-12f">
         <name>.debug_info</name>
         <load_address>0x99a</load_address>
         <run_address>0x99a</run_address>
         <size>0xbb</size>
         <input_file_ref idref="fl-2"/>
      </object_component>
      <object_component id="oc-23e">
         <name>.debug_info</name>
         <load_address>0xa55</load_address>
         <run_address>0xa55</run_address>
         <size>0x53</size>
         <input_file_ref idref="fl-2"/>
      </object_component>
      <object_component id="oc-1ee">
         <name>.debug_info</name>
         <load_address>0xaa8</load_address>
         <run_address>0xaa8</run_address>
         <size>0x38f</size>
         <input_file_ref idref="fl-3"/>
      </object_component>
      <object_component id="oc-15f">
         <name>.debug_info</name>
         <load_address>0xe37</load_address>
         <run_address>0xe37</run_address>
         <size>0x28a</size>
         <input_file_ref idref="fl-3"/>
      </object_component>
      <object_component id="oc-1ef">
         <name>.debug_info</name>
         <load_address>0x10c1</load_address>
         <run_address>0x10c1</run_address>
         <size>0x4cf</size>
         <input_file_ref idref="fl-3"/>
      </object_component>
      <object_component id="oc-1f4">
         <name>.debug_info</name>
         <load_address>0x1590</load_address>
         <run_address>0x1590</run_address>
         <size>0x5a</size>
         <input_file_ref idref="fl-3"/>
      </object_component>
      <object_component id="oc-239">
         <name>.debug_info</name>
         <load_address>0x15ea</load_address>
         <run_address>0x15ea</run_address>
         <size>0x3b</size>
         <input_file_ref idref="fl-3"/>
      </object_component>
      <object_component id="oc-1a3">
         <name>.debug_info</name>
         <load_address>0x1625</load_address>
         <run_address>0x1625</run_address>
         <size>0x50e</size>
         <input_file_ref idref="fl-4"/>
      </object_component>
      <object_component id="oc-3bc">
         <name>.debug_info</name>
         <load_address>0x1b33</load_address>
         <run_address>0x1b33</run_address>
         <size>0x10b</size>
         <input_file_ref idref="fl-4"/>
      </object_component>
      <object_component id="oc-3bf">
         <name>.debug_info</name>
         <load_address>0x1c3e</load_address>
         <run_address>0x1c3e</run_address>
         <size>0x119</size>
         <input_file_ref idref="fl-4"/>
      </object_component>
      <object_component id="oc-2cb">
         <name>.debug_info</name>
         <load_address>0x1d57</load_address>
         <run_address>0x1d57</run_address>
         <size>0x179</size>
         <input_file_ref idref="fl-4"/>
      </object_component>
      <object_component id="oc-2b8">
         <name>.debug_info</name>
         <load_address>0x1ed0</load_address>
         <run_address>0x1ed0</run_address>
         <size>0x111</size>
         <input_file_ref idref="fl-4"/>
      </object_component>
      <object_component id="oc-27f">
         <name>.debug_info</name>
         <load_address>0x1fe1</load_address>
         <run_address>0x1fe1</run_address>
         <size>0x113</size>
         <input_file_ref idref="fl-4"/>
      </object_component>
      <object_component id="oc-4ff">
         <name>.debug_info</name>
         <load_address>0x20f4</load_address>
         <run_address>0x20f4</run_address>
         <size>0x118</size>
         <input_file_ref idref="fl-4"/>
      </object_component>
      <object_component id="oc-3dd">
         <name>.debug_info</name>
         <load_address>0x220c</load_address>
         <run_address>0x220c</run_address>
         <size>0x112</size>
         <input_file_ref idref="fl-4"/>
      </object_component>
      <object_component id="oc-2ce">
         <name>.debug_info</name>
         <load_address>0x231e</load_address>
         <run_address>0x231e</run_address>
         <size>0x105</size>
         <input_file_ref idref="fl-4"/>
      </object_component>
      <object_component id="oc-360">
         <name>.debug_info</name>
         <load_address>0x2423</load_address>
         <run_address>0x2423</run_address>
         <size>0xff</size>
         <input_file_ref idref="fl-4"/>
      </object_component>
      <object_component id="oc-1b6">
         <name>.debug_info</name>
         <load_address>0x2522</load_address>
         <run_address>0x2522</run_address>
         <size>0x157</size>
         <input_file_ref idref="fl-4"/>
      </object_component>
      <object_component id="oc-153">
         <name>.debug_info</name>
         <load_address>0x2679</load_address>
         <run_address>0x2679</run_address>
         <size>0x18d</size>
         <input_file_ref idref="fl-4"/>
      </object_component>
      <object_component id="oc-225">
         <name>.debug_info</name>
         <load_address>0x2806</load_address>
         <run_address>0x2806</run_address>
         <size>0x878</size>
         <input_file_ref idref="fl-4"/>
      </object_component>
      <object_component id="oc-134">
         <name>.debug_info</name>
         <load_address>0x307e</load_address>
         <run_address>0x307e</run_address>
         <size>0x100</size>
         <input_file_ref idref="fl-4"/>
      </object_component>
      <object_component id="oc-13e">
         <name>.debug_info</name>
         <load_address>0x317e</load_address>
         <run_address>0x317e</run_address>
         <size>0x137</size>
         <input_file_ref idref="fl-4"/>
      </object_component>
      <object_component id="oc-308">
         <name>.debug_info</name>
         <load_address>0x32b5</load_address>
         <run_address>0x32b5</run_address>
         <size>0xf8</size>
         <input_file_ref idref="fl-4"/>
      </object_component>
      <object_component id="oc-220">
         <name>.debug_info</name>
         <load_address>0x33ad</load_address>
         <run_address>0x33ad</run_address>
         <size>0x9a</size>
         <input_file_ref idref="fl-4"/>
      </object_component>
      <object_component id="oc-22f">
         <name>.debug_info</name>
         <load_address>0x3447</load_address>
         <run_address>0x3447</run_address>
         <size>0x518</size>
         <input_file_ref idref="fl-4"/>
      </object_component>
      <object_component id="oc-22a">
[...]
         <value>0x2000ce31</value>
         <object_component_ref idref="oc-4bf"/>
      </symbol>
      <symbol id="sm-586">
         <name>UARTCC32XX_fxnTable</name>
         <value>0x2000fdb0</value>
         <object_component_ref idref="oc-3d8"/>
      </symbol>
      <symbol id="sm-587">
         <name>UARTCC32XX_init</name>
         <value>0x2000d2f3</value>
         <object_component_ref idref="oc-4cb"/>
      </symbol>
      <symbol id="sm-588">
         <name>UARTCC32XX_writePolling</name>
         <value>0x2000e439</value>
         <object_component_ref idref="oc-4ef"/>
      </symbol>
      <symbol id="sm-589">
         <name>UARTCC32XX_writeCancel</name>
         <value>0x2000e36d</value>
         <object_component_ref idref="oc-4f5"/>
      </symbol>
      <symbol id="sm-58a">
         <name>UARTCC32XX_control</name>
         <value>0x2000d051</value>
         <object_component_ref idref="oc-4c5"/>
      </symbol>
      <symbol id="sm-58b">
         <name>UARTCC32XX_open</name>
         <value>0x2000c46d</value>
         <object_component_ref idref="oc-4d1"/>
      </symbol>
      <symbol id="sm-58c">
         <name>UARTCC32XX_readCancel</name>
         <value>0x2000ef01</value>
         <object_component_ref idref="oc-4e3"/>
      </symbol>
      <symbol id="sm-58d">
         <name>UARTCC32XX_write</name>
         <value>0x2000d229</value>
         <object_component_ref idref="oc-4e9"/>
      </symbol>
      <symbol id="sm-58e">
         <name>UARTCC32XX_read</name>
         <value>0x2000eced</value>
         <object_component_ref idref="oc-4d7"/>
      </symbol>
      <symbol id="sm-58f">
         <name>UARTCC32XX_readPolling</name>
         <value>0x2000d479</value>
         <object_component_ref idref="oc-4dd"/>
      </symbol>
      <symbol id="sm-5a7">
         <name>List_remove</name>
         <value>0x2000f15f</value>
         <object_component_ref idref="oc-690"/>
      </symbol>
      <symbol id="sm-5a8">
         <name>List_put</name>
         <value>0x2000f139</value>
         <object_component_ref idref="oc-3a5"/>
      </symbol>
      <symbol id="sm-5d7">
         <name>RingBuf_put</name>
         <value>0x2000ea09</value>
         <object_component_ref idref="oc-706"/>
      </symbol>
      <symbol id="sm-5d8">
         <name>RingBuf_isFull</name>
         <value>0x2000f581</value>
         <object_component_ref idref="oc-70c"/>
      </symbol>
      <symbol id="sm-5d9">
         <name>RingBuf_construct</name>
         <value>0x2000f48f</value>
         <object_component_ref idref="oc-5c1"/>
      </symbol>
      <symbol id="sm-5da">
         <name>RingBuf_peek</name>
         <value>0x2000f231</value>
         <object_component_ref idref="oc-5b3"/>
      </symbol>
      <symbol id="sm-5db">
         <name>RingBuf_get</name>
         <value>0x2000ecad</value>
         <object_component_ref idref="oc-60e"/>
      </symbol>
      <symbol id="sm-656">
         <name>SemaphoreP_defaultParams</name>
         <value>0x2000fba4</value>
         <object_component_ref idref="oc-47c"/>
      </symbol>
      <symbol id="sm-657">
         <name>SemaphoreP_construct</name>
         <value>0x2000e7b5</value>
         <object_component_ref idref="oc-480"/>
      </symbol>
      <symbol id="sm-658">
         <name>SemaphoreP_create</name>
         <value>0x2000f3ed</value>
         <object_component_ref idref="oc-36a"/>
      </symbol>
      <symbol id="sm-659">
         <name>SemaphoreP_post</name>
         <value>0x2000eb1d</value>
         <object_component_ref idref="oc-2ad"/>
      </symbol>
      <symbol id="sm-65a">
         <name>SemaphoreP_pend</name>
         <value>0x2000da95</value>
         <object_component_ref idref="oc-29b"/>
      </symbol>
      <symbol id="sm-65b">
         <name>SemaphoreP_delete</name>
         <value>0x2000f60d</value>
         <object_component_ref idref="oc-295"/>
      </symbol>
      <symbol id="sm-65c">
         <name>SemaphoreP_createBinary</name>
         <value>0x2000f2fb</value>
         <object_component_ref idref="oc-283"/>
      </symbol>
      <symbol id="sm-65d">
         <name>SemaphoreP_Params_init</name>
         <value>0x2000f545</value>
         <object_component_ref idref="oc-364"/>
      </symbol>
      <symbol id="sm-65e">
         <name>clkFxn</name>
         <value>0x2000e3d3</value>
         <object_component_ref idref="oc-39a"/>
      </symbol>
      <symbol id="sm-748">
         <name>ClockP_ctrl</name>
         <value>0x20010130</value>
      </symbol>
      <symbol id="sm-749">
         <name>ClockP_delete</name>
         <value>0x2000f4d3</value>
         <object_component_ref idref="oc-58e"/>
      </symbol>
      <symbol id="sm-74a">
         <name>ClockP_doTick</name>
         <value>0x2000e765</value>
         <object_component_ref idref="oc-79"/>
      </symbol>
      <symbol id="sm-74b">
         <name>ClockP_setTimeout</name>
         <value>0x2000f605</value>
         <object_component_ref idref="oc-713"/>
      </symbol>
      <symbol id="sm-74c">
         <name>ClockP_startup</name>
         <value>0x2000ef6d</value>
         <object_component_ref idref="oc-526"/>
      </symbol>
      <symbol id="sm-74d">
         <name>ClockP_stop</name>
         <value>0x2000ea51</value>
         <object_component_ref idref="oc-4a8"/>
      </symbol>
      <symbol id="sm-74e">
         <name>ClockP_construct</name>
         <value>0x2000ec2d</value>
         <object_component_ref idref="oc-6a2"/>
      </symbol>
      <symbol id="sm-74f">
         <name>ClockP_getTicksUntilInterrupt</name>
         <value>0x2000ef39</value>
         <object_component_ref idref="oc-442"/>
      </symbol>
      <symbol id="sm-750">
         <name>ClockP_setTicks</name>
         <value>0x2000f505</value>
         <object_component_ref idref="oc-46a"/>
      </symbol>
      <symbol id="sm-751">
         <name>ClockP_tickPeriod</name>
         <value>0x2000fbb4</value>
         <object_component_ref idref="oc-476"/>
      </symbol>
      <symbol id="sm-752">
         <name>ClockP_create</name>
         <value>0x2000f2e1</value>
         <object_component_ref idref="oc-5df"/>
      </symbol>
      <symbol id="sm-753">
         <name>ClockP_Params_init</name>
         <value>0x2000f5b5</value>
         <object_component_ref idref="oc-5d9"/>
      </symbol>
      <symbol id="sm-754">
         <name>ClockP_getSystemTicks</name>
         <value>0x2000f4f5</value>
         <object_component_ref idref="oc-44e"/>
      </symbol>
      <symbol id="sm-755">
         <name>ClockP_destruct</name>
         <value>0x2000ed6d</value>
         <object_component_ref idref="oc-394"/>
      </symbol>
      <symbol id="sm-756">
         <name>ClockP_start</name>
         <value>0x2000f009</value>
         <object_component_ref idref="oc-382"/>
      </symbol>
      <symbol id="sm-757">
         <name>ClockP_sysTickHandler</name>
         <value>0x2000e765</value>
         <object_component_ref idref="oc-79"/>
      </symbol>
      <symbol id="sm-758">
         <name>ClockP_isActive</name>
         <value>0x2000f5bf</value>
         <object_component_ref idref="oc-38e"/>
      </symbol>
      <symbol id="sm-759">
         <name>ClockP_getCpuFreq</name>
         <value>0x2000f4e5</value>
         <object_component_ref idref="oc-430"/>
      </symbol>
      <symbol id="sm-75a">
         <name>ClockP_add</name>
         <value>0x2000f4c3</value>
         <object_component_ref idref="oc-37c"/>
      </symbol>
      <symbol id="sm-7db">
         <name>HwiP_delete</name>
         <value>0x2000f515</value>
         <object_component_ref idref="oc-588"/>
      </symbol>
      <symbol id="sm-7dc">
         <name>HwiP_construct</name>
         <value>0x2000dd91</value>
         <object_component_ref idref="oc-3ea"/>
      </symbol>
      <symbol id="sm-7dd">
         <name>HwiP_inISR</name>
         <value>0x2000f419</value>
         <object_component_ref idref="oc-3ac"/>
      </symbol>
      <symbol id="sm-7de">
         <name>HwiP_dispatch</name>
         <value>0x2000f185</value>
         <object_component_ref idref="oc-50d"/>
      </symbol>
      <symbol id="sm-7df">
         <name>HwiP_destruct</name>
         <value>0x2000f1f1</value>
         <object_component_ref idref="oc-687"/>
      </symbol>
      <symbol id="sm-7e0">
         <name>HwiP_swiPIntNum</name>
         <value>0x2000fbb0</value>
         <object_component_ref idref="oc-513"/>
      </symbol>
      <symbol id="sm-7e1">
         <name>HwiP_Params_init</name>
         <value>0x2000f47d</value>
         <object_component_ref idref="oc-2dd"/>
      </symbol>
      <symbol id="sm-7e2">
         <name>HwiP_disable</name>
         <value>0x2000f565</value>
         <object_component_ref idref="oc-289"/>
      </symbol>
      <symbol id="sm-7e3">
         <name>HwiP_key</name>
         <value>0x2000fbac</value>
         <object_component_ref idref="oc-513"/>
      </symbol>
      <symbol id="sm-7e4">
         <name>HwiP_create</name>
         <value>0x2000f095</value>
         <object_component_ref idref="oc-2e3"/>
      </symbol>
      <symbol id="sm-7e5">
         <name>HwiP_post</name>
         <value>0x2000f609</value>
         <object_component_ref idref="oc-56d"/>
      </symbol>
      <symbol id="sm-7e6">
         <name>HwiP_enable</name>
         <value>0x2000f573</value>
         <object_component_ref idref="oc-158"/>
      </symbol>
      <symbol id="sm-7e7">
         <name>HwiP_restore</name>
         <value>0x2000f525</value>
         <object_component_ref idref="oc-28f"/>
      </symbol>
      <symbol id="sm-817">
         <name>PowerCC32XX_initPolicy</name>
         <value>0x2000d143</value>
         <object_component_ref idref="oc-353"/>
      </symbol>
      <symbol id="sm-818">
         <name>PowerCC32XX_sleepPolicy</name>
         <value>0x2000c8d9</value>
         <object_component_ref idref="oc-359"/>
      </symbol>
      <symbol id="sm-86d">
         <name>resetISR</name>
         <value>0x2000f315</value>
         <object_component_ref idref="oc-21"/>
      </symbol>
      <symbol id="sm-86e">
         <name>resetVectorAddr</name>
         <value>0x2000f328</value>
         <object_component_ref idref="oc-21"/>
      </symbol>
      <symbol id="sm-86f">
         <name>initVectors</name>
         <value>0x2000ee91</value>
         <object_component_ref idref="oc-59"/>
      </symbol>
      <symbol id="sm-870">
         <name>resetVectors</name>
         <value>0x20004000</value>
         <object_component_ref idref="oc-27"/>
      </symbol>
      <symbol id="sm-8a0">
         <name>SwiP_disable</name>
         <value>0x2000f28d</value>
         <object_component_ref idref="oc-436"/>
      </symbol>
      <symbol id="sm-8a1">
         <name>SwiP_restore</name>
         <value>0x2000eb61</value>
         <object_component_ref idref="oc-470"/>
      </symbol>
      <symbol id="sm-8ac">
         <name>CPUcpsid</name>
         <value>0x2000f403</value>
         <object_component_ref idref="oc-a3"/>
      </symbol>
      <symbol id="sm-8f1">
         <name>IntVTableBaseSet</name>
         <value>0x2000f42d</value>
         <object_component_ref idref="oc-af"/>
      </symbol>
      <symbol id="sm-8f2">
         <name>IntEnable</name>
         <value>0x2000d801</value>
         <object_component_ref idref="oc-b5"/>
      </symbol>
      <symbol id="sm-8f3">
         <name>IntMasterDisable</name>
         <value>0x2000f5c9</value>
         <object_component_ref idref="oc-53"/>
      </symbol>
      <symbol id="sm-8f4">
         <name>IntPendSet</name>
         <value>0x2000de1d</value>
         <object_component_ref idref="oc-67b"/>
      </symbol>
      <symbol id="sm-92e">
         <name>PinModeGet</name>
         <value>0x2000efa1</value>
         <object_component_ref idref="oc-268"/>
      </symbol>
      <symbol id="sm-92f">
         <name>PinConfigSet</name>
         <value>0x2000dea5</value>
         <object_component_ref idref="oc-2d1"/>
      </symbol>
      <symbol id="sm-930">
         <name>PinModeSet</name>
         <value>0x2000ec6d</value>
         <object_component_ref idref="oc-26e"/>
      </symbol>
      <symbol id="sm-931">
         <name>PinToPadGet</name>
         <value>0x2000f271</value>
         <object_component_ref idref="oc-5ac"/>
      </symbol>
      <symbol id="sm-9fa">
         <name>PRCMLPDSRestoreInfoSet</name>
         <value>0x2000ea95</value>
         <object_component_ref idref="oc-65d"/>
      </symbol>
      <symbol id="sm-9fb">
         <name>PRCMPeripheralReset</name>
         <value>0x2000e60d</value>
         <object_component_ref idref="oc-25c"/>
      </symbol>
      <symbol id="sm-9fc">
         <name>PRCMLPDSEnter</name>
         <value>0x2000e931</value>
         <object_component_ref idref="oc-55e"/>
      </symbol>
      <symbol id="sm-9fd">
         <name>PRCMPeripheralClkEnable</name>
         <value>0x2000e979</value>
         <object_component_ref idref="oc-256"/>
      </symbol>
      <symbol id="sm-9fe">
         <name>PRCMLPDSEnterKeepDebugIf</name>
         <value>0x2000ee21</value>
         <object_component_ref idref="oc-564"/>
      </symbol>
      <symbol id="sm-9ff">
         <name>PRCMCC3200MCUInit</name>
         <value>0x2000c041</value>
         <object_component_ref idref="oc-1a9"/>
      </symbol>
      <symbol id="sm-a00">
         <name>PRCMHIBRegWrite</name>
         <value>0x2000f3d7</value>
         <object_component_ref idref="oc-24a"/>
      </symbol>
      <symbol id="sm-a01">
         <name>PRCMSysResetCauseGet</name>
         <value>0x2000e49d</value>
         <object_component_ref idref="oc-243"/>
      </symbol>
      <symbol id="sm-a02">
         <name>PRCMPeripheralClkDisable</name>
         <value>0x2000f0c1</value>
         <object_component_ref idref="oc-262"/>
      </symbol>
      <symbol id="sm-a03">
         <name>PRCMHIBRegRead</name>
         <value>0x2000f3c1</value>
         <object_component_ref idref="oc-250"/>
      </symbol>
      <symbol id="sm-a17">
         <name>UARTBusy</name>
         <value>0x2000f361</value>
         <object_component_ref idref="oc-616"/>
      </symbol>
      <symbol id="sm-a18">
         <name>UARTIntEnable</name>
         <value>0x2000f379</value>
         <object_component_ref idref="oc-6e6"/>
      </symbol>
      <symbol id="sm-a1c">
         <name>UtilsDelay</name>
         <value>0x2000f5ff</value>
         <object_component_ref idref="oc-249"/>
      </symbol>
      <symbol id="sm-a2c">
         <name>FlashDisable</name>
         <value>0x2000e8e9</value>
         <object_component_ref idref="oc-673"/>
      </symbol>
      <symbol id="sm-a35">
         <name>__aeabi_lmul</name>
         <value>0x2000f3a9</value>
         <object_component_ref idref="oc-465"/>
      </symbol>
      <symbol id="sm-a50">
         <name>memcpy</name>
         <value>0x2000db35</value>
         <object_component_ref idref="oc-3b"/>
      </symbol>
      <symbol id="sm-a51">
         <name>__aeabi_memcpy</name>
         <value>0x2000db35</value>
         <object_component_ref idref="oc-3b"/>
      </symbol>
      <symbol id="sm-a52">
         <name>__aeabi_memcpy8</name>
         <value>0x2000db35</value>
         <object_component_ref idref="oc-3b"/>
      </symbol>
      <symbol id="sm-a53">
         <name>__aeabi_memcpy4</name>
         <value>0x2000db35</value>
         <object_component_ref idref="oc-3b"/>
      </symbol>
      <symbol id="sm-a60">
         <name>__aeabi_uldivmod</name>
         <value>0x2000dc69</value>
         <object_component_ref idref="oc-45a"/>
      </symbol>
      <symbol id="sm-a74">
         <name>__TI_zero_init_nomemset</name>
         <value>0x2000f2a9</value>
         <object_component_ref idref="oc-47"/>
      </symbol>
      <symbol id="sm-a8b">
         <name>__TI_decompress_none</name>
         <value>0x2000f58f</value>
         <object_component_ref idref="oc-1a"/>
      </symbol>
      <symbol id="sm-aae">
         <name>__TI_decompress_lzss</name>
         <value>0x2000e305</value>
         <object_component_ref idref="oc-14"/>
      </symbol>
      <symbol id="sm-b37">
         <name>_sys_memory</name>
         <value>0x20004040</value>
         <object_component_ref idref="oc-2a"/>
      </symbol>
      <symbol id="sm-b38">
         <name>free</name>
         <value>0x2000d145</value>
         <object_component_ref idref="oc-375"/>
      </symbol>
      <symbol id="sm-b39">
         <name>memalign</name>
         <value>0x2000cf51</value>
         <object_component_ref idref="oc-503"/>
      </symbol>
      <symbol id="sm-b3a">
         <name>malloc</name>
         <value>0x2000f5e7</value>
         <object_component_ref idref="oc-3e4"/>
      </symbol>
      <symbol id="sm-b3b">
         <name>aligned_alloc</name>
         <value>0x2000cf51</value>
         <object_component_ref idref="oc-503"/>
      </symbol>
      <symbol id="sm-b4d">
         <name>__stack</name>
         <value>0x20003000</value>
         <object_component_ref idref="oc-2d"/>
      </symbol>
      <symbol id="sm-b4e">
         <name>_c_int00_noargs</name>
         <value>0x2000f1cd</value>
         <object_component_ref idref="oc-c5"/>
      </symbol>
      <symbol id="sm-b58">
         <name>__aeabi_idiv0</name>
         <value>0x2000ee1f</value>
         <object_component_ref idref="oc-52f"/>
      </symbol>
      <symbol id="sm-b59">
         <name>__aeabi_ldiv0</name>
         <value>0x2000ee1f</value>
         <object_component_ref idref="oc-52f"/>
      </symbol>
      <symbol id="sm-b82">
         <name>__TI_auto_init_nobinit_nopinit</name>
         <value>0x2000ebe9</value>
         <object_component_ref idref="oc-171"/>
      </symbol>
      <symbol id="sm-b8c">
         <name>_system_pre_init</name>
         <value>0x2000f611</value>
         <object_component_ref idref="oc-114"/>
      </symbol>
      <symbol id="sm-b98">
         <name>C$$EXIT</name>
         <value>0x2000f615</value>
         <object_component_ref idref="oc-165"/>
      </symbol>
      <symbol id="sm-b99">
         <name>abort</name>
         <value>0x2000f615</value>
         <object_component_ref idref="oc-165"/>
      </symbol>
      <symbol id="sm-bae">
         <name>_nop</name>
         <value>0x2000d533</value>
         <object_component_ref idref="oc-31b"/>
      </symbol>
      <symbol id="sm-baf">
         <name>_lock</name>
         <value>0x2000fb94</value>
         <object_component_ref idref="oc-1fd"/>
      </symbol>
      <symbol id="sm-bb0">
         <name>_unlock</name>
         <value>0x2000fb98</value>
         <object_component_ref idref="oc-1fd"/>
      </symbol>
      <symbol id="sm-bb2">
         <name>__TI_static_base__</name>
         <value>0x20010158</value>
      </symbol>
      <symbol id="sm-bb5">
         <name>ITM_flush</name>
         <value>0x0</value>
      </symbol>
      <symbol id="sm-bb6">
         <name>ITM_restore</name>
         <value>0x0</value>
      </symbol>
      <symbol id="sm-bb7">
         <name>__mpu_init</name>
         <value>0x0</value>
      </symbol>
      <symbol id="sm-bb8">
         <name>_system_post_cinit</name>
         <value>0x0</value>
      </symbol>
      <symbol id="sm-bb9">
         <name>NoRTOS_start</name>
         <value>0x2000f573</value>
      </symbol>
   </symbol_table>
   <title>Link successful</title>
</link_info>
